Archive member included to satisfy reference by file (symbol)

C:/ST/STM32CubeIDE_1.16.1/STM32CubeIDE/plugins/com.st.stm32cube.ide.mcu.externaltools.gnu-tools-for-stm32.13.3.rel1.win32_1.0.0.202411081344/tools/bin/../lib/gcc/arm-none-eabi/13.3.1/../../../../arm-none-eabi/lib/thumb/v7e-m+dp/hard\libc_nano.a(libc_a-exit.o)
                              C:/ST/STM32CubeIDE_1.16.1/STM32CubeIDE/plugins/com.st.stm32cube.ide.mcu.externaltools.gnu-tools-for-stm32.13.3.rel1.win32_1.0.0.202411081344/tools/bin/../lib/gcc/arm-none-eabi/13.3.1/../../../../arm-none-eabi/lib/thumb/v7e-m+dp/hard/crt0.o (exit)
C:/ST/STM32CubeIDE_1.16.1/STM32CubeIDE/plugins/com.st.stm32cube.ide.mcu.externaltools.gnu-tools-for-stm32.13.3.rel1.win32_1.0.0.202411081344/tools/bin/../lib/gcc/arm-none-eabi/13.3.1/../../../../arm-none-eabi/lib/thumb/v7e-m+dp/hard\libc_nano.a(libc_a-findfp.o)
                              C:/ST/STM32CubeIDE_1.16.1/STM32CubeIDE/plugins/com.st.stm32cube.ide.mcu.externaltools.gnu-tools-for-stm32.13.3.rel1.win32_1.0.0.202411081344/tools/bin/../lib/gcc/arm-none-eabi/13.3.1/../../../../arm-none-eabi/lib/thumb/v7e-m+dp/hard\libc_nano.a(libc_a-exit.o) (__stdio_exit_handler)
C:/ST/STM32CubeIDE_1.16.1/STM32CubeIDE/plugins/com.st.stm32cube.ide.mcu.externaltools.gnu-tools-for-stm32.13.3.rel1.win32_1.0.0.202411081344/tools/bin/../lib/gcc/arm-none-eabi/13.3.1/../../../../arm-none-eabi/lib/thumb/v7e-m+dp/hard\libc_nano.a(libc_a-fwalk.o)
                              C:/ST/STM32CubeIDE_1.16.1/STM32CubeIDE/plugins/com.st.stm32cube.ide.mcu.externaltools.gnu-tools-for-stm32.13.3.rel1.win32_1.0.0.202411081344/tools/bin/../lib/gcc/arm-none-eabi/13.3.1/../../../../arm-none-eabi/lib/thumb/v7e-m+dp/hard\libc_nano.a(libc_a-findfp.o) (_fwalk_sglue)
C:/ST/STM32CubeIDE_1.16.1/STM32CubeIDE/plugins/com.st.stm32cube.ide.mcu.externaltools.gnu-tools-for-stm32.13.3.rel1.win32_1.0.0.202411081344/tools/bin/../lib/gcc/arm-none-eabi/13.3.1/../../../../arm-none-eabi/lib/thumb/v7e-m+dp/hard\libc_nano.a(libc_a-stdio.o)
                              C:/ST/STM32CubeIDE_1.16.1/STM32CubeIDE/plugins/com.st.stm32cube.ide.mcu.externaltools.gnu-tools-for-stm32.13.3.rel1.win32_1.0.0.202411081344/tools/bin/../lib/gcc/arm-none-eabi/13.3.1/../../../../arm-none-eabi/lib/thumb/v7e-m+dp/hard\libc_nano.a(libc_a-findfp.o) (__sread)
C:/ST/STM32CubeIDE_1.16.1/STM32CubeIDE/plugins/com.st.stm32cube.ide.mcu.externaltools.gnu-tools-for-stm32.13.3.rel1.win32_1.0.0.202411081344/tools/bin/../lib/gcc/arm-none-eabi/13.3.1/../../../../arm-none-eabi/lib/thumb/v7e-m+dp/hard\libc_nano.a(libc_a-memset.o)
                              C:/ST/STM32CubeIDE_1.16.1/STM32CubeIDE/plugins/com.st.stm32cube.ide.mcu.externaltools.gnu-tools-for-stm32.13.3.rel1.win32_1.0.0.202411081344/tools/bin/../lib/gcc/arm-none-eabi/13.3.1/../../../../arm-none-eabi/lib/thumb/v7e-m+dp/hard/crt0.o (memset)
C:/ST/STM32CubeIDE_1.16.1/STM32CubeIDE/plugins/com.st.stm32cube.ide.mcu.externaltools.gnu-tools-for-stm32.13.3.rel1.win32_1.0.0.202411081344/tools/bin/../lib/gcc/arm-none-eabi/13.3.1/../../../../arm-none-eabi/lib/thumb/v7e-m+dp/hard\libc_nano.a(libc_a-closer.o)
                              C:/ST/STM32CubeIDE_1.16.1/STM32CubeIDE/plugins/com.st.stm32cube.ide.mcu.externaltools.gnu-tools-for-stm32.13.3.rel1.win32_1.0.0.202411081344/tools/bin/../lib/gcc/arm-none-eabi/13.3.1/../../../../arm-none-eabi/lib/thumb/v7e-m+dp/hard\libc_nano.a(libc_a-stdio.o) (_close_r)
C:/ST/STM32CubeIDE_1.16.1/STM32CubeIDE/plugins/com.st.stm32cube.ide.mcu.externaltools.gnu-tools-for-stm32.13.3.rel1.win32_1.0.0.202411081344/tools/bin/../lib/gcc/arm-none-eabi/13.3.1/../../../../arm-none-eabi/lib/thumb/v7e-m+dp/hard\libc_nano.a(libc_a-reent.o)
                              C:/ST/STM32CubeIDE_1.16.1/STM32CubeIDE/plugins/com.st.stm32cube.ide.mcu.externaltools.gnu-tools-for-stm32.13.3.rel1.win32_1.0.0.202411081344/tools/bin/../lib/gcc/arm-none-eabi/13.3.1/../../../../arm-none-eabi/lib/thumb/v7e-m+dp/hard\libc_nano.a(libc_a-closer.o) (errno)
C:/ST/STM32CubeIDE_1.16.1/STM32CubeIDE/plugins/com.st.stm32cube.ide.mcu.externaltools.gnu-tools-for-stm32.13.3.rel1.win32_1.0.0.202411081344/tools/bin/../lib/gcc/arm-none-eabi/13.3.1/../../../../arm-none-eabi/lib/thumb/v7e-m+dp/hard\libc_nano.a(libc_a-impure.o)
                              C:/ST/STM32CubeIDE_1.16.1/STM32CubeIDE/plugins/com.st.stm32cube.ide.mcu.externaltools.gnu-tools-for-stm32.13.3.rel1.win32_1.0.0.202411081344/tools/bin/../lib/gcc/arm-none-eabi/13.3.1/../../../../arm-none-eabi/lib/thumb/v7e-m+dp/hard\libc_nano.a(libc_a-reent.o) (_impure_ptr)
C:/ST/STM32CubeIDE_1.16.1/STM32CubeIDE/plugins/com.st.stm32cube.ide.mcu.externaltools.gnu-tools-for-stm32.13.3.rel1.win32_1.0.0.202411081344/tools/bin/../lib/gcc/arm-none-eabi/13.3.1/../../../../arm-none-eabi/lib/thumb/v7e-m+dp/hard\libc_nano.a(libc_a-lseekr.o)
[...]
Memory Configuration

Name             Origin             Length             Attributes
ITCMRAM          0x00000000         0x00010000         xrw
FLASH            0x08000000         0x00080000         xr
FLASH2           0x08100000         0x00080000         xr
DTCMRAM1         0x20000000         0x00010000         xrw
DTCMRAM2         0x20010000         0x00010000         xrw
RAM              0x24000000         0x00100000         xrw
RAM_CD           0x30000000         0x00020000         xrw
RAM_SRD          0x38000000         0x00008000         xrw
*default*        0x00000000         0xffffffff

Linker script and memory map

LOAD C:/ST/STM32CubeIDE_1.16.1/STM32CubeIDE/plugins/com.st.stm32cube.ide.mcu.externaltools.gnu-tools-for-stm32.13.3.rel1.win32_1.0.0.202411081344/tools/bin/../lib/gcc/arm-none-eabi/13.3.1/thumb/v7e-m+dp/hard/crti.o
LOAD C:/ST/STM32CubeIDE_1.16.1/STM32CubeIDE/plugins/com.st.stm32cube.ide.mcu.externaltools.gnu-tools-for-stm32.13.3.rel1.win32_1.0.0.202411081344/tools/bin/../lib/gcc/arm-none-eabi/13.3.1/thumb/v7e-m+dp/hard/crtbegin.o
LOAD C:/ST/STM32CubeIDE_1.16.1/STM32CubeIDE/plugins/com.st.stm32cube.ide.mcu.externaltools.gnu-tools-for-stm32.13.3.rel1.win32_1.0.0.202411081344/tools/bin/../lib/gcc/arm-none-eabi/13.3.1/../../../../arm-none-eabi/lib/thumb/v7e-m+dp/hard/crt0.o
LOAD Core\Src\fingerprint_sensor.o
LOAD Core\Src\flash.o
LOAD Core\Src\keypad.o
LOAD Core\Src\lcd.o
LOAD Core\Src\main.o
LOAD Core\Src\stm32h7xx_hal_msp.o
LOAD Core\Src\stm32h7xx_it.o
LOAD Core\Src\syscalls.o
LOAD Core\Src\sysmem.o
LOAD Core\Src\system_stm32h7xx.o
LOAD Core\Startup\startup_stm32h7a3rgtx.o
LOAD Drivers\STM32H7xx_HAL_Driver\Src\stm32h7xx_hal.o
LOAD Drivers\STM32H7xx_HAL_Driver\Src\stm32h7xx_hal_cortex.o
LOAD Drivers\STM32H7xx_HAL_Driver\Src\stm32h7xx_hal_dma.o
LOAD Drivers\STM32H7xx_HAL_Driver\Src\stm32h7xx_hal_dma_ex.o
LOAD Drivers\STM32H7xx_HAL_Driver\Src\stm32h7xx_hal_exti.o
LOAD Drivers\STM32H7xx_HAL_Driver\Src\stm32h7xx_hal_flash.o
LOAD Drivers\STM32H7xx_HAL_Driver\Src\stm32h7xx_hal_flash_ex.o
LOAD Drivers\STM32H7xx_HAL_Driver\Src\stm32h7xx_hal_gpio.o
LOAD Drivers\STM32H7xx_HAL_Driver\Src\stm32h7xx_hal_hsem.o
LOAD Drivers\STM32H7xx_HAL_Driver\Src\stm32h7xx_hal_i2c.o
LOAD Drivers\STM32H7xx_HAL_Driver\Src\stm32h7xx_hal_i2c_ex.o
LOAD Drivers\STM32H7xx_HAL_Driver\Src\stm32h7xx_hal_mdma.o
LOAD Drivers\STM32H7xx_HAL_Driver\Src\stm32h7xx_hal_pcd.o
LOAD Drivers\STM32H7xx_HAL_Driver\Src\stm32h7xx_hal_pcd_ex.o
LOAD Drivers\STM32H7xx_HAL_Driver\Src\stm32h7xx_hal_pwr.o
LOAD Drivers\STM32H7xx_HAL_Driver\Src\stm32h7xx_hal_pwr_ex.o
LOAD Drivers\STM32H7xx_HAL_Driver\Src\stm32h7xx_hal_rcc.o
LOAD Drivers\STM32H7xx_HAL_Driver\Src\stm32h7xx_hal_rcc_ex.o
LOAD Drivers\STM32H7xx_HAL_Driver\Src\stm32h7xx_hal_spi.o
LOAD Drivers\STM32H7xx_HAL_Driver\Src\stm32h7xx_hal_spi_ex.o
LOAD Drivers\STM32H7xx_HAL_Driver\Src\stm32h7xx_hal_tim.o
LOAD Drivers\STM32H7xx_HAL_Driver\Src\stm32h7xx_hal_tim_ex.o
LOAD Drivers\STM32H7xx_HAL_Driver\Src\stm32h7xx_hal_uart.o
LOAD Drivers\STM32H7xx_HAL_Driver\Src\stm32h7xx_hal_uart_ex.o
LOAD Drivers\STM32H7xx_HAL_Driver\Src\stm32h7xx_ll_usb.o
LOAD Middlewares\ST\STM32_USB_Device_Library\Class\MSC\Src\usbd_msc.o
LOAD Middlewares\ST\STM32_USB_Device_Library\Class\MSC\Src\usbd_msc_bot.o
LOAD Middlewares\ST\STM32_USB_Device_Library\Class\MSC\Src\usbd_msc_data.o
LOAD Middlewares\ST\STM32_USB_Device_Library\Class\MSC\Src\usbd_msc_scsi.o
LOAD Middlewares\ST\STM32_USB_Device_Library\Core\Src\usbd_core.o
LOAD Middlewares\ST\STM32_USB_Device_Library\Core\Src\usbd_ctlreq.o
LOAD Middlewares\ST\STM32_USB_Device_Library\Core\Src\usbd_ioreq.o
LOAD USB_DEVICE\App\usb_device.o
LOAD USB_DEVICE\App\usbd_desc.o
LOAD USB_DEVICE\App\usbd_storage_if.o
LOAD USB_DEVICE\Target\usbd_conf.o
START GROUP
LOAD C:/ST/STM32CubeIDE_1.16.1/STM32CubeIDE/plugins/com.st.stm32cube.ide.mcu.externaltools.gnu-tools-for-stm32.13.3.rel1.win32_1.0.0.202411081344/tools/bin/../lib/gcc/arm-none-eabi/13.3.1/../../../../arm-none-eabi/lib/thumb/v7e-m+dp/hard\libc_nano.a
LOAD C:/ST/STM32CubeIDE_1.16.1/STM32CubeIDE/plugins/com.st.stm32cube.ide.mcu.externaltools.gnu-tools-for-stm32.13.3.rel1.win32_1.0.0.202411081344/tools/bin/../lib/gcc/arm-none-eabi/13.3.1/../../../../arm-none-eabi/lib/thumb/v7e-m+dp/hard\libm.a
END GROUP
START GROUP
LOAD C:/ST/STM32CubeIDE_1.16.1/STM32CubeIDE/plugins/com.st.stm32cube.ide.mcu.externaltools.gnu-tools-for-stm32.13.3.rel1.win32_1.0.0.202411081344/tools/bin/../lib/gcc/arm-none-eabi/13.3.1/thumb/v7e-m+dp/hard\libgcc.a
LOAD C:/ST/STM32CubeIDE_1.16.1/STM32CubeIDE/plugins/com.st.stm32cube.ide.mcu.externaltools.gnu-tools-for-stm32.13.3.rel1.win32_1.0.0.202411081344/tools/bin/../lib/gcc/arm-none-eabi/13.3.1/../../../../arm-none-eabi/lib/thumb/v7e-m+dp/hard\libc_nano.a
END GROUP
START GROUP
LOAD C:/ST/STM32CubeIDE_1.16.1/STM32CubeIDE/plugins/com.st.stm32cube.ide.mcu.externaltools.gnu-tools-for-stm32.13.3.rel1.win32_1.0.0.202411081344/tools/bin/../lib/gcc/arm-none-eabi/13.3.1/thumb/v7e-m+dp/hard\libgcc.a
LOAD C:/ST/STM32CubeIDE_1.16.1/STM32CubeIDE/plugins/com.st.stm32cube.ide.mcu.externaltools.gnu-tools-for-stm32.13.3.rel1.win32_1.0.0.202411081344/tools/bin/../lib/gcc/arm-none-eabi/13.3.1/../../../../arm-none-eabi/lib/thumb/v7e-m+dp/hard\libc_nano.a
LOAD C:/ST/STM32CubeIDE_1.16.1/STM32CubeIDE/plugins/com.st.stm32cube.ide.mcu.externaltools.gnu-tools-for-stm32.13.3.rel1.win32_1.0.0.202411081344/tools/bin/../lib/gcc/arm-none-eabi/13.3.1/../../../../arm-none-eabi/lib/thumb/v7e-m+dp/hard\libnosys.a
END GROUP
START GROUP
LOAD C:/ST/STM32CubeIDE_1.16.1/STM32CubeIDE/plugins/com.st.stm32cube.ide.mcu.externaltools.gnu-tools-for-stm32.13.3.rel1.win32_1.0.0.202411081344/tools/bin/../lib/gcc/arm-none-eabi/13.3.1/thumb/v7e-m+dp/hard\libgcc.a
LOAD C:/ST/STM32CubeIDE_1.16.1/STM32CubeIDE/plugins/com.st.stm32cube.ide.mcu.externaltools.gnu-tools-for-stm32.13.3.rel1.win32_1.0.0.202411081344/tools/bin/../lib/gcc/arm-none-eabi/13.3.1/../../../../arm-none-eabi/lib/thumb/v7e-m+dp/hard\libc_nano.a
LOAD C:/ST/STM32CubeIDE_1.16.1/STM32CubeIDE/plugins/com.st.stm32cube.ide.mcu.externaltools.gnu-tools-for-stm32.13.3.rel1.win32_1.0.0.202411081344/tools/bin/../lib/gcc/arm-none-eabi/13.3.1/../../../../arm-none-eabi/lib/thumb/v7e-m+dp/hard\libnosys.a
END GROUP
LOAD C:/ST/STM32CubeIDE_1.16.1/STM32CubeIDE/plugins/com.st.stm32cube.ide.mcu.externaltools.gnu-tools-for-stm32.13.3.rel1.win32_1.0.0.202411081344/tools/bin/../lib/gcc/arm-none-eabi/13.3.1/thumb/v7e-m+dp/hard/crtend.o
LOAD C:/ST/STM32CubeIDE_1.16.1/STM32CubeIDE/plugins/com.st.stm32cube.ide.mcu.externaltools.gnu-tools-for-stm32.13.3.rel1.win32_1.0.0.202411081344/tools/bin/../lib/gcc/arm-none-eabi/13.3.1/thumb/v7e-m+dp/hard/crtn.o
                0x24100000                        _estack = (ORIGIN (RAM) + LENGTH (RAM))
                0x00000200                        _Min_Heap_Size = 0x200
                0x00000400                        _Min_Stack_Size = 0x400

.isr_vector     0x08000000      0x2ac
                0x08000000                        . = ALIGN (0x4)
 *(.isr_vector)
 .isr_vector    0x08000000      0x2ac Core\Startup\startup_stm32h7a3rgtx.o
                0x08000000                g_pfnVectors
                0x080002ac                        . = ALIGN (0x4)

.text           0x080002ac     0xff4c
                0x080002ac                        . = ALIGN (0x4)
 *(.text)
 .text          0x080002ac       0x40 C:/ST/STM32CubeIDE_1.16.1/STM32CubeIDE/plugins/com.st.stm32cube.ide.mcu.externaltools.gnu-tools-for-stm32.13.3.rel1.win32_1.0.0.202411081344/tools/bin/../lib/gcc/arm-none-eabi/13.3.1/thumb/v7e-m+dp/hard/crtbegin.o
 .text          0x080002ec       0x10 C:/ST/STM32CubeIDE_1.16.1/STM32CubeIDE/plugins/com.st.stm32cube.ide.mcu.externaltools.gnu-tools-for-stm32.13.3.rel1.win32_1.0.0.202411081344/tools/bin/../lib/gcc/arm-none-eabi/13.3.1/../../../../arm-none-eabi/lib/thumb/v7e-m+dp/hard\libc_nano.a(libc_a-strlen.o)
                0x080002ec                strlen
 .text          0x080002fc       0x30 C:/ST/STM32CubeIDE_1.16.1/STM32CubeIDE/plugins/com.st.stm32cube.ide.mcu.externaltools.gnu-tools-for-stm32.13.3.rel1.win32_1.0.0.202411081344/tools/bin/../lib/gcc/arm-none-eabi/13.3.1/thumb/v7e-m+dp/hard\libgcc.a(_aeabi_uldivmod.o)
                0x080002fc                __aeabi_uldivmod
 .text          0x0800032c      0x2f8 C:/ST/STM32CubeIDE_1.16.1/STM32CubeIDE/plugins/com.st.stm32cube.ide.mcu.externaltools.gnu-tools-for-stm32.13.3.rel1.win32_1.0.0.202411081344/tools/bin/../lib/gcc/arm-none-eabi/13.3.1/thumb/v7e-m+dp/hard\libgcc.a(_udivmoddi4.o)
                0x0800032c                __udivmoddi4
 .text          0x08000624        0x4 C:/ST/STM32CubeIDE_1.16.1/STM32CubeIDE/plugins/com.st.stm32cube.ide.mcu.externaltools.gnu-tools-for-stm32.13.3.rel1.win32_1.0.0.202411081344/tools/bin/../lib/gcc/arm-none-eabi/13.3.1/thumb/v7e-m+dp/hard\libgcc.a(_dvmd_tls.o)
                0x08000624                __aeabi_idiv0
                0x08000624                __aeabi_ldiv0
 *(.text*)
 .text.calculate_checksum
                0x08000628       0x42 Core\Src\fingerprint_sensor.o
 .text.generate_package
                0x0800066a       0x6a Core\Src\fingerprint_sensor.o
 .text.send_command
                0x080006d4       0x60 Core\Src\fingerprint_sensor.o
 .text.receive_acknowledgment
                0x08000734       0xb8 Core\Src\fingerprint_sensor.o
 .text.send_and_receive_command
                0x080007ec       0x4e Core\Src\fingerprint_sensor.o
 .text.delete_specified_user
                0x0800083a       0x3e Core\Src\fingerprint_sensor.o
                0x0800083a                delete_specified_user
 .text.compare_1_1
                0x08000878       0x3e Core\Src\fingerprint_sensor.o
                0x08000878                compare_1_1
 .text.add_fingerprint
                0x080008b6       0x56 Core\Src\fingerprint_sensor.o
                0x080008b6                add_fingerprint
 .text.flash_init
                0x0800090c       0x34 Core\Src\flash.o
                0x0800090c                flash_init
 .text.flash_read
                0x08000940       0xf4 Core\Src\flash.o
                0x08000940                flash_read
 .text.flash_write
                0x08000a34      0x158 Core\Src\flash.o
                0x08000a34                flash_write
 .text.check_pointers
                0x08000b8c       0x20 Core\Src\flash.o
                0x08000b8c                check_pointers
 .text.check_busy
                0x08000bac       0x38 Core\Src\flash.o
                0x08000bac                check_busy
 .text.set_flash_chip_num
                0x08000be4       0x20 Core\Src\flash.o
                0x08000be4                set_flash_chip_num
 .text.reset_ic
                0x08000c04       0x7c Core\Src\flash.o
                0x08000c04                reset_ic
 .text.flash_page_read
                0x08000c80       0xc0 Core\Src\flash.o
                0x08000c80                flash_page_read
 .text.flash_data_read
                0x08000d40      0x1b0 Core\Src\flash.o
                0x08000d40                flash_data_read
 .text.flash_data_write
                0x08000ef0      0x154 Core\Src\flash.o
                0x08000ef0                flash_data_write
 .text.flash_page_write
                0x08001044      0x108 Core\Src\flash.o
                0x08001044                flash_page_write
 .text.flash_block_erase
                0x0800114c      0x108 Core\Src\flash.o
                0x0800114c                flash_block_erase
 .text.flash_read_status_register
                0x08001254       0xdc Core\Src\flash.o
                0x08001254                flash_read_status_register
 .text.flash_write_status_register
                0x08001330       0xc4 Core\Src\flash.o
                0x08001330                flash_write_status_register
 .text.pin_setup
                0x080013f4      0x188 Core\Src\flash.o
                0x080013f4                pin_setup
 .text.row_to_pin
                0x0800157c       0x88 Core\Src\keypad.o
                0x0800157c                row_to_pin
 .text.col_to_pin
                0x08001604       0x74 Core\Src\keypad.o
                0x08001604                col_to_pin
 .text.key_to_char
                0x08001678       0xd0 Core\Src\keypad.o
                0x08001678                key_to_char
 .text.is_key_pressed
                0x08001748       0x70 Core\Src\keypad.o
                0x08001748                is_key_pressed
 .text.HAL_TIM_PeriodElapsedCallback
                0x080017b8      0x104 Core\Src\keypad.o
                0x080017b8                HAL_TIM_PeriodElapsedCallback
 .text.lcd_light
                0x080018bc       0x2e Core\Src\lcd.o
                0x080018bc                lcd_light
 .text.lcd_print
                0x080018ea       0x24 Core\Src\lcd.o
                0x080018ea                lcd_print
 .text.lcd_cursor_location
                0x0800190e       0x3a Core\Src\lcd.o
                0x0800190e                lcd_cursor_location
 .text.lcd_clear
                0x08001948       0x26 Core\Src\lcd.o
                0x08001948                lcd_clear
 .text.lcd_on   0x0800196e       0x26 Core\Src\lcd.o
                0x0800196e                lcd_on
 .text.send_bytes
                0x08001994       0x6c Core\Src\lcd.o
                0x08001994                send_bytes
 .text.main     0x08001a00      0x580 Core\Src\main.o
                0x08001a00                main
 .text.SystemClock_Config
                0x08001f80       0xec Core\Src\main.o
                0x08001f80                SystemClock_Config
 .text.MX_SPI1_Init
                0x0800206c       0xac Core\Src\main.o
 .text.MX_SPI2_Init
                0x08002118       0xac Core\Src\main.o
 .text.MX_TIM7_Init
                0x080021c4       0x6c Core\Src\main.o
 .text.MX_UART4_Init
                0x08002230       0x98 Core\Src\main.o
 .text.MX_GPIO_Init
                0x080022c8      0x184 Core\Src\main.o
 .text.load_users_from_flash
                0x0800244c       0x64 Core\Src\main.o
                0x0800244c                load_users_from_flash
 .text.save_users_to_flash
                0x080024b0       0x9c Core\Src\main.o
                0x080024b0                save_users_to_flash
 .text.switch_to_usersel
                0x0800254c       0x70 Core\Src\main.o
                0x0800254c                switch_to_usersel
 .text.switch_to_recvpass
                0x080025bc       0x60 Core\Src\main.o
                0x080025bc                switch_to_recvpass
 .text.switch_to_password
                0x0800261c       0x4c Core\Src\main.o
                0x0800261c                switch_to_password
 .text.switch_to_fingerprint
                0x08002668       0x4c Core\Src\main.o
                0x08002668                switch_to_fingerprint
 .text.switch_to_unlocked
                0x080026b4       0x60 Core\Src\main.o
                0x080026b4                switch_to_unlocked
 .text.switch_to_chgprint
                0x08002714       0x4c Core\Src\main.o
                0x08002714                switch_to_chgprint
 .text.switch_to_chgpin
                0x08002760       0x60 Core\Src\main.o
                0x08002760                switch_to_chgpin
 .text.switch_to_locking
                0x080027c0       0x60 Core\Src\main.o
                0x080027c0                switch_to_locking
 .text.Write_Pin
                0x08002820       0x38 Core\Src\main.o
                0x08002820                Write_Pin
 .text.Read_Pin
                0x08002858       0x30 Core\Src\main.o
                0x08002858                Read_Pin
 .text.Init_Pin
                0x08002888       0xe8 Core\Src\main.o
                0x08002888                Init_Pin
 .text.MPU_Config
                0x08002970       0x58 Core\Src\main.o
 .text.Error_Handler
                0x080029c8        0xc Core\Src\main.o
                0x080029c8                Error_Handler
 .text.HAL_MspInit
                0x080029d4       0x34 Core\Src\stm32h7xx_hal_msp.o
                0x080029d4                HAL_MspInit
 .text.HAL_SPI_MspInit
                0x08002a08      0x170 Core\Src\stm32h7xx_hal_msp.o
                0x08002a08                HAL_SPI_MspInit
 .text.HAL_TIM_Base_MspInit
                0x08002b78       0x50 Core\Src\stm32h7xx_hal_msp.o
                0x08002b78                HAL_TIM_Base_MspInit
 .text.HAL_UART_MspInit
                0x08002bc8       0xd0 Core\Src\stm32h7xx_hal_msp.o
                0x08002bc8                HAL_UART_MspInit
 .text.NMI_Handler
                0x08002c98        0x8 Core\Src\stm32h7xx_it.o
                0x08002c98                NMI_Handler
 .text.HardFault_Handler
                0x08002ca0        0x8 Core\Src\stm32h7xx_it.o
                0x08002ca0                HardFault_Handler
 .text.MemManage_Handler
                0x08002ca8        0x8 Core\Src\stm32h7xx_it.o
                0x08002ca8                MemManage_Handler
 .text.BusFault_Handler
                0x08002cb0        0x8 Core\Src\stm32h7xx_it.o
                0x08002cb0                BusFault_Handler
 .text.UsageFault_Handler
                0x08002cb8        0x8 Core\Src\stm32h7xx_it.o
                0x08002cb8                UsageFault_Handler
 .text.SVC_Handler
                0x08002cc0        0xe Core\Src\stm32h7xx_it.o
                0x08002cc0                SVC_Handler
 .text.DebugMon_Handler
                0x08002cce        0xe Core\Src\stm32h7xx_it.o
                0x08002cce                DebugMon_Handler
 .text.PendSV_Handler
                0x08002cdc        0xe Core\Src\stm32h7xx_it.o
                0x08002cdc                PendSV_Handler
 .text.SysTick_Handler
                0x08002cea        0xc Core\Src\stm32h7xx_it.o
                0x08002cea                SysTick_Handler
 *fill*         0x08002cf6        0x2 
 .text.TIM7_IRQHandler
                0x08002cf8       0x14 Core\Src\stm32h7xx_it.o
                0x08002cf8                TIM7_IRQHandler
 .text.OTG_HS_IRQHandler
                0x08002d0c       0x14 Core\Src\stm32h7xx_it.o
                0x08002d0c                OTG_HS_IRQHandler
 .text.SystemInit
                0x08002d20      0x120 Core\Src\system_stm32h7xx.o
                0x08002d20                SystemInit
 .text.ExitRun0Mode
                0x08002e40       0x30 Core\Src\system_stm32h7xx.o
                0x08002e40                ExitRun0Mode
 .text.Reset_Handler
                0x08002e70       0x54 Core\Startup\startup_stm32h7a3rgtx.o
                0x08002e70                Reset_Handler
 .text.Default_Handler
                0x08002ec4        0x2 Core\Startup\startup_stm32h7a3rgtx.o
                0x08002ec4                RTC_Alarm_IRQHandler
                0x08002ec4                EXTI2_IRQHandler
                0x08002ec4                TIM8_CC_IRQHandler
                0x08002ec4                UART8_IRQHandler
                0x08002ec4                BDMA2_Channel1_IRQHandler
                0x08002ec4                SPI4_IRQHandler
                0x08002ec4                BDMA2_Channel0_IRQHandler
                0x08002ec4                TIM1_CC_IRQHandler
                0x08002ec4                DMA2_Stream5_IRQHandler
                0x08002ec4                JPEG_IRQHandler
                0x08002ec4                DMA1_Stream5_IRQHandler
                0x08002ec4                EXTI3_IRQHandler
                0x08002ec4                LPTIM4_IRQHandler
                0x08002ec4                TIM8_TRG_COM_TIM14_IRQHandler
                0x08002ec4                LPTIM2_IRQHandler
                0x08002ec4                DFSDM1_FLT1_IRQHandler
                0x08002ec4                DMAMUX2_OVR_IRQHandler
                0x08002ec4                GFXMMU_IRQHandler
                0x08002ec4                TIM8_UP_TIM13_IRQHandler
                0x08002ec4                I2C3_ER_IRQHandler
                0x08002ec4                DFSDM1_FLT2_IRQHandler
                0x08002ec4                USART10_IRQHandler
                0x08002ec4                MDMA_IRQHandler
                0x08002ec4                LPTIM3_IRQHandler
                0x08002ec4                BDMA2_Channel3_IRQHandler
                0x08002ec4                HSEM1_IRQHandler
                0x08002ec4                EXTI0_IRQHandler
                0x08002ec4                I2C2_EV_IRQHandler
                0x08002ec4                DAC2_IRQHandler
                0x08002ec4                DMA1_Stream2_IRQHandler
                0x08002ec4                FPU_IRQHandler
                0x08002ec4                OTG_HS_WKUP_IRQHandler
                0x08002ec4                FDCAN1_IT1_IRQHandler
                0x08002ec4                LTDC_ER_IRQHandler
                0x08002ec4                DMA2_Stream2_IRQHandler
                0x08002ec4                SPI1_IRQHandler
                0x08002ec4                OCTOSPI1_IRQHandler
                0x08002ec4                TIM6_DAC_IRQHandler
                0x08002ec4                BDMA2_Channel6_IRQHandler
                0x08002ec4                DMA2_Stream3_IRQHandler
                0x08002ec4                OCTOSPI2_IRQHandler
                0x08002ec4                SAI2_IRQHandler
                0x08002ec4                BDMA1_IRQHandler
                0x08002ec4                DFSDM1_FLT3_IRQHandler
                0x08002ec4                USART6_IRQHandler
                0x08002ec4                TIM17_IRQHandler
                0x08002ec4                USART3_IRQHandler
                0x08002ec4                LPTIM5_IRQHandler
                0x08002ec4                UART5_IRQHandler
                0x08002ec4                DMA2_Stream0_IRQHandler
                0x08002ec4                TIM4_IRQHandler
                0x08002ec4                I2C1_EV_IRQHandler
                0x08002ec4                DMA1_Stream6_IRQHandler
                0x08002ec4                DMAMUX1_OVR_IRQHandler
                0x08002ec4                DMA1_Stream1_IRQHandler
                0x08002ec4                TIM16_IRQHandler
                0x08002ec4                UART4_IRQHandler
                0x08002ec4                TIM3_IRQHandler
                0x08002ec4                RCC_IRQHandler
                0x08002ec4                UART9_IRQHandler
                0x08002ec4                TIM8_BRK_TIM12_IRQHandler
                0x08002ec4                TIM1_TRG_COM_IRQHandler
                0x08002ec4                Default_Handler
                0x08002ec4                ECC_IRQHandler
                0x08002ec4                BDMA2_Channel2_IRQHandler
                0x08002ec4                CEC_IRQHandler
                0x08002ec4                EXTI15_10_IRQHandler
                0x08002ec4                DFSDM1_FLT4_IRQHandler
                0x08002ec4                ADC_IRQHandler
                0x08002ec4                DMA1_Stream7_IRQHandler
                0x08002ec4                SPI5_IRQHandler
                0x08002ec4                SDMMC1_IRQHandler
                0x08002ec4                TIM5_IRQHandler
                0x08002ec4                DMA2_Stream7_IRQHandler
                0x08002ec4                TIM15_IRQHandler
                0x08002ec4                I2C3_EV_IRQHandler
                0x08002ec4                DFSDM2_IRQHandler
                0x08002ec4                EXTI9_5_IRQHandler
                0x08002ec4                RTC_WKUP_IRQHandler
                0x08002ec4                LTDC_IRQHandler
                0x08002ec4                SPDIF_RX_IRQHandler
                0x08002ec4                PVD_PVM_IRQHandler
                0x08002ec4                SPI2_IRQHandler
                0x08002ec4                OTG_HS_EP1_IN_IRQHandler
                0x08002ec4                DFSDM1_FLT5_IRQHandler
                0x08002ec4                DMA1_Stream0_IRQHandler
                0x08002ec4                CRS_IRQHandler
                0x08002ec4                EXTI4_IRQHandler
                0x08002ec4                DFSDM1_FLT6_IRQHandler
                0x08002ec4                RNG_IRQHandler
                0x08002ec4                FDCAN2_IT1_IRQHandler
                0x08002ec4                COMP_IRQHandler
                0x08002ec4                TIM1_UP_IRQHandler
                0x08002ec4                OTG_HS_EP1_OUT_IRQHandler
                0x08002ec4                WWDG_IRQHandler
                0x08002ec4                SPI6_IRQHandler
                0x08002ec4                MDIOS_IRQHandler
                0x08002ec4                I2C4_EV_IRQHandler
                0x08002ec4                FDCAN2_IT0_IRQHandler
                0x08002ec4                LPUART1_IRQHandler
                0x08002ec4                FDCAN1_IT0_IRQHandler
                0x08002ec4                TIM2_IRQHandler
                0x08002ec4                BDMA2_Channel5_IRQHandler
                0x08002ec4                DMA2D_IRQHandler
                0x08002ec4                TIM1_BRK_IRQHandler
                0x08002ec4                EXTI1_IRQHandler
                0x08002ec4                SDMMC2_IRQHandler
                0x08002ec4                DTS_IRQHandler
                0x08002ec4                UART7_IRQHandler
                0x08002ec4                MDIOS_WKUP_IRQHandler
                0x08002ec4                USART2_IRQHandler
                0x08002ec4                DFSDM1_FLT0_IRQHandler
                0x08002ec4                I2C2_ER_IRQHandler
                0x08002ec4                DMA2_Stream1_IRQHandler
                0x08002ec4                DFSDM1_FLT7_IRQHandler
                0x08002ec4                FLASH_IRQHandler
                0x08002ec4                DMA2_Stream4_IRQHandler
                0x08002ec4                USART1_IRQHandler
                0x08002ec4                SPI3_IRQHandler
                0x08002ec4                WAKEUP_PIN_IRQHandler
                0x08002ec4                DMA1_Stream4_IRQHandler
                0x08002ec4                I2C1_ER_IRQHandler
                0x08002ec4                FMC_IRQHandler
                0x08002ec4                BDMA2_Channel7_IRQHandler
                0x08002ec4                FDCAN_CAL_IRQHandler
                0x08002ec4                SWPMI1_IRQHandler
                0x08002ec4                LPTIM1_IRQHandler
                0x08002ec4                DCMI_PSSI_IRQHandler
                0x08002ec4                I2C4_ER_IRQHandler
                0x08002ec4                DMA2_Stream6_IRQHandler
                0x08002ec4                SAI1_IRQHandler
                0x08002ec4                DMA1_Stream3_IRQHandler
                0x08002ec4                RTC_TAMP_STAMP_CSS_LSE_IRQHandler
                0x08002ec4                BDMA2_Channel4_IRQHandler
 *fill*         0x08002ec6        0x2 
 .text.HAL_Init
                0x08002ec8       0x78 Drivers\STM32H7xx_HAL_Driver\Src\stm32h7xx_hal.o
                0x08002ec8                HAL_Init
 .text.HAL_InitTick
                0x08002f40       0x6c Drivers\STM32H7xx_HAL_Driver\Src\stm32h7xx_hal.o
                0x08002f40                HAL_InitTick
 .text.HAL_IncTick
                0x08002fac       0x28 Drivers\STM32H7xx_HAL_Driver\Src\stm32h7xx_hal.o
                0x08002fac                HAL_IncTick
 .text.HAL_GetTick
                0x08002fd4       0x18 Drivers\STM32H7xx_HAL_Driver\Src\stm32h7xx_hal.o
                0x08002fd4                HAL_GetTick
 .text.HAL_Delay
                0x08002fec       0x48 Drivers\STM32H7xx_HAL_Driver\Src\stm32h7xx_hal.o
                0x08002fec                HAL_Delay
 .text.__NVIC_SetPriorityGrouping
                0x08003034       0x48 Drivers\STM32H7xx_HAL_Driver\Src\stm32h7xx_hal_cortex.o
 .text.__NVIC_GetPriorityGrouping
                0x0800307c       0x1c Drivers\STM32H7xx_HAL_Driver\Src\stm32h7xx_hal_cortex.o
 .text.__NVIC_EnableIRQ
                0x08003098       0x3c Drivers\STM32H7xx_HAL_Driver\Src\stm32h7xx_hal_cortex.o
 .text.__NVIC_SetPriority
                0x080030d4       0x54 Drivers\STM32H7xx_HAL_Driver\Src\stm32h7xx_hal_cortex.o
 .text.NVIC_EncodePriority
                0x08003128       0x66 Drivers\STM32H7xx_HAL_Driver\Src\stm32h7xx_hal_cortex.o
 *fill*         0x0800318e        0x2 
 .text.SysTick_Config
                0x08003190       0x44 Drivers\STM32H7xx_HAL_Driver\Src\stm32h7xx_hal_cortex.o
 .text.HAL_NVIC_SetPriorityGrouping
                0x080031d4       0x16 Drivers\STM32H7xx_HAL_Driver\Src\stm32h7xx_hal_cortex.o
                0x080031d4                HAL_NVIC_SetPriorityGrouping
 .text.HAL_NVIC_SetPriority
                0x080031ea       0x34 Drivers\STM32H7xx_HAL_Driver\Src\stm32h7xx_hal_cortex.o
                0x080031ea                HAL_NVIC_SetPriority
 .text.HAL_NVIC_EnableIRQ
                0x0800321e       0x1c Drivers\STM32H7xx_HAL_Driver\Src\stm32h7xx_hal_cortex.o
                0x0800321e                HAL_NVIC_EnableIRQ
 .text.HAL_SYSTICK_Config
                0x0800323a       0x18 Drivers\STM32H7xx_HAL_Driver\Src\stm32h7xx_hal_cortex.o
                0x0800323a                HAL_SYSTICK_Config
 *fill*         0x08003252        0x2 
 .text.HAL_MPU_Disable
                0x08003254       0x30 Drivers\STM32H7xx_HAL_Driver\Src\stm32h7xx_hal_cortex.o
                0x08003254                HAL_MPU_Disable
 .text.HAL_MPU_Enable
                0x08003284       0x40 Drivers\STM32H7xx_HAL_Driver\Src\stm32h7xx_hal_cortex.o
                0x08003284                HAL_MPU_Enable
 .text.HAL_MPU_ConfigRegion
                0x080032c4       0x80 Drivers\STM32H7xx_HAL_Driver\Src\stm32h7xx_hal_cortex.o
                0x080032c4                HAL_MPU_ConfigRegion
 .text.HAL_FLASH_Program
                0x08003344      0x174 Drivers\STM32H7xx_HAL_Driver\Src\stm32h7xx_hal_flash.o
                0x08003344                HAL_FLASH_Program
 .text.HAL_FLASH_Unlock
                0x080034b8       0x74 Drivers\STM32H7xx_HAL_Driver\Src\stm32h7xx_hal_flash.o
                0x080034b8                HAL_FLASH_Unlock
 .text.HAL_FLASH_Lock
                0x0800352c       0x54 Drivers\STM32H7xx_HAL_Driver\Src\stm32h7xx_hal_flash.o
                0x0800352c                HAL_FLASH_Lock
 .text.FLASH_WaitForLastOperation
                0x08003580      0x134 Drivers\STM32H7xx_HAL_Driver\Src\stm32h7xx_hal_flash.o
                0x08003580                FLASH_WaitForLastOperation
 .text.HAL_FLASHEx_Erase
                0x080036b4      0x194 Drivers\STM32H7xx_HAL_Driver\Src\stm32h7xx_hal_flash_ex.o
                0x080036b4                HAL_FLASHEx_Erase
 .text.FLASH_MassErase
                0x08003848       0x64 Drivers\STM32H7xx_HAL_Driver\Src\stm32h7xx_hal_flash_ex.o
 .text.FLASH_Erase_Sector
                0x080038ac       0x74 Drivers\STM32H7xx_HAL_Driver\Src\stm32h7xx_hal_flash_ex.o
                0x080038ac                FLASH_Erase_Sector
 .text.HAL_GPIO_Init
                0x08003920      0x360 Drivers\STM32H7xx_HAL_Driver\Src\stm32h7xx_hal_gpio.o
                0x08003920                HAL_GPIO_Init
 .text.HAL_GPIO_ReadPin
                0x08003c80       0x30 Drivers\STM32H7xx_HAL_Driver\Src\stm32h7xx_hal_gpio.o
                0x08003c80                HAL_GPIO_ReadPin
 .text.HAL_GPIO_WritePin
                0x08003cb0       0x32 Drivers\STM32H7xx_HAL_Driver\Src\stm32h7xx_hal_gpio.o
                0x08003cb0                HAL_GPIO_WritePin
 .text.HAL_PCD_Init
                0x08003ce2      0x218 Drivers\STM32H7xx_HAL_Driver\Src\stm32h7xx_hal_pcd.o
                0x08003ce2                HAL_PCD_Init
 .text.HAL_PCD_Start
                0x08003efa       0x6a Drivers\STM32H7xx_HAL_Driver\Src\stm32h7xx_hal_pcd.o
                0x08003efa                HAL_PCD_Start
 .text.HAL_PCD_Stop
                0x08003f64       0x76 Drivers\STM32H7xx_HAL_Driver\Src\stm32h7xx_hal_pcd.o
                0x08003f64                HAL_PCD_Stop
 .text.HAL_PCD_IRQHandler
                0x08003fda      0x99c Drivers\STM32H7xx_HAL_Driver\Src\stm32h7xx_hal_pcd.o
                0x08003fda                HAL_PCD_IRQHandler
 .text.HAL_PCD_SetAddress
                0x08004976       0x48 Drivers\STM32H7xx_HAL_Driver\Src\stm32h7xx_hal_pcd.o
                0x08004976                HAL_PCD_SetAddress
 .text.HAL_PCD_EP_Open
                0x080049be       0xd4 Drivers\STM32H7xx_HAL_Driver\Src\stm32h7xx_hal_pcd.o
                0x080049be                HAL_PCD_EP_Open
 .text.HAL_PCD_EP_Close
                0x08004a92       0x94 Drivers\STM32H7xx_HAL_Driver\Src\stm32h7xx_hal_pcd.o
                0x08004a92                HAL_PCD_EP_Close
 .text.HAL_PCD_EP_Receive
                0x08004b26       0x76 Drivers\STM32H7xx_HAL_Driver\Src\stm32h7xx_hal_pcd.o
                0x08004b26                HAL_PCD_EP_Receive
 .text.HAL_PCD_EP_GetRxCount
                0x08004b9c       0x30 Drivers\STM32H7xx_HAL_Driver\Src\stm32h7xx_hal_pcd.o
                0x08004b9c                HAL_PCD_EP_GetRxCount
 .text.HAL_PCD_EP_Transmit
                0x08004bcc       0x74 Drivers\STM32H7xx_HAL_Driver\Src\stm32h7xx_hal_pcd.o
                0x08004bcc                HAL_PCD_EP_Transmit
 .text.HAL_PCD_EP_SetStall
                0x08004c40       0xc6 Drivers\STM32H7xx_HAL_Driver\Src\stm32h7xx_hal_pcd.o
                0x08004c40                HAL_PCD_EP_SetStall
 .text.HAL_PCD_EP_ClrStall
                0x08004d06       0xac Drivers\STM32H7xx_HAL_Driver\Src\stm32h7xx_hal_pcd.o
                0x08004d06                HAL_PCD_EP_ClrStall
 .text.HAL_PCD_EP_Abort
                0x08004db2       0x62 Drivers\STM32H7xx_HAL_Driver\Src\stm32h7xx_hal_pcd.o
                0x08004db2                HAL_PCD_EP_Abort
 .text.HAL_PCD_EP_Flush
                0x08004e14       0x5a Drivers\STM32H7xx_HAL_Driver\Src\stm32h7xx_hal_pcd.o
                0x08004e14                HAL_PCD_EP_Flush
 .text.PCD_WriteEmptyTxFifo
                0x08004e6e      0x118 Drivers\STM32H7xx_HAL_Driver\Src\stm32h7xx_hal_pcd.o
 *fill*         0x08004f86        0x2 
 .text.PCD_EP_OutXfrComplete_int
                0x08004f88      0x1d0 Drivers\STM32H7xx_HAL_Driver\Src\stm32h7xx_hal_pcd.o
 .text.PCD_EP_OutSetupPacket_int
                0x08005158       0x8c Drivers\STM32H7xx_HAL_Driver\Src\stm32h7xx_hal_pcd.o
 .text.HAL_PCDEx_SetTxFiFo
                0x080051e4       0x8e Drivers\STM32H7xx_HAL_Driver\Src\stm32h7xx_hal_pcd_ex.o
                0x080051e4                HAL_PCDEx_SetTxFiFo
 .text.HAL_PCDEx_SetRxFiFo
                0x08005272       0x22 Drivers\STM32H7xx_HAL_Driver\Src\stm32h7xx_hal_pcd_ex.o
                0x08005272                HAL_PCDEx_SetRxFiFo
 .text.HAL_PCDEx_ActivateLPM
                0x08005294       0x48 Drivers\STM32H7xx_HAL_Driver\Src\stm32h7xx_hal_pcd_ex.o
                0x08005294                HAL_PCDEx_ActivateLPM
 .text.HAL_PCDEx_LPM_Callback
                0x080052dc       0x18 Drivers\STM32H7xx_HAL_Driver\Src\stm32h7xx_hal_pcd_ex.o
                0x080052dc                HAL_PCDEx_LPM_Callback
 .text.HAL_PWREx_ConfigSupply
                0x080052f4       0x74 Drivers\STM32H7xx_HAL_Driver\Src\stm32h7xx_hal_pwr_ex.o
                0x080052f4                HAL_PWREx_ConfigSupply
 .text.HAL_PWREx_EnableUSBVoltageDetector
                0x08005368       0x20 Drivers\STM32H7xx_HAL_Driver\Src\stm32h7xx_hal_pwr_ex.o
                0x08005368                HAL_PWREx_EnableUSBVoltageDetector
 .text.HAL_RCC_OscConfig
                0x08005388      0x864 Drivers\STM32H7xx_HAL_Driver\Src\stm32h7xx_hal_rcc.o
                0x08005388                HAL_RCC_OscConfig
 .text.HAL_RCC_ClockConfig
                0x08005bec      0x36c Drivers\STM32H7xx_HAL_Driver\Src\stm32h7xx_hal_rcc.o
                0x08005bec                HAL_RCC_ClockConfig
 .text.HAL_RCC_GetSysClockFreq
                0x08005f58      0x2f4 Drivers\STM32H7xx_HAL_Driver\Src\stm32h7xx_hal_rcc.o
                0x08005f58                HAL_RCC_GetSysClockFreq
 .text.HAL_RCC_GetHCLKFreq
                0x0800624c       0x60 Drivers\STM32H7xx_HAL_Driver\Src\stm32h7xx_hal_rcc.o
                0x0800624c                HAL_RCC_GetHCLKFreq
 .text.HAL_RCC_GetPCLK1Freq
                0x080062ac       0x2c Drivers\STM32H7xx_HAL_Driver\Src\stm32h7xx_hal_rcc.o
                0x080062ac                HAL_RCC_GetPCLK1Freq
 .text.HAL_RCC_GetPCLK2Freq
                0x080062d8       0x2c Drivers\STM32H7xx_HAL_Driver\Src\stm32h7xx_hal_rcc.o
                0x080062d8                HAL_RCC_GetPCLK2Freq
 .text.HAL_RCCEx_PeriphCLKConfig
                0x08006304     0x137c Drivers\STM32H7xx_HAL_Driver\Src\stm32h7xx_hal_rcc_ex.o
                0x08006304                HAL_RCCEx_PeriphCLKConfig
 .text.HAL_RCCEx_GetD3PCLK1Freq
                0x08007680       0x2c Drivers\STM32H7xx_HAL_Driver\Src\stm32h7xx_hal_rcc_ex.o
                0x08007680                HAL_RCCEx_GetD3PCLK1Freq
 .text.HAL_RCCEx_GetPLL2ClockFreq
                0x080076ac      0x2a8 Drivers\STM32H7xx_HAL_Driver\Src\stm32h7xx_hal_rcc_ex.o
                0x080076ac                HAL_RCCEx_GetPLL2ClockFreq
 .text.HAL_RCCEx_GetPLL3ClockFreq
                0x08007954      0x2a8 Drivers\STM32H7xx_HAL_Driver\Src\stm32h7xx_hal_rcc_ex.o
                0x08007954                HAL_RCCEx_GetPLL3ClockFreq
 .text.RCCEx_PLL2_Config
                0x08007bfc      0x164 Drivers\STM32H7xx_HAL_Driver\Src\stm32h7xx_hal_rcc_ex.o
 .text.RCCEx_PLL3_Config
                0x08007d60      0x164 Drivers\STM32H7xx_HAL_Driver\Src\stm32h7xx_hal_rcc_ex.o
 .text.HAL_SPI_Init
                0x08007ec4      0x248 Drivers\STM32H7xx_HAL_Driver\Src\stm32h7xx_hal_spi.o
                0x08007ec4                HAL_SPI_Init
 .text.HAL_SPI_Transmit
                0x0800810c      0x3dc Drivers\STM32H7xx_HAL_Driver\Src\stm32h7xx_hal_spi.o
                0x0800810c                HAL_SPI_Transmit
 .text.HAL_SPI_TransmitReceive
                0x080084e8      0x674 Drivers\STM32H7xx_HAL_Driver\Src\stm32h7xx_hal_spi.o
                0x080084e8                HAL_SPI_TransmitReceive
 .text.SPI_CloseTransfer
                0x08008b5c      0x140 Drivers\STM32H7xx_HAL_Driver\Src\stm32h7xx_hal_spi.o
 .text.SPI_WaitOnFlagUntilTimeout
                0x08008c9c       0x5c Drivers\STM32H7xx_HAL_Driver\Src\stm32h7xx_hal_spi.o
 .text.SPI_GetPacketSize
                0x08008cf8       0x36 Drivers\STM32H7xx_HAL_Driver\Src\stm32h7xx_hal_spi.o
 .text.HAL_TIM_Base_Init
                0x08008d2e       0xae Drivers\STM32H7xx_HAL_Driver\Src\stm32h7xx_hal_tim.o
                0x08008d2e                HAL_TIM_Base_Init
 .text.HAL_TIM_Base_Start_IT
                0x08008ddc       0xf0 Drivers\STM32H7xx_HAL_Driver\Src\stm32h7xx_hal_tim.o
                0x08008ddc                HAL_TIM_Base_Start_IT
 .text.HAL_TIM_IRQHandler
                0x08008ecc      0x20e Drivers\STM32H7xx_HAL_Driver\Src\stm32h7xx_hal_tim.o
                0x08008ecc                HAL_TIM_IRQHandler
 .text.HAL_TIM_OC_DelayElapsedCallback
                0x080090da       0x14 Drivers\STM32H7xx_HAL_Driver\Src\stm32h7xx_hal_tim.o
                0x080090da                HAL_TIM_OC_DelayElapsedCallback
 .text.HAL_TIM_IC_CaptureCallback
                0x080090ee       0x14 Drivers\STM32H7xx_HAL_Driver\Src\stm32h7xx_hal_tim.o
                0x080090ee                HAL_TIM_IC_CaptureCallback
 .text.HAL_TIM_PWM_PulseFinishedCallback
                0x08009102       0x14 Drivers\STM32H7xx_HAL_Driver\Src\stm32h7xx_hal_tim.o
                0x08009102                HAL_TIM_PWM_PulseFinishedCallback
 .text.HAL_TIM_TriggerCallback
                0x08009116       0x14 Drivers\STM32H7xx_HAL_Driver\Src\stm32h7xx_hal_tim.o
                0x08009116                HAL_TIM_TriggerCallback
 *fill*         0x0800912a        0x2 
 .text.TIM_Base_SetConfig
                0x0800912c      0x140 Drivers\STM32H7xx_HAL_Driver\Src\stm32h7xx_hal_tim.o
                0x0800912c                TIM_Base_SetConfig
 .text.HAL_TIMEx_MasterConfigSynchronization
                0x0800926c      0x11c Drivers\STM32H7xx_HAL_Driver\Src\stm32h7xx_hal_tim_ex.o
                0x0800926c                HAL_TIMEx_MasterConfigSynchronization
 .text.HAL_TIMEx_CommutCallback
                0x08009388       0x14 Drivers\STM32H7xx_HAL_Driver\Src\stm32h7xx_hal_tim_ex.o
                0x08009388                HAL_TIMEx_CommutCallback
 .text.HAL_TIMEx_BreakCallback
                0x0800939c       0x14 Drivers\STM32H7xx_HAL_Driver\Src\stm32h7xx_hal_tim_ex.o
                0x0800939c                HAL_TIMEx_BreakCallback
 .text.HAL_TIMEx_Break2Callback
                0x080093b0       0x14 Drivers\STM32H7xx_HAL_Driver\Src\stm32h7xx_hal_tim_ex.o
                0x080093b0                HAL_TIMEx_Break2Callback
 .text.HAL_UART_Init
                0x080093c4       0xa0 Drivers\STM32H7xx_HAL_Driver\Src\stm32h7xx_hal_uart.o
                0x080093c4                HAL_UART_Init
 .text.HAL_UART_Transmit
                0x08009464      0x11c Drivers\STM32H7xx_HAL_Driver\Src\stm32h7xx_hal_uart.o
                0x08009464                HAL_UART_Transmit
 .text.HAL_UART_Receive
                0x08009580      0x190 Drivers\STM32H7xx_HAL_Driver\Src\stm32h7xx_hal_uart.o
                0x08009580                HAL_UART_Receive
 .text.UART_SetConfig
                0x08009710      0xcd8 Drivers\STM32H7xx_HAL_Driver\Src\stm32h7xx_hal_uart.o
                0x08009710                UART_SetConfig
 .text.UART_AdvFeatureConfig
                0x0800a3e8      0x144 Drivers\STM32H7xx_HAL_Driver\Src\stm32h7xx_hal_uart.o
                0x0800a3e8                UART_AdvFeatureConfig
 .text.UART_CheckIdleState
                0x0800a52c      0x154 Drivers\STM32H7xx_HAL_Driver\Src\stm32h7xx_hal_uart.o
                0x0800a52c                UART_CheckIdleState
 .text.UART_WaitOnFlagUntilTimeout
                0x0800a680       0xda Drivers\STM32H7xx_HAL_Driver\Src\stm32h7xx_hal_uart.o
                0x0800a680                UART_WaitOnFlagUntilTimeout
 *fill*         0x0800a75a        0x2 
 .text.UART_EndRxTransfer
                0x0800a75c       0xcc Drivers\STM32H7xx_HAL_Driver\Src\stm32h7xx_hal_uart.o
 .text.HAL_UARTEx_DisableFifoMode
                0x0800a828       0x72 Drivers\STM32H7xx_HAL_Driver\Src\stm32h7xx_hal_uart_ex.o
                0x0800a828                HAL_UARTEx_DisableFifoMode
 .text.HAL_UARTEx_SetTxFifoThreshold
                0x0800a89a       0x7c Drivers\STM32H7xx_HAL_Driver\Src\stm32h7xx_hal_uart_ex.o
                0x0800a89a                HAL_UARTEx_SetTxFifoThreshold
 .text.HAL_UARTEx_SetRxFifoThreshold
                0x0800a916       0x7c Drivers\STM32H7xx_HAL_Driver\Src\stm32h7xx_hal_uart_ex.o
                0x0800a916                HAL_UARTEx_SetRxFifoThreshold
 *fill*         0x0800a992        0x2 
 .text.UARTEx_SetNbDataToProcess
                0x0800a994       0x9c Drivers\STM32H7xx_HAL_Driver\Src\stm32h7xx_hal_uart_ex.o
 .text.USB_CoreInit
                0x0800aa30       0xe4 Drivers\STM32H7xx_HAL_Driver\Src\stm32h7xx_ll_usb.o
                0x0800aa30                USB_CoreInit
 .text.USB_SetTurnaroundTime
                0x0800ab14      0x144 Drivers\STM32H7xx_HAL_Driver\Src\stm32h7xx_ll_usb.o
                0x0800ab14                USB_SetTurnaroundTime
 .text.USB_EnableGlobalInt
                0x0800ac58       0x22 Drivers\STM32H7xx_HAL_Driver\Src\stm32h7xx_ll_usb.o
                0x0800ac58                USB_EnableGlobalInt
 .text.USB_DisableGlobalInt
                0x0800ac7a       0x22 Drivers\STM32H7xx_HAL_Driver\Src\stm32h7xx_ll_usb.o
                0x0800ac7a                USB_DisableGlobalInt
 .text.USB_SetCurrentMode
                0x0800ac9c       0x98 Drivers\STM32H7xx_HAL_Driver\Src\stm32h7xx_ll_usb.o
                0x0800ac9c                USB_SetCurrentMode
 .text.USB_DevInit
                0x0800ad34      0x2bc Drivers\STM32H7xx_HAL_Driver\Src\stm32h7xx_ll_usb.o
                0x0800ad34                USB_DevInit
 .text.USB_FlushTxFifo
                0x0800aff0       0x64 Drivers\STM32H7xx_HAL_Driver\Src\stm32h7xx_ll_usb.o
                0x0800aff0                USB_FlushTxFifo
 .text.USB_FlushRxFifo
                0x0800b054       0x5c Drivers\STM32H7xx_HAL_Driver\Src\stm32h7xx_ll_usb.o
                0x0800b054                USB_FlushRxFifo
 .text.USB_SetDevSpeed
                0x0800b0b0       0x32 Drivers\STM32H7xx_HAL_Driver\Src\stm32h7xx_ll_usb.o
                0x0800b0b0                USB_SetDevSpeed
 .text.USB_GetDevSpeed
                0x0800b0e2       0x4a Drivers\STM32H7xx_HAL_Driver\Src\stm32h7xx_ll_usb.o
                0x0800b0e2                USB_GetDevSpeed
 .text.USB_ActivateEndpoint
                0x0800b12c      0x110 Drivers\STM32H7xx_HAL_Driver\Src\stm32h7xx_ll_usb.o
                0x0800b12c                USB_ActivateEndpoint
 .text.USB_DeactivateEndpoint
                0x0800b23c      0x1b8 Drivers\STM32H7xx_HAL_Driver\Src\stm32h7xx_ll_usb.o
                0x0800b23c                USB_DeactivateEndpoint
 .text.USB_EPStartXfer
                0x0800b3f4      0x548 Drivers\STM32H7xx_HAL_Driver\Src\stm32h7xx_ll_usb.o
                0x0800b3f4                USB_EPStartXfer
 .text.USB_EPStopXfer
                0x0800b93c      0x154 Drivers\STM32H7xx_HAL_Driver\Src\stm32h7xx_ll_usb.o
                0x0800b93c                USB_EPStopXfer
 .text.USB_WritePacket
                0x0800ba90       0x7c Drivers\STM32H7xx_HAL_Driver\Src\stm32h7xx_ll_usb.o
                0x0800ba90                USB_WritePacket
 .text.USB_ReadPacket
                0x0800bb0c       0xb0 Drivers\STM32H7xx_HAL_Driver\Src\stm32h7xx_ll_usb.o
                0x0800bb0c                USB_ReadPacket
 .text.USB_EPSetStall
                0x0800bbbc       0xdc Drivers\STM32H7xx_HAL_Driver\Src\stm32h7xx_ll_usb.o
                0x0800bbbc                USB_EPSetStall
 .text.USB_EPClearStall
                0x0800bc98       0xcc Drivers\STM32H7xx_HAL_Driver\Src\stm32h7xx_ll_usb.o
                0x0800bc98                USB_EPClearStall
 .text.USB_SetDevAddress
                0x0800bd64       0x4c Drivers\STM32H7xx_HAL_Driver\Src\stm32h7xx_ll_usb.o
                0x0800bd64                USB_SetDevAddress
 .text.USB_DevConnect
                0x0800bdb0       0x42 Drivers\STM32H7xx_HAL_Driver\Src\stm32h7xx_ll_usb.o
                0x0800bdb0                USB_DevConnect
 .text.USB_DevDisconnect
                0x0800bdf2       0x42 Drivers\STM32H7xx_HAL_Driver\Src\stm32h7xx_ll_usb.o
                0x0800bdf2                USB_DevDisconnect
 .text.USB_ReadInterrupts
                0x0800be34       0x26 Drivers\STM32H7xx_HAL_Driver\Src\stm32h7xx_ll_usb.o
                0x0800be34                USB_ReadInterrupts
 .text.USB_ReadDevAllOutEpInterrupt
                0x0800be5a       0x34 Drivers\STM32H7xx_HAL_Driver\Src\stm32h7xx_ll_usb.o
                0x0800be5a                USB_ReadDevAllOutEpInterrupt
 .text.USB_ReadDevAllInEpInterrupt
                0x0800be8e       0x34 Drivers\STM32H7xx_HAL_Driver\Src\stm32h7xx_ll_usb.o
                0x0800be8e                USB_ReadDevAllInEpInterrupt
 .text.USB_ReadDevOutEPInterrupt
                0x0800bec2       0x3c Drivers\STM32H7xx_HAL_Driver\Src\stm32h7xx_ll_usb.o
                0x0800bec2                USB_ReadDevOutEPInterrupt
 .text.USB_ReadDevInEPInterrupt
                0x0800befe       0x5c Drivers\STM32H7xx_HAL_Driver\Src\stm32h7xx_ll_usb.o
                0x0800befe                USB_ReadDevInEPInterrupt
 .text.USB_GetMode
                0x0800bf5a       0x1c Drivers\STM32H7xx_HAL_Driver\Src\stm32h7xx_ll_usb.o
                0x0800bf5a                USB_GetMode
 *fill*         0x0800bf76        0x2 
 .text.USB_ActivateSetup
                0x0800bf78       0x48 Drivers\STM32H7xx_HAL_Driver\Src\stm32h7xx_ll_usb.o
                0x0800bf78                USB_ActivateSetup
 .text.USB_EP0_OutStart
                0x0800bfc0       0xbc Drivers\STM32H7xx_HAL_Driver\Src\stm32h7xx_ll_usb.o
                0x0800bfc0                USB_EP0_OutStart
 .text.USB_CoreReset
                0x0800c07c       0x62 Drivers\STM32H7xx_HAL_Driver\Src\stm32h7xx_ll_usb.o
 *fill*         0x0800c0de        0x2 
 .text.USBD_MSC_Init
                0x0800c0e0      0x120 Middlewares\ST\STM32_USB_Device_Library\Class\MSC\Src\usbd_msc.o
                0x0800c0e0                USBD_MSC_Init
 .text.USBD_MSC_DeInit
                0x0800c200       0xb0 Middlewares\ST\STM32_USB_Device_Library\Class\MSC\Src\usbd_msc.o
                0x0800c200                USBD_MSC_DeInit
 .text.USBD_MSC_Setup
                0x0800c2b0      0x1f8 Middlewares\ST\STM32_USB_Device_Library\Class\MSC\Src\usbd_msc.o
                0x0800c2b0                USBD_MSC_Setup
 .text.USBD_MSC_DataIn
                0x0800c4a8       0x20 Middlewares\ST\STM32_USB_Device_Library\Class\MSC\Src\usbd_msc.o
                0x0800c4a8                USBD_MSC_DataIn
 .text.USBD_MSC_DataOut
                0x0800c4c8       0x20 Middlewares\ST\STM32_USB_Device_Library\Class\MSC\Src\usbd_msc.o
                0x0800c4c8                USBD_MSC_DataOut
 .text.USBD_MSC_GetHSCfgDesc
                0x0800c4e8       0x58 Middlewares\ST\STM32_USB_Device_Library\Class\MSC\Src\usbd_msc.o
                0x0800c4e8                USBD_MSC_GetHSCfgDesc
 .text.USBD_MSC_GetFSCfgDesc
                0x0800c540       0x58 Middlewares\ST\STM32_USB_Device_Library\Class\MSC\Src\usbd_msc.o
                0x0800c540                USBD_MSC_GetFSCfgDesc
 .text.USBD_MSC_GetOtherSpeedCfgDesc
                0x0800c598       0x58 Middlewares\ST\STM32_USB_Device_Library\Class\MSC\Src\usbd_msc.o
                0x0800c598                USBD_MSC_GetOtherSpeedCfgDesc
 .text.USBD_MSC_GetDeviceQualifierDescriptor
                0x0800c5f0       0x20 Middlewares\ST\STM32_USB_Device_Library\Class\MSC\Src\usbd_msc.o
                0x0800c5f0                USBD_MSC_GetDeviceQualifierDescriptor
 .text.USBD_MSC_RegisterStorage
                0x0800c610       0x34 Middlewares\ST\STM32_USB_Device_Library\Class\MSC\Src\usbd_msc.o
                0x0800c610                USBD_MSC_RegisterStorage
 .text.MSC_BOT_Init
                0x0800c644       0x94 Middlewares\ST\STM32_USB_Device_Library\Class\MSC\Src\usbd_msc_bot.o
                0x0800c644                MSC_BOT_Init
 .text.MSC_BOT_Reset
                0x0800c6d8       0x68 Middlewares\ST\STM32_USB_Device_Library\Class\MSC\Src\usbd_msc_bot.o
                0x0800c6d8                MSC_BOT_Reset
 .text.MSC_BOT_DeInit
                0x0800c740       0x30 Middlewares\ST\STM32_USB_Device_Library\Class\MSC\Src\usbd_msc_bot.o
                0x0800c740                MSC_BOT_DeInit
 .text.MSC_BOT_DataIn
                0x0800c770       0x74 Middlewares\ST\STM32_USB_Device_Library\Class\MSC\Src\usbd_msc_bot.o
                0x0800c770                MSC_BOT_DataIn
 .text.MSC_BOT_DataOut
                0x0800c7e4       0x68 Middlewares\ST\STM32_USB_Device_Library\Class\MSC\Src\usbd_msc_bot.o
                0x0800c7e4                MSC_BOT_DataOut
 .text.MSC_BOT_CBW_Decode
                0x0800c84c      0x128 Middlewares\ST\STM32_USB_Device_Library\Class\MSC\Src\usbd_msc_bot.o
 .text.MSC_BOT_SendData
                0x0800c974       0x6c Middlewares\ST\STM32_USB_Device_Library\Class\MSC\Src\usbd_msc_bot.o
 .text.MSC_BOT_SendCSW
                0x0800c9e0       0x74 Middlewares\ST\STM32_USB_Device_Library\Class\MSC\Src\usbd_msc_bot.o
                0x0800c9e0                MSC_BOT_SendCSW
 .text.MSC_BOT_Abort
                0x0800ca54       0x84 Middlewares\ST\STM32_USB_Device_Library\Class\MSC\Src\usbd_msc_bot.o
 .text.MSC_BOT_CplClrFeature
                0x0800cad8       0x74 Middlewares\ST\STM32_USB_Device_Library\Class\MSC\Src\usbd_msc_bot.o
                0x0800cad8                MSC_BOT_CplClrFeature
 .text.SCSI_ProcessCmd
                0x0800cb4c      0x304 Middlewares\ST\STM32_USB_Device_Library\Class\MSC\Src\usbd_msc_scsi.o
                0x0800cb4c                SCSI_ProcessCmd
 .text.SCSI_TestUnitReady
                0x0800ce50       0xb2 Middlewares\ST\STM32_USB_Device_Library\Class\MSC\Src\usbd_msc_scsi.o
 *fill*         0x0800cf02        0x2 
 .text.SCSI_Inquiry
                0x0800cf04       0xf8 Middlewares\ST\STM32_USB_Device_Library\Class\MSC\Src\usbd_msc_scsi.o
 .text.SCSI_ReadCapacity10
                0x0800cffc       0xfc Middlewares\ST\STM32_USB_Device_Library\Class\MSC\Src\usbd_msc_scsi.o
 .text.SCSI_ReadCapacity16
                0x0800d0f8      0x168 Middlewares\ST\STM32_USB_Device_Library\Class\MSC\Src\usbd_msc_scsi.o
 .text.SCSI_ReadFormatCapacity
                0x0800d260       0xf6 Middlewares\ST\STM32_USB_Device_Library\Class\MSC\Src\usbd_msc_scsi.o
 *fill*         0x0800d356        0x2 
 .text.SCSI_ModeSense6
                0x0800d358       0x8c Middlewares\ST\STM32_USB_Device_Library\Class\MSC\Src\usbd_msc_scsi.o
 .text.SCSI_ModeSense10
                0x0800d3e4       0x8c Middlewares\ST\STM32_USB_Device_Library\Class\MSC\Src\usbd_msc_scsi.o
 .text.SCSI_RequestSense
                0x0800d470      0x10c Middlewares\ST\STM32_USB_Device_Library\Class\MSC\Src\usbd_msc_scsi.o
 .text.SCSI_SenseCode
                0x0800d57c       0x9c Middlewares\ST\STM32_USB_Device_Library\Class\MSC\Src\usbd_msc_scsi.o
                0x0800d57c                SCSI_SenseCode
 .text.SCSI_StartStopUnit
                0x0800d618       0xaa Middlewares\ST\STM32_USB_Device_Library\Class\MSC\Src\usbd_msc_scsi.o
 .text.SCSI_AllowPreventRemovable
                0x0800d6c2       0x5a Middlewares\ST\STM32_USB_Device_Library\Class\MSC\Src\usbd_msc_scsi.o
 .text.SCSI_Read10
                0x0800d71c      0x154 Middlewares\ST\STM32_USB_Device_Library\Class\MSC\Src\usbd_msc_scsi.o
 .text.SCSI_Read12
                0x0800d870      0x168 Middlewares\ST\STM32_USB_Device_Library\Class\MSC\Src\usbd_msc_scsi.o
 .text.SCSI_Write10
                0x0800d9d8      0x1ac Middlewares\ST\STM32_USB_Device_Library\Class\MSC\Src\usbd_msc_scsi.o
 .text.SCSI_Write12
                0x0800db84      0x1cc Middlewares\ST\STM32_USB_Device_Library\Class\MSC\Src\usbd_msc_scsi.o
 .text.SCSI_Verify10
                0x0800dd50       0x7a Middlewares\ST\STM32_USB_Device_Library\Class\MSC\Src\usbd_msc_scsi.o
 .text.SCSI_CheckAddressRange
                0x0800ddca       0x58 Middlewares\ST\STM32_USB_Device_Library\Class\MSC\Src\usbd_msc_scsi.o
 *fill*         0x0800de22        0x2 
 .text.SCSI_ProcessRead
                0x0800de24      0x10c Middlewares\ST\STM32_USB_Device_Library\Class\MSC\Src\usbd_msc_scsi.o
 .text.SCSI_ProcessWrite
                0x0800df30      0x12c Middlewares\ST\STM32_USB_Device_Library\Class\MSC\Src\usbd_msc_scsi.o
 .text.SCSI_UpdateBotData
                0x0800e05c       0x52 Middlewares\ST\STM32_USB_Device_Library\Class\MSC\Src\usbd_msc_scsi.o
 .text.USBD_Init
                0x0800e0ae       0x60 Middlewares\ST\STM32_USB_Device_Library\Core\Src\usbd_core.o
                0x0800e0ae                USBD_Init
 .text.USBD_RegisterClass
                0x0800e10e       0x6c Middlewares\ST\STM32_USB_Device_Library\Core\Src\usbd_core.o
                0x0800e10e                USBD_RegisterClass
 .text.USBD_Start
                0x0800e17a       0x18 Middlewares\ST\STM32_USB_Device_Library\Core\Src\usbd_core.o
                0x0800e17a                USBD_Start
 .text.USBD_Stop
                0x0800e192       0x36 Middlewares\ST\STM32_USB_Device_Library\Core\Src\usbd_core.o
                0x0800e192                USBD_Stop
 .text.USBD_RunTestMode
                0x0800e1c8       0x16 Middlewares\ST\STM32_USB_Device_Library\Core\Src\usbd_core.o
                0x0800e1c8                USBD_RunTestMode
 .text.USBD_SetClassConfig
                0x0800e1de       0x38 Middlewares\ST\STM32_USB_Device_Library\Core\Src\usbd_core.o
                0x0800e1de                USBD_SetClassConfig
 .text.USBD_ClrClassConfig
                0x0800e216       0x34 Middlewares\ST\STM32_USB_Device_Library\Core\Src\usbd_core.o
                0x0800e216                USBD_ClrClassConfig
 .text.USBD_LL_SetupStage
                0x0800e24a       0xaa Middlewares\ST\STM32_USB_Device_Library\Core\Src\usbd_core.o
                0x0800e24a                USBD_LL_SetupStage
 .text.USBD_LL_DataOutStage
                0x0800e2f4      0x166 Middlewares\ST\STM32_USB_Device_Library\Core\Src\usbd_core.o
                0x0800e2f4                USBD_LL_DataOutStage
 .text.USBD_LL_DataInStage
                0x0800e45a      0x164 Middlewares\ST\STM32_USB_Device_Library\Core\Src\usbd_core.o
                0x0800e45a                USBD_LL_DataInStage
 .text.USBD_LL_Reset
                0x0800e5be       0xa4 Middlewares\ST\STM32_USB_Device_Library\Core\Src\usbd_core.o
                0x0800e5be                USBD_LL_Reset
 .text.USBD_LL_SetSpeed
                0x0800e662       0x20 Middlewares\ST\STM32_USB_Device_Library\Core\Src\usbd_core.o
                0x0800e662                USBD_LL_SetSpeed
 .text.USBD_LL_Suspend
                0x0800e682       0x38 Middlewares\ST\STM32_USB_Device_Library\Core\Src\usbd_core.o
                0x0800e682                USBD_LL_Suspend
 .text.USBD_LL_Resume
                0x0800e6ba       0x30 Middlewares\ST\STM32_USB_Device_Library\Core\Src\usbd_core.o
                0x0800e6ba                USBD_LL_Resume
 .text.USBD_LL_SOF
                0x0800e6ea       0x40 Middlewares\ST\STM32_USB_Device_Library\Core\Src\usbd_core.o
                0x0800e6ea                USBD_LL_SOF
 .text.USBD_LL_IsoINIncomplete
                0x0800e72a       0x64 Middlewares\ST\STM32_USB_Device_Library\Core\Src\usbd_core.o
                0x0800e72a                USBD_LL_IsoINIncomplete
 .text.USBD_LL_IsoOUTIncomplete
                0x0800e78e       0x64 Middlewares\ST\STM32_USB_Device_Library\Core\Src\usbd_core.o
                0x0800e78e                USBD_LL_IsoOUTIncomplete
 .text.USBD_LL_DevConnected
                0x0800e7f2       0x16 Middlewares\ST\STM32_USB_Device_Library\Core\Src\usbd_core.o
                0x0800e7f2                USBD_LL_DevConnected
 .text.USBD_LL_DevDisconnected
                0x0800e808       0x46 Middlewares\ST\STM32_USB_Device_Library\Core\Src\usbd_core.o
                0x0800e808                USBD_LL_DevDisconnected
 .text.USBD_CoreFindIF
                0x0800e84e       0x1a Middlewares\ST\STM32_USB_Device_Library\Core\Src\usbd_core.o
                0x0800e84e                USBD_CoreFindIF
 .text.USBD_CoreFindEP
                0x0800e868       0x1a Middlewares\ST\STM32_USB_Device_Library\Core\Src\usbd_core.o
                0x0800e868                USBD_CoreFindEP
 .text.USBD_GetEpDesc
                0x0800e882       0x70 Middlewares\ST\STM32_USB_Device_Library\Core\Src\usbd_core.o
                0x0800e882                USBD_GetEpDesc
 .text.USBD_GetNextDesc
                0x0800e8f2       0x38 Middlewares\ST\STM32_USB_Device_Library\Core\Src\usbd_core.o
                0x0800e8f2                USBD_GetNextDesc
 .text.SWAPBYTE
                0x0800e92a       0x3e Middlewares\ST\STM32_USB_Device_Library\Core\Src\usbd_ctlreq.o
 .text.USBD_StdDevReq
                0x0800e968       0xe4 Middlewares\ST\STM32_USB_Device_Library\Core\Src\usbd_ctlreq.o
                0x0800e968                USBD_StdDevReq
 .text.USBD_StdItfReq
                0x0800ea4c       0xd8 Middlewares\ST\STM32_USB_Device_Library\Core\Src\usbd_ctlreq.o
                0x0800ea4c                USBD_StdItfReq
 .text.USBD_StdEPReq
                0x0800eb24      0x33a Middlewares\ST\STM32_USB_Device_Library\Core\Src\usbd_ctlreq.o
                0x0800eb24                USBD_StdEPReq
 *fill*         0x0800ee5e        0x2 
 .text.USBD_GetDescriptor
                0x0800ee60      0x328 Middlewares\ST\STM32_USB_Device_Library\Core\Src\usbd_ctlreq.o
 .text.USBD_SetAddress
                0x0800f188       0x88 Middlewares\ST\STM32_USB_Device_Library\Core\Src\usbd_ctlreq.o
 .text.USBD_SetConfig
                0x0800f210      0x154 Middlewares\ST\STM32_USB_Device_Library\Core\Src\usbd_ctlreq.o
 .text.USBD_GetConfig
                0x0800f364       0x6c Middlewares\ST\STM32_USB_Device_Library\Core\Src\usbd_ctlreq.o
 .text.USBD_GetStatus
                0x0800f3d0       0x68 Middlewares\ST\STM32_USB_Device_Library\Core\Src\usbd_ctlreq.o
 .text.USBD_SetFeature
                0x0800f438       0x52 Middlewares\ST\STM32_USB_Device_Library\Core\Src\usbd_ctlreq.o
 .text.USBD_ClrFeature
                0x0800f48a       0x44 Middlewares\ST\STM32_USB_Device_Library\Core\Src\usbd_ctlreq.o
 .text.USBD_ParseSetupRequest
                0x0800f4ce       0x74 Middlewares\ST\STM32_USB_Device_Library\Core\Src\usbd_ctlreq.o
                0x0800f4ce                USBD_ParseSetupRequest
 .text.USBD_CtlError
                0x0800f542       0x22 Middlewares\ST\STM32_USB_Device_Library\Core\Src\usbd_ctlreq.o
                0x0800f542                USBD_CtlError
 .text.USBD_GetString
                0x0800f564       0xa4 Middlewares\ST\STM32_USB_Device_Library\Core\Src\usbd_ctlreq.o
                0x0800f564                USBD_GetString
 .text.USBD_GetLen
                0x0800f608       0x34 Middlewares\ST\STM32_USB_Device_Library\Core\Src\usbd_ctlreq.o
 .text.USBD_CtlSendData
                0x0800f63c       0x36 Middlewares\ST\STM32_USB_Device_Library\Core\Src\usbd_ioreq.o
                0x0800f63c                USBD_CtlSendData
 .text.USBD_CtlContinueSendData
                0x0800f672       0x22 Middlewares\ST\STM32_USB_Device_Library\Core\Src\usbd_ioreq.o
                0x0800f672                USBD_CtlContinueSendData
 .text.USBD_CtlContinueRx
                0x0800f694       0x22 Middlewares\ST\STM32_USB_Device_Library\Core\Src\usbd_ioreq.o
                0x0800f694                USBD_CtlContinueRx
 .text.USBD_CtlSendStatus
                0x0800f6b6       0x26 Middlewares\ST\STM32_USB_Device_Library\Core\Src\usbd_ioreq.o
                0x0800f6b6                USBD_CtlSendStatus
 .text.USBD_CtlReceiveStatus
                0x0800f6dc       0x26 Middlewares\ST\STM32_USB_Device_Library\Core\Src\usbd_ioreq.o
                0x0800f6dc                USBD_CtlReceiveStatus
 *fill*         0x0800f702        0x2 
 .text.MX_USB_DEVICE_Init
                0x0800f704       0x74 USB_DEVICE\App\usb_device.o
                0x0800f704                MX_USB_DEVICE_Init
 .text.USBD_HS_DeviceDescriptor
                0x0800f778       0x24 USB_DEVICE\App\usbd_desc.o
                0x0800f778                USBD_HS_DeviceDescriptor
 .text.USBD_HS_LangIDStrDescriptor
                0x0800f79c       0x24 USB_DEVICE\App\usbd_desc.o
                0x0800f79c                USBD_HS_LangIDStrDescriptor
 .text.USBD_HS_ProductStrDescriptor
                0x0800f7c0       0x3c USB_DEVICE\App\usbd_desc.o
                0x0800f7c0                USBD_HS_ProductStrDescriptor
 .text.USBD_HS_ManufacturerStrDescriptor
                0x0800f7fc       0x28 USB_DEVICE\App\usbd_desc.o
                0x0800f7fc                USBD_HS_ManufacturerStrDescriptor
 .text.USBD_HS_SerialStrDescriptor
                0x0800f824       0x24 USB_DEVICE\App\usbd_desc.o
                0x0800f824                USBD_HS_SerialStrDescriptor
 .text.USBD_HS_ConfigStrDescriptor
                0x0800f848       0x3c USB_DEVICE\App\usbd_desc.o
                0x0800f848                USBD_HS_ConfigStrDescriptor
 .text.USBD_HS_InterfaceStrDescriptor
                0x0800f884       0x3c USB_DEVICE\App\usbd_desc.o
                0x0800f884                USBD_HS_InterfaceStrDescriptor
 .text.Get_SerialNum
                0x0800f8c0       0x58 USB_DEVICE\App\usbd_desc.o
 .text.IntToUnicode
                0x0800f918       0x7e USB_DEVICE\App\usbd_desc.o
 .text.STORAGE_Init_HS
                0x0800f996       0x18 USB_DEVICE\App\usbd_storage_if.o
 .text.STORAGE_GetCapacity_HS
                0x0800f9ae       0x2a USB_DEVICE\App\usbd_storage_if.o
 .text.STORAGE_IsReady_HS
                0x0800f9d8       0x18 USB_DEVICE\App\usbd_storage_if.o
 .text.STORAGE_IsWriteProtected_HS
                0x0800f9f0       0x18 USB_DEVICE\App\usbd_storage_if.o
 .text.STORAGE_Read_HS
                0x0800fa08       0x38 USB_DEVICE\App\usbd_storage_if.o
 .text.STORAGE_Write_HS
                0x0800fa40       0x38 USB_DEVICE\App\usbd_storage_if.o
 .text.STORAGE_GetMaxLun_HS
                0x0800fa78       0x10 USB_DEVICE\App\usbd_storage_if.o
 .text.HAL_PCD_MspInit
                0x0800fa88       0xe4 USB_DEVICE\Target\usbd_conf.o
                0x0800fa88                HAL_PCD_MspInit
 .text.HAL_PCD_SetupStageCallback
                0x0800fb6c       0x24 USB_DEVICE\Target\usbd_conf.o
                0x0800fb6c                HAL_PCD_SetupStageCallback
 .text.HAL_PCD_DataOutStageCallback
                0x0800fb90       0x36 USB_DEVICE\Target\usbd_conf.o
                0x0800fb90                HAL_PCD_DataOutStageCallback
 .text.HAL_PCD_DataInStageCallback
                0x0800fbc6       0x34 USB_DEVICE\Target\usbd_conf.o
                0x0800fbc6                HAL_PCD_DataInStageCallback
 .text.HAL_PCD_SOFCallback
                0x0800fbfa       0x1c USB_DEVICE\Target\usbd_conf.o
                0x0800fbfa                HAL_PCD_SOFCallback
 .text.HAL_PCD_ResetCallback
                0x0800fc16       0x50 USB_DEVICE\Target\usbd_conf.o
                0x0800fc16                HAL_PCD_ResetCallback
 *fill*         0x0800fc66        0x2 
 .text.HAL_PCD_SuspendCallback
                0x0800fc68       0x4c USB_DEVICE\Target\usbd_conf.o
                0x0800fc68                HAL_PCD_SuspendCallback
 .text.HAL_PCD_ResumeCallback
                0x0800fcb4       0x1c USB_DEVICE\Target\usbd_conf.o
                0x0800fcb4                HAL_PCD_ResumeCallback
 .text.HAL_PCD_ISOOUTIncompleteCallback
                0x0800fcd0       0x24 USB_DEVICE\Target\usbd_conf.o
                0x0800fcd0                HAL_PCD_ISOOUTIncompleteCallback
 .text.HAL_PCD_ISOINIncompleteCallback
                0x0800fcf4       0x24 USB_DEVICE\Target\usbd_conf.o
                0x0800fcf4                HAL_PCD_ISOINIncompleteCallback
 .text.HAL_PCD_ConnectCallback
                0x0800fd18       0x1c USB_DEVICE\Target\usbd_conf.o
                0x0800fd18                HAL_PCD_ConnectCallback
 .text.HAL_PCD_DisconnectCallback
                0x0800fd34       0x1c USB_DEVICE\Target\usbd_conf.o
                0x0800fd34                HAL_PCD_DisconnectCallback
 .text.USBD_LL_Init
                0x0800fd50       0xa4 USB_DEVICE\Target\usbd_conf.o
                0x0800fd50                USBD_LL_Init
 .text.USBD_LL_Start
                0x0800fdf4       0x36 USB_DEVICE\Target\usbd_conf.o
                0x0800fdf4                USBD_LL_Start
 .text.USBD_LL_Stop
                0x0800fe2a       0x36 USB_DEVICE\Target\usbd_conf.o
                0x0800fe2a                USBD_LL_Stop
 .text.USBD_LL_OpenEP
                0x0800fe60       0x4c USB_DEVICE\Target\usbd_conf.o
                0x0800fe60                USBD_LL_OpenEP
 .text.USBD_LL_CloseEP
                0x0800feac       0x3e USB_DEVICE\Target\usbd_conf.o
                0x0800feac                USBD_LL_CloseEP
 .text.USBD_LL_FlushEP
                0x0800feea       0x3e USB_DEVICE\Target\usbd_conf.o
                0x0800feea                USBD_LL_FlushEP
 .text.USBD_LL_StallEP
                0x0800ff28       0x3e USB_DEVICE\Target\usbd_conf.o
                0x0800ff28                USBD_LL_StallEP
 .text.USBD_LL_ClearStallEP
                0x0800ff66       0x3e USB_DEVICE\Target\usbd_conf.o
                0x0800ff66                USBD_LL_ClearStallEP
 .text.USBD_LL_IsStallEP
                0x0800ffa4       0x58 USB_DEVICE\Target\usbd_conf.o
                0x0800ffa4                USBD_LL_IsStallEP
 .text.USBD_LL_SetUSBAddress
                0x0800fffc       0x3e USB_DEVICE\Target\usbd_conf.o
                0x0800fffc                USBD_LL_SetUSBAddress
 .text.USBD_LL_Transmit
                0x0801003a       0x42 USB_DEVICE\Target\usbd_conf.o
                0x0801003a                USBD_LL_Transmit
 .text.USBD_LL_PrepareReceive
                0x0801007c       0x42 USB_DEVICE\Target\usbd_conf.o
                0x0801007c                USBD_LL_PrepareReceive
 .text.USBD_LL_GetRxDataSize
                0x080100be       0x26 USB_DEVICE\Target\usbd_conf.o
                0x080100be                USBD_LL_GetRxDataSize
 .text.USBD_static_malloc
                0x080100e4       0x1c USB_DEVICE\Target\usbd_conf.o
                0x080100e4                USBD_static_malloc
 .text.USBD_static_free
                0x08010100       0x14 USB_DEVICE\Target\usbd_conf.o
                0x08010100                USBD_static_free
 .text.USBD_Get_USB_Status
                0x08010114       0x58 USB_DEVICE\Target\usbd_conf.o
                0x08010114                USBD_Get_USB_Status
 .text.memset   0x0801016c       0x10 C:/ST/STM32CubeIDE_1.16.1/STM32CubeIDE/plugins/com.st.stm32cube.ide.mcu.externaltools.gnu-tools-for-stm32.13.3.rel1.win32_1.0.0.202411081344/tools/bin/../lib/gcc/arm-none-eabi/13.3.1/../../../../arm-none-eabi/lib/thumb/v7e-m+dp/hard\libc_nano.a(libc_a-memset.o)
                0x0801016c                memset
 .text.__libc_init_array
                0x0801017c       0x48 C:/ST/STM32CubeIDE_1.16.1/STM32CubeIDE/plugins/com.st.stm32cube.ide.mcu.externaltools.gnu-tools-for-stm32.13.3.rel1.win32_1.0.0.202411081344/tools/bin/../lib/gcc/arm-none-eabi/13.3.1/../../../../arm-none-eabi/lib/thumb/v7e-m+dp/hard\libc_nano.a(libc_a-init.o)
                0x0801017c                __libc_init_array
 .text.memcpy   0x080101c4       0x1c C:/ST/STM32CubeIDE_1.16.1/STM32CubeIDE/plugins/com.st.stm32cube.ide.mcu.externaltools.gnu-tools-for-stm32.13.3.rel1.win32_1.0.0.202411081344/tools/bin/../lib/gcc/arm-none-eabi/13.3.1/../../../../arm-none-eabi/lib/thumb/v7e-m+dp/hard\libc_nano.a(libc_a-memcpy-stub.o)
                0x080101c4                memcpy
 *(.glue_7)
 .glue_7        0x080101e0        0x0 linker stubs
 *(.glue_7t)
 .glue_7t       0x080101e0        0x0 linker stubs
 *(.eh_frame)
 .eh_frame      0x080101e0        0x0 C:/ST/STM32CubeIDE_1.16.1/STM32CubeIDE/plugins/com.st.stm32cube.ide.mcu.externaltools.gnu-tools-for-stm32.13.3.rel1.win32_1.0.0.202411081344/tools/bin/../lib/gcc/arm-none-eabi/13.3.1/thumb/v7e-m+dp/hard/crtbegin.o
 *(.init)
 .init          0x080101e0        0x4 C:/ST/STM32CubeIDE_1.16.1/STM32CubeIDE/plugins/com.st.stm32cube.ide.mcu.externaltools.gnu-tools-for-stm32.13.3.rel1.win32_1.0.0.202411081344/tools/bin/../lib/gcc/arm-none-eabi/13.3.1/thumb/v7e-m+dp/hard/crti.o
                0x080101e0                _init
 .init          0x080101e4        0x8 C:/ST/STM32CubeIDE_1.16.1/STM32CubeIDE/plugins/com.st.stm32cube.ide.mcu.externaltools.gnu-tools-for-stm32.13.3.rel1.win32_1.0.0.202411081344/tools/bin/../lib/gcc/arm-none-eabi/13.3.1/thumb/v7e-m+dp/hard/crtn.o
 *(.fini)
 .fini          0x080101ec        0x4 C:/ST/STM32CubeIDE_1.16.1/STM32CubeIDE/plugins/com.st.stm32cube.ide.mcu.externaltools.gnu-tools-for-stm32.13.3.rel1.win32_1.0.0.202411081344/tools/bin/../lib/gcc/arm-none-eabi/13.3.1/thumb/v7e-m+dp/hard/crti.o
                0x080101ec                _fini
 .fini          0x080101f0        0x8 C:/ST/STM32CubeIDE_1.16.1/STM32CubeIDE/plugins/com.st.stm32cube.ide.mcu.externaltools.gnu-tools-for-stm32.13.3.rel1.win32_1.0.0.202411081344/tools/bin/../lib/gcc/arm-none-eabi/13.3.1/thumb/v7e-m+dp/hard/crtn.o
                0x080101f8                        . = ALIGN (0x4)
                0x080101f8                        _etext = .

.vfp11_veneer   0x080101f8        0x0
 .vfp11_veneer  0x080101f8        0x0 linker stubs

.v4_bx          0x080101f8        0x0
 .v4_bx         0x080101f8        0x0 linker stubs

.iplt           0x080101f8        0x0
 .iplt          0x080101f8        0x0 C:/ST/STM32CubeIDE_1.16.1/STM32CubeIDE/plugins/com.st.stm32cube.ide.mcu.externaltools.gnu-tools-for-stm32.13.3.rel1.win32_1.0.0.202411081344/tools/bin/../lib/gcc/arm-none-eabi/13.3.1/thumb/v7e-m+dp/hard/crtbegin.o

.rodata         0x080101f8      0x260
                0x080101f8                        . = ALIGN (0x4)
 *(.rodata)
 .rodata        0x080101f8       0xf0 Core\Src\main.o
 .rodata        0x080102e8       0x42 USB_DEVICE\App\usbd_desc.o
 *(.rodata*)
 *fill*         0x0801032a        0x2 
 .rodata.FLASH_P_HOLD_ONE
                0x0801032c        0x8 Core\Src\main.o
                0x0801032c                FLASH_P_HOLD_ONE
 .rodata.FLASH_P_HOLD_TWO
                0x08010334        0x8 Core\Src\main.o
                0x08010334                FLASH_P_HOLD_TWO
 .rodata.FLASH_P_HOLD_THREE
                0x0801033c        0x8 Core\Src\main.o
                0x0801033c                FLASH_P_HOLD_THREE
 .rodata.FLASH_P_HOLD_FOUR
                0x08010344        0x8 Core\Src\main.o
                0x08010344                FLASH_P_HOLD_FOUR
 .rodata.FLASH_P_CS_ONE
                0x0801034c        0x8 Core\Src\main.o
                0x0801034c                FLASH_P_CS_ONE
 .rodata.FLASH_P_CS_TWO
                0x08010354        0x8 Core\Src\main.o
                0x08010354                FLASH_P_CS_TWO
 .rodata.FLASH_P_CS_THREE
                0x0801035c        0x8 Core\Src\main.o
                0x0801035c                FLASH_P_CS_THREE
 .rodata.FLASH_P_CS_FOUR
                0x08010364        0x8 Core\Src\main.o
                0x08010364                FLASH_P_CS_FOUR
 .rodata.FLASH_P_WP_ONE
                0x0801036c        0x8 Core\Src\main.o
                0x0801036c                FLASH_P_WP_ONE
 .rodata.FLASH_P_WP_TWO
                0x08010374        0x8 Core\Src\main.o
                0x08010374                FLASH_P_WP_TWO
 .rodata.FLASH_P_WP_THREE
                0x0801037c        0x8 Core\Src\main.o
                0x0801037c                FLASH_P_WP_THREE
 .rodata.FLASH_P_WP_FOUR
                0x08010384        0x8 Core\Src\main.o
                0x08010384                FLASH_P_WP_FOUR
 .rodata.KEY_P_C_ONE
                0x0801038c        0x8 Core\Src\main.o
                0x0801038c                KEY_P_C_ONE
 .rodata.KEY_P_C_TWO
                0x08010394        0x8 Core\Src\main.o
                0x08010394                KEY_P_C_TWO
 .rodata.KEY_P_C_THREE
                0x0801039c        0x8 Core\Src\main.o
                0x0801039c                KEY_P_C_THREE
 .rodata.KEY_P_R_ONE
                0x080103a4        0x8 Core\Src\main.o
                0x080103a4                KEY_P_R_ONE
 .rodata.KEY_P_R_TWO
                0x080103ac        0x8 Core\Src\main.o
                0x080103ac                KEY_P_R_TWO
 .rodata.KEY_P_R_THREE
                0x080103b4        0x8 Core\Src\main.o
                0x080103b4                KEY_P_R_THREE
 .rodata.KEY_P_R_FOUR
                0x080103bc        0x8 Core\Src\main.o
                0x080103bc                KEY_P_R_FOUR
 .rodata.LCD_P_CS
                0x080103c4        0x8 Core\Src\main.o
                0x080103c4                LCD_P_CS
 .rodata.DEBUG_P_NINE
                0x080103cc        0x8 Core\Src\main.o
                0x080103cc                DEBUG_P_NINE
 .rodata.DEBUG_P_EIGHT
                0x080103d4        0x8 Core\Src\main.o
                0x080103d4                DEBUG_P_EIGHT
 .rodata.default_users
                0x080103dc       0x20 Core\Src\main.o
                0x080103dc                default_users
 .rodata.D1CorePrescTable
                0x080103fc       0x10 Core\Src\system_stm32h7xx.o
                0x080103fc                D1CorePrescTable
 .rodata.UARTPrescTable
                0x0801040c       0x18 Drivers\STM32H7xx_HAL_Driver\Src\stm32h7xx_hal_uart.o
                0x0801040c                UARTPrescTable
 .rodata.numerator.1
                0x08010424        0x8 Drivers\STM32H7xx_HAL_Driver\Src\stm32h7xx_hal_uart_ex.o
 .rodata.denominator.0
                0x0801042c        0x8 Drivers\STM32H7xx_HAL_Driver\Src\stm32h7xx_hal_uart_ex.o
 .rodata.STORAGE_Inquirydata_HS
                0x08010434       0x24 USB_DEVICE\App\usbd_storage_if.o
                0x08010434                STORAGE_Inquirydata_HS
                0x08010458                        . = ALIGN (0x4)

.ARM.extab
 *(.ARM.extab* .gnu.linkonce.armextab.*)

.ARM            0x08010458        0x8
                0x08010458                        __exidx_start = .
 *(.ARM.exidx*)
 .ARM.exidx     0x08010458        0x8 C:/ST/STM32CubeIDE_1.16.1/STM32CubeIDE/plugins/com.st.stm32cube.ide.mcu.externaltools.gnu-tools-for-stm32.13.3.rel1.win32_1.0.0.202411081344/tools/bin/../lib/gcc/arm-none-eabi/13.3.1/../../../../arm-none-eabi/lib/thumb/v7e-m+dp/hard\libc_nano.a(libc_a-strlen.o)
 .ARM.exidx     0x08010460        0x0 C:/ST/STM32CubeIDE_1.16.1/STM32CubeIDE/plugins/com.st.stm32cube.ide.mcu.externaltools.gnu-tools-for-stm32.13.3.rel1.win32_1.0.0.202411081344/tools/bin/../lib/gcc/arm-none-eabi/13.3.1/thumb/v7e-m+dp/hard\libgcc.a(_udivmoddi4.o)
                                  0x8 (size before relaxing)
                0x08010460                        __exidx_end = .

.preinit_array  0x08010460        0x0
                0x08010460                        PROVIDE (__preinit_array_start = .)
 *(.preinit_array*)
                0x08010460                        PROVIDE (__preinit_array_end = .)

.init_array     0x08010460        0x4
                0x08010460                        PROVIDE (__init_array_start = .)
 *(SORT_BY_NAME(.init_array.*))
 *(.init_array*)
 .init_array    0x08010460        0x4 C:/ST/STM32CubeIDE_1.16.1/STM32CubeIDE/plugins/com.st.stm32cube.ide.mcu.externaltools.gnu-tools-for-stm32.13.3.rel1.win32_1.0.0.202411081344/tools/bin/../lib/gcc/arm-none-eabi/13.3.1/thumb/v7e-m+dp/hard/crtbegin.o
                0x08010464                        PROVIDE (__init_array_end = .)

.fini_array     0x08010464        0x4
                [!provide]                        PROVIDE (__fini_array_start = .)
 *(SORT_BY_NAME(.fini_array.*))
 *(.fini_array*)
 .fini_array    0x08010464        0x4 C:/ST/STM32CubeIDE_1.16.1/STM32CubeIDE/plugins/com.st.stm32cube.ide.mcu.externaltools.gnu-tools-for-stm32.13.3.rel1.win32_1.0.0.202411081344/tools/bin/../lib/gcc/arm-none-eabi/13.3.1/thumb/v7e-m+dp/hard/crtbegin.o
                [!provide]                        PROVIDE (__fini_array_end = .)
                0x08010468                        _sidata = LOADADDR (.data)

.rel.dyn        0x08010468        0x0
 .rel.iplt      0x08010468        0x0 C:/ST/STM32CubeIDE_1.16.1/STM32CubeIDE/plugins/com.st.stm32cube.ide.mcu.externaltools.gnu-tools-for-stm32.13.3.rel1.win32_1.0.0.202411081344/tools/bin/../lib/gcc/arm-none-eabi/13.3.1/thumb/v7e-m+dp/hard/crtbegin.o

.data           0x24000000      0x108 load address 0x08010468
                0x24000000                        . = ALIGN (0x4)
                0x24000000                        _sdata = .
 *(.data)
 *(.data*)
 .data.flash_chip_num
                0x24000000        0x4 Core\Src\flash.o
                0x24000000                flash_chip_num
 .data.SystemCoreClock
                0x24000004        0x4 Core\Src\system_stm32h7xx.o
                0x24000004                SystemCoreClock
 .data.SystemD2Clock
                0x24000008        0x4 Core\Src\system_stm32h7xx.o
                0x24000008                SystemD2Clock
 .data.uwTickPrio
                0x2400000c        0x4 Drivers\STM32H7xx_HAL_Driver\Src\stm32h7xx_hal.o
                0x2400000c                uwTickPrio
 .data.uwTickFreq
                0x24000010        0x1 Drivers\STM32H7xx_HAL_Driver\Src\stm32h7xx_hal.o
                0x24000010                uwTickFreq
 *fill*         0x24000011        0x3 
 .data.USBD_MSC
                0x24000014       0x38 Middlewares\ST\STM32_USB_Device_Library\Class\MSC\Src\usbd_msc.o
                0x24000014                USBD_MSC
 .data.USBD_MSC_CfgDesc
                0x2400004c       0x20 Middlewares\ST\STM32_USB_Device_Library\Class\MSC\Src\usbd_msc.o
 .data.USBD_MSC_DeviceQualifierDesc
                0x2400006c        0xa Middlewares\ST\STM32_USB_Device_Library\Class\MSC\Src\usbd_msc.o
 .data.MSCInEpAdd
                0x24000076        0x1 Middlewares\ST\STM32_USB_Device_Library\Class\MSC\Src\usbd_msc.o
                0x24000076                MSCInEpAdd
 .data.MSCOutEpAdd
                0x24000077        0x1 Middlewares\ST\STM32_USB_Device_Library\Class\MSC\Src\usbd_msc.o
                0x24000077                MSCOutEpAdd
 .data.MSC_Page00_Inquiry_Data
                0x24000078        0x6 Middlewares\ST\STM32_USB_Device_Library\Class\MSC\Src\usbd_msc_data.o
                0x24000078                MSC_Page00_Inquiry_Data
 *fill*         0x2400007e        0x2 
 .data.MSC_Page80_Inquiry_Data
                0x24000080        0x8 Middlewares\ST\STM32_USB_Device_Library\Class\MSC\Src\usbd_msc_data.o
                0x24000080                MSC_Page80_Inquiry_Data
 .data.MSC_Mode_Sense6_data
                0x24000088        0x4 Middlewares\ST\STM32_USB_Device_Library\Class\MSC\Src\usbd_msc_data.o
                0x24000088                MSC_Mode_Sense6_data
 .data.MSC_Mode_Sense10_data
                0x2400008c        0x8 Middlewares\ST\STM32_USB_Device_Library\Class\MSC\Src\usbd_msc_data.o
                0x2400008c                MSC_Mode_Sense10_data
 .data.HS_Desc  0x24000094       0x20 USB_DEVICE\App\usbd_desc.o
                0x24000094                HS_Desc
 .data.USBD_HS_DeviceDesc
                0x240000b4       0x12 USB_DEVICE\App\usbd_desc.o
                0x240000b4                USBD_HS_DeviceDesc
 *fill*         0x240000c6        0x2 
 .data.USBD_LangIDDesc
                0x240000c8        0x4 USB_DEVICE\App\usbd_desc.o
                0x240000c8                USBD_LangIDDesc
 .data.USBD_StringSerial
                0x240000cc       0x1a USB_DEVICE\App\usbd_desc.o
                0x240000cc                USBD_StringSerial
 *fill*         0x240000e6        0x2 
 .data.USBD_Storage_Interface_fops_HS
                0x240000e8       0x20 USB_DEVICE\App\usbd_storage_if.o
                0x240000e8                USBD_Storage_Interface_fops_HS
 *(.RamFunc)
 *(.RamFunc*)
                0x24000108                        . = ALIGN (0x4)
                0x24000108                        _edata = .

.igot.plt       0x24000108        0x0 load address 0x08010570
 .igot.plt      0x24000108        0x0 C:/ST/STM32CubeIDE_1.16.1/STM32CubeIDE/plugins/com.st.stm32cube.ide.mcu.externaltools.gnu-tools-for-stm32.13.3.rel1.win32_1.0.0.202411081344/tools/bin/../lib/gcc/arm-none-eabi/13.3.1/thumb/v7e-m+dp/hard/crtbegin.o
                0x24000108                        . = ALIGN (0x4)

.bss            0x24000108     0x94d0 load address 0x08010570
                0x24000108                        _sbss = .
                0x24000108                        __bss_start__ = _sbss
 *(.bss)
 .bss           0x24000108       0x1c C:/ST/STM32CubeIDE_1.16.1/STM32CubeIDE/plugins/com.st.stm32cube.ide.mcu.externaltools.gnu-tools-for-stm32.13.3.rel1.win32_1.0.0.202411081344/tools/bin/../lib/gcc/arm-none-eabi/13.3.1/thumb/v7e-m+dp/hard/crtbegin.o
 *(.bss*)
 .bss.hspiflash
                0x24000124        0x4 Core\Src\flash.o
                0x24000124                hspiflash
 .bss.keypad_matrix
                0x24000128       0x30 Core\Src\keypad.o
                0x24000128                keypad_matrix
 .bss.key_registered
                0x24000158        0xc Core\Src\keypad.o
                0x24000158                key_registered
 .bss.current_row
                0x24000164        0x4 Core\Src\keypad.o
 .bss.hspi1     0x24000168       0x88 Core\Src\main.o
                0x24000168                hspi1
 .bss.hspi2     0x240001f0       0x88 Core\Src\main.o
                0x240001f0                hspi2
 .bss.htim7     0x24000278       0x4c Core\Src\main.o
                0x24000278                htim7
 .bss.huart4    0x240002c4       0x94 Core\Src\main.o
                0x240002c4                huart4
 .bss.users     0x24000358       0x20 Core\Src\main.o
                0x24000358                users
 .bss.state     0x24000378        0x1 Core\Src\main.o
                0x24000378                state
 *fill*         0x24000379        0x3 
 .bss.uwTick    0x2400037c        0x4 Drivers\STM32H7xx_HAL_Driver\Src\stm32h7xx_hal.o
                0x2400037c                uwTick
 .bss.pFlash    0x24000380       0x1c Drivers\STM32H7xx_HAL_Driver\Src\stm32h7xx_hal_flash.o
                0x24000380                pFlash
 .bss.cfgidx.0  0x2400039c        0x1 Middlewares\ST\STM32_USB_Device_Library\Core\Src\usbd_ctlreq.o
 *fill*         0x2400039d        0x3 
 .bss.hUsbDeviceHS
                0x240003a0      0x2dc USB_DEVICE\App\usb_device.o
                0x240003a0                hUsbDeviceHS
 .bss.USBD_StrDesc
                0x2400067c      0x200 USB_DEVICE\App\usbd_desc.o
                0x2400067c                USBD_StrDesc
 .bss.buffer    0x2400087c     0x8000 USB_DEVICE\App\usbd_storage_if.o
                0x2400087c                buffer
 .bss.hpcd_USB_OTG_HS
                0x2400887c      0x4e4 USB_DEVICE\Target\usbd_conf.o
                0x2400887c                hpcd_USB_OTG_HS
 .bss.mem.0     0x24008d60      0x878 USB_DEVICE\Target\usbd_conf.o
 *(COMMON)
                0x240095d8                        . = ALIGN (0x4)
                0x240095d8                        _ebss = .
                0x240095d8                        __bss_end__ = _ebss

._user_heap_stack
                0x240095d8      0x600 load address 0x08010570
                0x240095d8                        . = ALIGN (0x8)
                [!provide]                        PROVIDE (end = .)
                0x240095d8                        PROVIDE (_end = .)
                0x240097d8                        . = (. + _Min_Heap_Size)
 *fill*         0x240095d8      0x200 
                0x24009bd8                        . = (. + _Min_Stack_Size)
 *fill*         0x240097d8      0x400 
                0x24009bd8                        . = ALIGN (0x8)

/DISCARD/
 libc.a(*)
 libm.a(*)
 libgcc.a(*)

.ARM.attributes
                0x00000000       0x2e
 *(.ARM.attributes)
 .ARM.attributes
                0x00000000       0x20 C:/ST/STM32CubeIDE_1.16.1/STM32CubeIDE/plugins/com.st.stm32cube.ide.mcu.externaltools.gnu-tools-for-stm32.13.3.rel1.win32_1.0.0.202411081344/tools/bin/../lib/gcc/arm-none-eabi/13.3.1/thumb/v7e-m+dp/hard/crti.o
 .ARM.attributes
                0x00000020       0x32 C:/ST/STM32CubeIDE_1.16.1/STM32CubeIDE/plugins/com.st.stm32cube.ide.mcu.externaltools.gnu-tools-for-stm32.13.3.rel1.win32_1.0.0.202411081344/tools/bin/../lib/gcc/arm-none-eabi/13.3.1/thumb/v7e-m+dp/hard/crtbegin.o
 .ARM.attributes
                0x00000052       0x32 Core\Src\fingerprint_sensor.o
 .ARM.attributes
                0x00000084       0x32 Core\Src\flash.o
 .ARM.attributes
                0x000000b6       0x32 Core\Src\keypad.o
 .ARM.attributes
                0x000000e8       0x32 Core\Src\lcd.o
 .ARM.attributes
                0x0000011a       0x32 Core\Src\main.o
 .ARM.attributes
                0x0000014c       0x32 Core\Src\stm32h7xx_hal_msp.o
 .ARM.attributes
                0x0000017e       0x32 Core\Src\stm32h7xx_it.o
 .ARM.attributes
                0x000001b0       0x32 Core\Src\system_stm32h7xx.o
 .ARM.attributes
                0x000001e2       0x21 Core\Startup\startup_stm32h7a3rgtx.o
 .ARM.attributes
                0x00000203       0x32 Drivers\STM32H7xx_HAL_Driver\Src\stm32h7xx_hal.o
 .ARM.attributes
                0x00000235       0x32 Drivers\STM32H7xx_HAL_Driver\Src\stm32h7xx_hal_cortex.o
 .ARM.attributes
                0x00000267       0x32 Drivers\STM32H7xx_HAL_Driver\Src\stm32h7xx_hal_flash.o
 .ARM.attributes
                0x00000299       0x32 Drivers\STM32H7xx_HAL_Driver\Src\stm32h7xx_hal_flash_ex.o
 .ARM.attributes
                0x000002cb       0x32 Drivers\STM32H7xx_HAL_Driver\Src\stm32h7xx_hal_gpio.o
 .ARM.attributes
                0x000002fd       0x32 Drivers\STM32H7xx_HAL_Driver\Src\stm32h7xx_hal_pcd.o
 .ARM.attributes
                0x0000032f       0x32 Drivers\STM32H7xx_HAL_Driver\Src\stm32h7xx_hal_pcd_ex.o
 .ARM.attributes
                0x00000361       0x32 Drivers\STM32H7xx_HAL_Driver\Src\stm32h7xx_hal_pwr_ex.o
 .ARM.attributes
                0x00000393       0x32 Drivers\STM32H7xx_HAL_Driver\Src\stm32h7xx_hal_rcc.o
 .ARM.attributes
                0x000003c5       0x32 Drivers\STM32H7xx_HAL_Driver\Src\stm32h7xx_hal_rcc_ex.o
 .ARM.attributes
                0x000003f7       0x32 Drivers\STM32H7xx_HAL_Driver\Src\stm32h7xx_hal_spi.o
 .ARM.attributes
                0x00000429       0x32 Drivers\STM32H7xx_HAL_Driver\Src\stm32h7xx_hal_tim.o
 .ARM.attributes
                0x0000045b       0x32 Drivers\STM32H7xx_HAL_Driver\Src\stm32h7xx_hal_tim_ex.o
 .ARM.attributes
                0x0000048d       0x32 Drivers\STM32H7xx_HAL_Driver\Src\stm32h7xx_hal_uart.o
 .ARM.attributes
                0x000004bf       0x32 Drivers\STM32H7xx_HAL_Driver\Src\stm32h7xx_hal_uart_ex.o
 .ARM.attributes
                0x000004f1       0x32 Drivers\STM32H7xx_HAL_Driver\Src\stm32h7xx_ll_usb.o
 .ARM.attributes
                0x00000523       0x32 Middlewares\ST\STM32_USB_Device_Library\Class\MSC\Src\usbd_msc.o
 .ARM.attributes
                0x00000555       0x32 Middlewares\ST\STM32_USB_Device_Library\Class\MSC\Src\usbd_msc_bot.o
 .ARM.attributes
                0x00000587       0x32 Middlewares\ST\STM32_USB_Device_Library\Class\MSC\Src\usbd_msc_data.o
 .ARM.attributes
                0x000005b9       0x32 Middlewares\ST\STM32_USB_Device_Library\Class\MSC\Src\usbd_msc_scsi.o
 .ARM.attributes
                0x000005eb       0x32 Middlewares\ST\STM32_USB_Device_Library\Core\Src\usbd_core.o
 .ARM.attributes
                0x0000061d       0x32 Middlewares\ST\STM32_USB_Device_Library\Core\Src\usbd_ctlreq.o
 .ARM.attributes
                0x0000064f       0x32 Middlewares\ST\STM32_USB_Device_Library\Core\Src\usbd_ioreq.o
 .ARM.attributes
                0x00000681       0x32 USB_DEVICE\App\usb_device.o
 .ARM.attributes
                0x000006b3       0x32 USB_DEVICE\App\usbd_desc.o
 .ARM.attributes
                0x000006e5       0x32 USB_DEVICE\App\usbd_storage_if.o
 .ARM.attributes
                0x00000717       0x32 USB_DEVICE\Target\usbd_conf.o
 .ARM.attributes
                0x00000749       0x32 C:/ST/STM32CubeIDE_1.16.1/STM32CubeIDE/plugins/com.st.stm32cube.ide.mcu.externaltools.gnu-tools-for-stm32.13.3.rel1.win32_1.0.0.202411081344/tools/bin/../lib/gcc/arm-none-eabi/13.3.1/../../../../arm-none-eabi/lib/thumb/v7e-m+dp/hard\libc_nano.a(libc_a-memset.o)
 .ARM.attributes
                0x0000077b       0x32 C:/ST/STM32CubeIDE_1.16.1/STM32CubeIDE/plugins/com.st.stm32cube.ide.mcu.externaltools.gnu-tools-for-stm32.13.3.rel1.win32_1.0.0.202411081344/tools/bin/../lib/gcc/arm-none-eabi/13.3.1/../../../../arm-none-eabi/lib/thumb/v7e-m+dp/hard\libc_nano.a(libc_a-init.o)
 .ARM.attributes
                0x000007ad       0x32 C:/ST/STM32CubeIDE_1.16.1/STM32CubeIDE/plugins/com.st.stm32cube.ide.mcu.externaltools.gnu-tools-for-stm32.13.3.rel1.win32_1.0.0.202411081344/tools/bin/../lib/gcc/arm-none-eabi/13.3.1/../../../../arm-none-eabi/lib/thumb/v7e-m+dp/hard\libc_nano.a(libc_a-memcpy-stub.o)
 .ARM.attributes
                0x000007df       0x17 C:/ST/STM32CubeIDE_1.16.1/STM32CubeIDE/plugins/com.st.stm32cube.ide.mcu.externaltools.gnu-tools-for-stm32.13.3.rel1.win32_1.0.0.202411081344/tools/bin/../lib/gcc/arm-none-eabi/13.3.1/../../../../arm-none-eabi/lib/thumb/v7e-m+dp/hard\libc_nano.a(libc_a-strlen.o)
 .ARM.attributes
                0x000007f6       0x20 C:/ST/STM32CubeIDE_1.16.1/STM32CubeIDE/plugins/com.st.stm32cube.ide.mcu.externaltools.gnu-tools-for-stm32.13.3.rel1.win32_1.0.0.202411081344/tools/bin/../lib/gcc/arm-none-eabi/13.3.1/thumb/v7e-m+dp/hard\libgcc.a(_aeabi_uldivmod.o)
 .ARM.attributes
                0x00000816       0x32 C:/ST/STM32CubeIDE_1.16.1/STM32CubeIDE/plugins/com.st.stm32cube.ide.mcu.externaltools.gnu-tools-for-stm32.13.3.rel1.win32_1.0.0.202411081344/tools/bin/../lib/gcc/arm-none-eabi/13.3.1/thumb/v7e-m+dp/hard\libgcc.a(_udivmoddi4.o)
 .ARM.attributes
                0x00000848       0x20 C:/ST/STM32CubeIDE_1.16.1/STM32CubeIDE/plugins/com.st.stm32cube.ide.mcu.externaltools.gnu-tools-for-stm32.13.3.rel1.win32_1.0.0.202411081344/tools/bin/../lib/gcc/arm-none-eabi/13.3.1/thumb/v7e-m+dp/hard\libgcc.a(_dvmd_tls.o)
 .ARM.attributes
                0x00000868       0x20 C:/ST/STM32CubeIDE_1.16.1/STM32CubeIDE/plugins/com.st.stm32cube.ide.mcu.externaltools.gnu-tools-for-stm32.13.3.rel1.win32_1.0.0.202411081344/tools/bin/../lib/gcc/arm-none-eabi/13.3.1/thumb/v7e-m+dp/hard/crtn.o
OUTPUT(encrypted_usb_drive_final.elf elf32-littlearm)
LOAD linker stubs
LOAD C:/ST/STM32CubeIDE_1.16.1/STM32CubeIDE/plugins/com.st.stm32cube.ide.mcu.externaltools.gnu-tools-for-stm32.13.3.rel1.win32_1.0.0.202411081344/tools/bin/../lib/gcc/arm-none-eabi/13.3.1/../../../../arm-none-eabi/lib/thumb/v7e-m+dp/hard\libc.a
LOAD C:/ST/STM32CubeIDE_1.16.1/STM32CubeIDE/plugins/com.st.stm32cube.ide.mcu.externaltools.gnu-tools-for-stm32.13.3.rel1.win32_1.0.0.202411081344/tools/bin/../lib/gcc/arm-none-eabi/13.3.1/../../../../arm-none-eabi/lib/thumb/v7e-m+dp/hard\libm.a
LOAD C:/ST/STM32CubeIDE_1.16.1/STM32CubeIDE/plugins/com.st.stm32cube.ide.mcu.externaltools.gnu-tools-for-stm32.13.3.rel1.win32_1.0.0.202411081344/tools/bin/../lib/gcc/arm-none-eabi/13.3.1/thumb/v7e-m+dp/hard\libgcc.a

.debug_info     0x00000000    0x27e3f
 .debug_info    0x00000000      0xb2a Core\Src\fingerprint_sensor.o
 .debug_info    0x00000b2a     0x143b Core\Src\flash.o
 .debug_info    0x00001f65      0xa78 Core\Src\keypad.o
 .debug_info    0x000029dd      0xc89 Core\Src\lcd.o
 .debug_info    0x00003666     0x2bd2 Core\Src\main.o
 .debug_info    0x00006238     0x1c9d Core\Src\stm32h7xx_hal_msp.o
 .debug_info    0x00007ed5      0xd7b Core\Src\stm32h7xx_it.o
 .debug_info    0x00008c50      0xd33 Core\Src\system_stm32h7xx.o
 .debug_info    0x00009983       0x30 Core\Startup\startup_stm32h7a3rgtx.o
 .debug_info    0x000099b3     0x13f1 Drivers\STM32H7xx_HAL_Driver\Src\stm32h7xx_hal.o
 .debug_info    0x0000ada4     0x1093 Drivers\STM32H7xx_HAL_Driver\Src\stm32h7xx_hal_cortex.o
 .debug_info    0x0000be37      0x87b Drivers\STM32H7xx_HAL_Driver\Src\stm32h7xx_hal_flash.o
 .debug_info    0x0000c6b2      0xcee Drivers\STM32H7xx_HAL_Driver\Src\stm32h7xx_hal_flash_ex.o
 .debug_info    0x0000d3a0      0xb3a Drivers\STM32H7xx_HAL_Driver\Src\stm32h7xx_hal_gpio.o