Archive member included to satisfy reference by file (symbol)

C:/ST/STM32CubeIDE_1.16.1/STM32CubeIDE/plugins/com.st.stm32cube.ide.mcu.externaltools.gnu-tools-for-stm32.13.3.rel1.win32_1.0.0.202411081344/tools/bin/../lib/gcc/arm-none-eabi/13.3.1/../../../../arm-none-eabi/lib/thumb/v7e-m+dp/hard\libc_nano.a(libc_a-exit.o)
                              C:/ST/STM32CubeIDE_1.16.1/STM32CubeIDE/plugins/com.st.stm32cube.ide.mcu.externaltools.gnu-tools-for-stm32.13.3.rel1.win32_1.0.0.202411081344/tools/bin/../lib/gcc/arm-none-eabi/13.3.1/../../../../arm-none-eabi/lib/thumb/v7e-m+dp/hard/crt0.o (exit)
C:/ST/STM32CubeIDE_1.16.1/STM32CubeIDE/plugins/com.st.stm32cube.ide.mcu.externaltools.gnu-tools-for-stm32.13.3.rel1.win32_1.0.0.202411081344/tools/bin/../lib/gcc/arm-none-eabi/13.3.1/../../../../arm-none-eabi/lib/thumb/v7e-m+dp/hard\libc_nano.a(libc_a-findfp.o)
                              C:/ST/STM32CubeIDE_1.16.1/STM32CubeIDE/plugins/com.st.stm32cube.ide.mcu.externaltools.gnu-tools-for-stm32.13.3.rel1.win32_1.0.0.202411081344/tools/bin/../lib/gcc/arm-none-eabi/13.3.1/../../../../arm-none-eabi/lib/thumb/v7e-m+dp/hard\libc_nano.a(libc_a-exit.o) (__stdio_exit_handler)
C:/ST/STM32CubeIDE_1.16.1/STM32CubeIDE/plugins/com.st.stm32cube.ide.mcu.externaltools.gnu-tools-for-stm32.13.3.rel1.win32_1.0.0.202411081344/tools/bin/../lib/gcc/arm-none-eabi/13.3.1/../../../../arm-none-eabi/lib/thumb/v7e-m+dp/hard\libc_nano.a(libc_a-fwalk.o)
                              C:/ST/STM32CubeIDE_1.16.1/STM32CubeIDE/plugins/com.st.stm32cube.ide.mcu.externaltools.gnu-tools-for-stm32.13.3.rel1.win32_1.0.0.202411081344/tools/bin/../lib/gcc/arm-none-eabi/13.3.1/../../../../arm-none-eabi/lib/thumb/v7e-m+dp/hard\libc_nano.a(libc_a-findfp.o) (_fwalk_sglue)
C:/ST/STM32CubeIDE_1.16.1/STM32CubeIDE/plugins/com.st.stm32cube.ide.mcu.externaltools.gnu-tools-for-stm32.13.3.rel1.win32_1.0.0.202411081344/tools/bin/../lib/gcc/arm-none-eabi/13.3.1/../../../../arm-none-eabi/lib/thumb/v7e-m+dp/hard\libc_nano.a(libc_a-stdio.o)
                              C:/ST/STM32CubeIDE_1.16.1/STM32CubeIDE/plugins/com.st.stm32cube.ide.mcu.externaltools.gnu-tools-for-stm32.13.3.rel1.win32_1.0.0.202411081344/tools/bin/../lib/gcc/arm-none-eabi/13.3.1/../../../../arm-none-eabi/lib/thumb/v7e-m+dp/hard\libc_nano.a(libc_a-findfp.o) (__sread)
C:/ST/STM32CubeIDE_1.16.1/STM32CubeIDE/plugins/com.st.stm32cube.ide.mcu.externaltools.gnu-tools-for-stm32.13.3.rel1.win32_1.0.0.202411081344/tools/bin/../lib/gcc/arm-none-eabi/13.3.1/../../../../arm-none-eabi/lib/thumb/v7e-m+dp/hard\libc_nano.a(libc_a-memset.o)
                              C:/ST/STM32CubeIDE_1.16.1/STM32CubeIDE/plugins/com.st.stm32cube.ide.mcu.externaltools.gnu-tools-for-stm32.13.3.rel1.win32_1.0.0.202411081344/tools/bin/../lib/gcc/arm-none-eabi/13.3.1/../../../../arm-none-eabi/lib/thumb/v7e-m+dp/hard/crt0.o (memset)
C:/ST/STM32CubeIDE_1.16.1/STM32CubeIDE/plugins/com.st.stm32cube.ide.mcu.externaltools.gnu-tools-for-stm32.13.3.rel1.win32_1.0.0.202411081344/tools/bin/../lib/gcc/arm-none-eabi/13.3.1/../../../../arm-none-eabi/lib/thumb/v7e-m+dp/hard\libc_nano.a(libc_a-closer.o)
                              C:/ST/STM32CubeIDE_1.16.1/STM32CubeIDE/plugins/com.st.stm32cube.ide.mcu.externaltools.gnu-tools-for-stm32.13.3.rel1.win32_1.0.0.202411081344/tools/bin/../lib/gcc/arm-none-eabi/13.3.1/../../../../arm-none-eabi/lib/thumb/v7e-m+dp/hard\libc_nano.a(libc_a-stdio.o) (_close_r)
C:/ST/STM32CubeIDE_1.16.1/STM32CubeIDE/plugins/com.st.stm32cube.ide.mcu.externaltools.gnu-tools-for-stm32.13.3.rel1.win32_1.0.0.202411081344/tools/bin/../lib/gcc/arm-none-eabi/13.3.1/../../../../arm-none-eabi/lib/thumb/v7e-m+dp/hard\libc_nano.a(libc_a-reent.o)
                              C:/ST/STM32CubeIDE_1.16.1/STM32CubeIDE/plugins/com.st.stm32cube.ide.mcu.externaltools.gnu-tools-for-stm32.13.3.rel1.win32_1.0.0.202411081344/tools/bin/../lib/gcc/arm-none-eabi/13.3.1/../../../../arm-none-eabi/lib/thumb/v7e-m+dp/hard\libc_nano.a(libc_a-closer.o) (errno)
C:/ST/STM32CubeIDE_1.16.1/STM32CubeIDE/plugins/com.st.stm32cube.ide.mcu.externaltools.gnu-tools-for-stm32.13.3.rel1.win32_1.0.0.202411081344/tools/bin/../lib/gcc/arm-none-eabi/13.3.1/../../../../arm-none-eabi/lib/thumb/v7e-m+dp/hard\libc_nano.a(libc_a-impure.o)
                              C:/ST/STM32CubeIDE_1.16.1/STM32CubeIDE/plugins/com.st.stm32cube.ide.mcu.externaltools.gnu-tools-for-stm32.13.3.rel1.win32_1.0.0.202411081344/tools/bin/../lib/gcc/arm-none-eabi/13.3.1/../../../../arm-none-eabi/lib/thumb/v7e-m+dp/hard\libc_nano.a(libc_a-reent.o) (_impure_ptr)
C:/ST/STM32CubeIDE_1.16.1/STM32CubeIDE/plugins/com.st.stm32cube.ide.mcu.externaltools.gnu-tools-for-stm32.13.3.rel1.win32_1.0.0.202411081344/tools/bin/../lib/gcc/arm-none-eabi/13.3.1/../../../../arm-none-eabi/lib/thumb/v7e-m+dp/hard\libc_nano.a(libc_a-lseekr.o)
[...]
Memory Configuration

Name             Origin             Length             Attributes
ITCMRAM          0x00000000         0x00010000         xrw
FLASH            0x08000000         0x00080000         xr
FLASH2           0x08100000         0x00080000         xr
DTCMRAM1         0x20000000         0x00010000         xrw
DTCMRAM2         0x20010000         0x00010000         xrw
RAM              0x24000000         0x00100000         xrw
RAM_CD           0x30000000         0x00020000         xrw
RAM_SRD          0x38000000         0x00008000         xrw
*default*        0x00000000         0xffffffff

Linker script and memory map

LOAD C:/ST/STM32CubeIDE_1.16.1/STM32CubeIDE/plugins/com.st.stm32cube.ide.mcu.externaltools.gnu-tools-for-stm32.13.3.rel1.win32_1.0.0.202411081344/tools/bin/../lib/gcc/arm-none-eabi/13.3.1/thumb/v7e-m+dp/hard/crti.o
LOAD C:/ST/STM32CubeIDE_1.16.1/STM32CubeIDE/plugins/com.st.stm32cube.ide.mcu.externaltools.gnu-tools-for-stm32.13.3.rel1.win32_1.0.0.202411081344/tools/bin/../lib/gcc/arm-none-eabi/13.3.1/thumb/v7e-m+dp/hard/crtbegin.o
LOAD C:/ST/STM32CubeIDE_1.16.1/STM32CubeIDE/plugins/com.st.stm32cube.ide.mcu.externaltools.gnu-tools-for-stm32.13.3.rel1.win32_1.0.0.202411081344/tools/bin/../lib/gcc/arm-none-eabi/13.3.1/../../../../arm-none-eabi/lib/thumb/v7e-m+dp/hard/crt0.o
LOAD Core\Src\fingerprint_sensor.o
LOAD Core\Src\flash.o
LOAD Core\Src\keypad.o
LOAD Core\Src\lcd.o
LOAD Core\Src\main.o
LOAD Core\Src\stm32h7xx_hal_msp.o
LOAD Core\Src\stm32h7xx_it.o
LOAD Core\Src\syscalls.o
LOAD Core\Src\sysmem.o
LOAD Core\Src\system_stm32h7xx.o
LOAD Core\Startup\startup_stm32h7a3rgtx.o
LOAD Drivers\STM32H7xx_HAL_Driver\Src\stm32h7xx_hal.o
LOAD Drivers\STM32H7xx_HAL_Driver\Src\stm32h7xx_hal_cortex.o
LOAD Drivers\STM32H7xx_HAL_Driver\Src\stm32h7xx_hal_dma.o
LOAD Drivers\STM32H7xx_HAL_Driver\Src\stm32h7xx_hal_dma_ex.o
LOAD Drivers\STM32H7xx_HAL_Driver\Src\stm32h7xx_hal_exti.o
LOAD Drivers\STM32H7xx_HAL_Driver\Src\stm32h7xx_hal_flash.o
LOAD Drivers\STM32H7xx_HAL_Driver\Src\stm32h7xx_hal_flash_ex.o
LOAD Drivers\STM32H7xx_HAL_Driver\Src\stm32h7xx_hal_gpio.o
LOAD Drivers\STM32H7xx_HAL_Driver\Src\stm32h7xx_hal_hsem.o
LOAD Drivers\STM32H7xx_HAL_Driver\Src\stm32h7xx_hal_i2c.o
LOAD Drivers\STM32H7xx_HAL_Driver\Src\stm32h7xx_hal_i2c_ex.o
LOAD Drivers\STM32H7xx_HAL_Driver\Src\stm32h7xx_hal_mdma.o
LOAD Drivers\STM32H7xx_HAL_Driver\Src\stm32h7xx_hal_pcd.o
LOAD Drivers\STM32H7xx_HAL_Driver\Src\stm32h7xx_hal_pcd_ex.o
LOAD Drivers\STM32H7xx_HAL_Driver\Src\stm32h7xx_hal_pwr.o
LOAD Drivers\STM32H7xx_HAL_Driver\Src\stm32h7xx_hal_pwr_ex.o
LOAD Drivers\STM32H7xx_HAL_Driver\Src\stm32h7xx_hal_rcc.o
LOAD Drivers\STM32H7xx_HAL_Driver\Src\stm32h7xx_hal_rcc_ex.o
LOAD Drivers\STM32H7xx_HAL_Driver\Src\stm32h7xx_hal_spi.o
LOAD Drivers\STM32H7xx_HAL_Driver\Src\stm32h7xx_hal_spi_ex.o
LOAD Drivers\STM32H7xx_HAL_Driver\Src\stm32h7xx_hal_tim.o
LOAD Drivers\STM32H7xx_HAL_Driver\Src\stm32h7xx_hal_tim_ex.o
LOAD Drivers\STM32H7xx_HAL_Driver\Src\stm32h7xx_hal_uart.o
LOAD Drivers\STM32H7xx_HAL_Driver\Src\stm32h7xx_hal_uart_ex.o
LOAD Drivers\STM32H7xx_HAL_Driver\Src\stm32h7xx_ll_usb.o
LOAD Middlewares\ST\STM32_USB_Device_Library\Class\MSC\Src\usbd_msc.o
LOAD Middlewares\ST\STM32_USB_Device_Library\Class\MSC\Src\usbd_msc_bot.o
LOAD Middlewares\ST\STM32_USB_Device_Library\Class\MSC\Src\usbd_msc_data.o
LOAD Middlewares\ST\STM32_USB_Device_Library\Class\MSC\Src\usbd_msc_scsi.o
LOAD Middlewares\ST\STM32_USB_Device_Library\Core\Src\usbd_core.o
LOAD Middlewares\ST\STM32_USB_Device_Library\Core\Src\usbd_ctlreq.o
LOAD Middlewares\ST\STM32_USB_Device_Library\Core\Src\usbd_ioreq.o
LOAD USB_DEVICE\App\usb_device.o
LOAD USB_DEVICE\App\usbd_desc.o
LOAD USB_DEVICE\App\usbd_storage_if.o
LOAD USB_DEVICE\Target\usbd_conf.o
START GROUP
LOAD C:/ST/STM32CubeIDE_1.16.1/STM32CubeIDE/plugins/com.st.stm32cube.ide.mcu.externaltools.gnu-tools-for-stm32.13.3.rel1.win32_1.0.0.202411081344/tools/bin/../lib/gcc/arm-none-eabi/13.3.1/../../../../arm-none-eabi/lib/thumb/v7e-m+dp/hard\libc_nano.a
LOAD C:/ST/STM32CubeIDE_1.16.1/STM32CubeIDE/plugins/com.st.stm32cube.ide.mcu.externaltools.gnu-tools-for-stm32.13.3.rel1.win32_1.0.0.202411081344/tools/bin/../lib/gcc/arm-none-eabi/13.3.1/../../../../arm-none-eabi/lib/thumb/v7e-m+dp/hard\libm.a
END GROUP
START GROUP
LOAD C:/ST/STM32CubeIDE_1.16.1/STM32CubeIDE/plugins/com.st.stm32cube.ide.mcu.externaltools.gnu-tools-for-stm32.13.3.rel1.win32_1.0.0.202411081344/tools/bin/../lib/gcc/arm-none-eabi/13.3.1/thumb/v7e-m+dp/hard\libgcc.a
LOAD C:/ST/STM32CubeIDE_1.16.1/STM32CubeIDE/plugins/com.st.stm32cube.ide.mcu.externaltools.gnu-tools-for-stm32.13.3.rel1.win32_1.0.0.202411081344/tools/bin/../lib/gcc/arm-none-eabi/13.3.1/../../../../arm-none-eabi/lib/thumb/v7e-m+dp/hard\libc_nano.a
END GROUP
START GROUP
LOAD C:/ST/STM32CubeIDE_1.16.1/STM32CubeIDE/plugins/com.st.stm32cube.ide.mcu.externaltools.gnu-tools-for-stm32.13.3.rel1.win32_1.0.0.202411081344/tools/bin/../lib/gcc/arm-none-eabi/13.3.1/thumb/v7e-m+dp/hard\libgcc.a
LOAD C:/ST/STM32CubeIDE_1.16.1/STM32CubeIDE/plugins/com.st.stm32cube.ide.mcu.externaltools.gnu-tools-for-stm32.13.3.rel1.win32_1.0.0.202411081344/tools/bin/../lib/gcc/arm-none-eabi/13.3.1/../../../../arm-none-eabi/lib/thumb/v7e-m+dp/hard\libc_nano.a
LOAD C:/ST/STM32CubeIDE_1.16.1/STM32CubeIDE/plugins/com.st.stm32cube.ide.mcu.externaltools.gnu-tools-for-stm32.13.3.rel1.win32_1.0.0.202411081344/tools/bin/../lib/gcc/arm-none-eabi/13.3.1/../../../../arm-none-eabi/lib/thumb/v7e-m+dp/hard\libnosys.a
END GROUP
START GROUP
LOAD C:/ST/STM32CubeIDE_1.16.1/STM32CubeIDE/plugins/com.st.stm32cube.ide.mcu.externaltools.gnu-tools-for-stm32.13.3.rel1.win32_1.0.0.202411081344/tools/bin/../lib/gcc/arm-none-eabi/13.3.1/thumb/v7e-m+dp/hard\libgcc.a
LOAD C:/ST/STM32CubeIDE_1.16.1/STM32CubeIDE/plugins/com.st.stm32cube.ide.mcu.externaltools.gnu-tools-for-stm32.13.3.rel1.win32_1.0.0.202411081344/tools/bin/../lib/gcc/arm-none-eabi/13.3.1/../../../../arm-none-eabi/lib/thumb/v7e-m+dp/hard\libc_nano.a
LOAD C:/ST/STM32CubeIDE_1.16.1/STM32CubeIDE/plugins/com.st.stm32cube.ide.mcu.externaltools.gnu-tools-for-stm32.13.3.rel1.win32_1.0.0.202411081344/tools/bin/../lib/gcc/arm-none-eabi/13.3.1/../../../../arm-none-eabi/lib/thumb/v7e-m+dp/hard\libnosys.a
END GROUP
LOAD C:/ST/STM32CubeIDE_1.16.1/STM32CubeIDE/plugins/com.st.stm32cube.ide.mcu.externaltools.gnu-tools-for-stm32.13.3.rel1.win32_1.0.0.202411081344/tools/bin/../lib/gcc/arm-none-eabi/13.3.1/thumb/v7e-m+dp/hard/crtend.o
LOAD C:/ST/STM32CubeIDE_1.16.1/STM32CubeIDE/plugins/com.st.stm32cube.ide.mcu.externaltools.gnu-tools-for-stm32.13.3.rel1.win32_1.0.0.202411081344/tools/bin/../lib/gcc/arm-none-eabi/13.3.1/thumb/v7e-m+dp/hard/crtn.o
                0x24100000                        _estack = (ORIGIN (RAM) + LENGTH (RAM))
                0x00000200                        _Min_Heap_Size = 0x200
                0x00000400                        _Min_Stack_Size = 0x400

.isr_vector     0x08000000      0x2ac
                0x08000000                        . = ALIGN (0x4)
 *(.isr_vector)
 .isr_vector    0x08000000      0x2ac Core\Startup\startup_stm32h7a3rgtx.o
                0x08000000                g_pfnVectors
                0x080002ac                        . = ALIGN (0x4)

.text           0x080002ac     0xb6f4
                0x080002ac                        . = ALIGN (0x4)
 *(.text)
 .text          0x080002ac       0x40 C:/ST/STM32CubeIDE_1.16.1/STM32CubeIDE/plugins/com.st.stm32cube.ide.mcu.externaltools.gnu-tools-for-stm32.13.3.rel1.win32_1.0.0.202411081344/tools/bin/../lib/gcc/arm-none-eabi/13.3.1/thumb/v7e-m+dp/hard/crtbegin.o
 .text          0x080002ec       0x30 C:/ST/STM32CubeIDE_1.16.1/STM32CubeIDE/plugins/com.st.stm32cube.ide.mcu.externaltools.gnu-tools-for-stm32.13.3.rel1.win32_1.0.0.202411081344/tools/bin/../lib/gcc/arm-none-eabi/13.3.1/thumb/v7e-m+dp/hard\libgcc.a(_aeabi_uldivmod.o)
                0x080002ec                __aeabi_uldivmod
 .text          0x0800031c      0x2f8 C:/ST/STM32CubeIDE_1.16.1/STM32CubeIDE/plugins/com.st.stm32cube.ide.mcu.externaltools.gnu-tools-for-stm32.13.3.rel1.win32_1.0.0.202411081344/tools/bin/../lib/gcc/arm-none-eabi/13.3.1/thumb/v7e-m+dp/hard\libgcc.a(_udivmoddi4.o)
                0x0800031c                __udivmoddi4
 .text          0x08000614        0x4 C:/ST/STM32CubeIDE_1.16.1/STM32CubeIDE/plugins/com.st.stm32cube.ide.mcu.externaltools.gnu-tools-for-stm32.13.3.rel1.win32_1.0.0.202411081344/tools/bin/../lib/gcc/arm-none-eabi/13.3.1/thumb/v7e-m+dp/hard\libgcc.a(_dvmd_tls.o)
                0x08000614                __aeabi_idiv0
                0x08000614                __aeabi_ldiv0
 *(.text*)
 .text.flash_init
                0x08000618       0x34 Core\Src\flash.o
                0x08000618                flash_init
 .text.flash_read
                0x0800064c      0x190 Core\Src\flash.o
                0x0800064c                flash_read
 .text.flash_write
                0x080007dc      0x6d4 Core\Src\flash.o
                0x080007dc                flash_write
 .text.flash_blk_manage
                0x08000eb0      0x14c Core\Src\flash.o
                0x08000eb0                flash_blk_manage
 .text.flash_write_from_erase
                0x08000ffc      0x104 Core\Src\flash.o
                0x08000ffc                flash_write_from_erase
 .text.check_pointers
                0x08001100       0x20 Core\Src\flash.o
                0x08001100                check_pointers
 .text.check_busy
                0x08001120       0x38 Core\Src\flash.o
                0x08001120                check_busy
 .text.set_flash_chip_num
                0x08001158       0x20 Core\Src\flash.o
                0x08001158                set_flash_chip_num
 .text.reset_ic
                0x08001178       0x7c Core\Src\flash.o
                0x08001178                reset_ic
 .text.flash_page_read
                0x080011f4       0xc0 Core\Src\flash.o
                0x080011f4                flash_page_read
 .text.flash_data_read
                0x080012b4      0x1b0 Core\Src\flash.o
                0x080012b4                flash_data_read
 .text.flash_data_write
                0x08001464      0x154 Core\Src\flash.o
                0x08001464                flash_data_write
 .text.flash_page_write
                0x080015b8      0x108 Core\Src\flash.o
                0x080015b8                flash_page_write
 .text.flash_block_erase
                0x080016c0      0x108 Core\Src\flash.o
                0x080016c0                flash_block_erase
 .text.flash_read_status_register
                0x080017c8       0xdc Core\Src\flash.o
                0x080017c8                flash_read_status_register
 .text.flash_write_status_register
                0x080018a4       0xc4 Core\Src\flash.o
                0x080018a4                flash_write_status_register
 .text.pin_setup
                0x08001968      0x188 Core\Src\flash.o
                0x08001968                pin_setup
 .text.lcd_welcome
                0x08001af0       0x30 Core\Src\lcd.o
                0x08001af0                lcd_welcome
 .text.lcd_clear
                0x08001b20       0x26 Core\Src\lcd.o
                0x08001b20                lcd_clear
 .text.lcd_on   0x08001b46       0x26 Core\Src\lcd.o
                0x08001b46                lcd_on
 .text.send_bytes
                0x08001b6c       0x70 Core\Src\lcd.o
                0x08001b6c                send_bytes
 .text.main     0x08001bdc      0x170 Core\Src\main.o
                0x08001bdc                main
 .text.SystemClock_Config
                0x08001d4c       0xec Core\Src\main.o
                0x08001d4c                SystemClock_Config
 .text.MX_SPI1_Init
                0x08001e38       0xac Core\Src\main.o
 .text.MX_SPI2_Init
                0x08001ee4       0xac Core\Src\main.o
 .text.MX_TIM7_Init
                0x08001f90       0x70 Core\Src\main.o
 .text.MX_UART4_Init
                0x08002000       0x98 Core\Src\main.o
 .text.MX_GPIO_Init
                0x08002098      0x168 Core\Src\main.o
 .text.Write_Pin
                0x08002200       0x38 Core\Src\main.o
                0x08002200                Write_Pin
 .text.init_pin
                0x08002238      0x128 Core\Src\main.o
                0x08002238                init_pin
 .text.MPU_Config
                0x08002360       0x58 Core\Src\main.o
 .text.Error_Handler
                0x080023b8        0xc Core\Src\main.o
                0x080023b8                Error_Handler
 .text.HAL_MspInit
                0x080023c4       0x34 Core\Src\stm32h7xx_hal_msp.o
                0x080023c4                HAL_MspInit
 .text.HAL_SPI_MspInit
                0x080023f8      0x170 Core\Src\stm32h7xx_hal_msp.o
                0x080023f8                HAL_SPI_MspInit
 .text.HAL_TIM_Base_MspInit
                0x08002568       0x44 Core\Src\stm32h7xx_hal_msp.o
                0x08002568                HAL_TIM_Base_MspInit
 .text.HAL_UART_MspInit
                0x080025ac       0xd0 Core\Src\stm32h7xx_hal_msp.o
                0x080025ac                HAL_UART_MspInit
 .text.NMI_Handler
                0x0800267c        0x8 Core\Src\stm32h7xx_it.o
                0x0800267c                NMI_Handler
 .text.HardFault_Handler
                0x08002684        0x8 Core\Src\stm32h7xx_it.o
                0x08002684                HardFault_Handler
 .text.MemManage_Handler
                0x0800268c        0x8 Core\Src\stm32h7xx_it.o
                0x0800268c                MemManage_Handler
 .text.BusFault_Handler
                0x08002694        0x8 Core\Src\stm32h7xx_it.o
                0x08002694                BusFault_Handler
 .text.UsageFault_Handler
                0x0800269c        0x8 Core\Src\stm32h7xx_it.o
                0x0800269c                UsageFault_Handler
 .text.SVC_Handler
                0x080026a4        0xe Core\Src\stm32h7xx_it.o
                0x080026a4                SVC_Handler
 .text.DebugMon_Handler
                0x080026b2        0xe Core\Src\stm32h7xx_it.o
                0x080026b2                DebugMon_Handler
 .text.PendSV_Handler
                0x080026c0        0xe Core\Src\stm32h7xx_it.o
                0x080026c0                PendSV_Handler
 .text.SysTick_Handler
                0x080026ce        0xc Core\Src\stm32h7xx_it.o
                0x080026ce                SysTick_Handler
 *fill*         0x080026da        0x2 
 .text.OTG_HS_IRQHandler
                0x080026dc       0x14 Core\Src\stm32h7xx_it.o
                0x080026dc                OTG_HS_IRQHandler
 .text.SystemInit
                0x080026f0      0x120 Core\Src\system_stm32h7xx.o
                0x080026f0                SystemInit
 .text.ExitRun0Mode
                0x08002810       0x30 Core\Src\system_stm32h7xx.o
                0x08002810                ExitRun0Mode
 .text.Reset_Handler
                0x08002840       0x54 Core\Startup\startup_stm32h7a3rgtx.o
                0x08002840                Reset_Handler
 .text.Default_Handler
                0x08002894        0x2 Core\Startup\startup_stm32h7a3rgtx.o
                0x08002894                RTC_Alarm_IRQHandler
                0x08002894                EXTI2_IRQHandler
                0x08002894                TIM8_CC_IRQHandler
                0x08002894                UART8_IRQHandler
                0x08002894                BDMA2_Channel1_IRQHandler
                0x08002894                SPI4_IRQHandler
                0x08002894                BDMA2_Channel0_IRQHandler
                0x08002894                TIM1_CC_IRQHandler
                0x08002894                DMA2_Stream5_IRQHandler
                0x08002894                JPEG_IRQHandler
                0x08002894                DMA1_Stream5_IRQHandler
                0x08002894                EXTI3_IRQHandler
                0x08002894                LPTIM4_IRQHandler
                0x08002894                TIM8_TRG_COM_TIM14_IRQHandler
                0x08002894                LPTIM2_IRQHandler
                0x08002894                DFSDM1_FLT1_IRQHandler
                0x08002894                DMAMUX2_OVR_IRQHandler
                0x08002894                GFXMMU_IRQHandler
                0x08002894                TIM8_UP_TIM13_IRQHandler
                0x08002894                I2C3_ER_IRQHandler
                0x08002894                DFSDM1_FLT2_IRQHandler
                0x08002894                USART10_IRQHandler
                0x08002894                MDMA_IRQHandler
                0x08002894                LPTIM3_IRQHandler
                0x08002894                BDMA2_Channel3_IRQHandler
                0x08002894                HSEM1_IRQHandler
                0x08002894                EXTI0_IRQHandler
                0x08002894                I2C2_EV_IRQHandler
                0x08002894                DAC2_IRQHandler
                0x08002894                DMA1_Stream2_IRQHandler
                0x08002894                FPU_IRQHandler
                0x08002894                OTG_HS_WKUP_IRQHandler
                0x08002894                FDCAN1_IT1_IRQHandler
                0x08002894                LTDC_ER_IRQHandler
                0x08002894                DMA2_Stream2_IRQHandler
                0x08002894                SPI1_IRQHandler
                0x08002894                OCTOSPI1_IRQHandler
                0x08002894                TIM6_DAC_IRQHandler
                0x08002894                BDMA2_Channel6_IRQHandler
                0x08002894                DMA2_Stream3_IRQHandler
                0x08002894                OCTOSPI2_IRQHandler
                0x08002894                SAI2_IRQHandler
                0x08002894                BDMA1_IRQHandler
                0x08002894                DFSDM1_FLT3_IRQHandler
                0x08002894                USART6_IRQHandler
                0x08002894                TIM17_IRQHandler
                0x08002894                USART3_IRQHandler
                0x08002894                LPTIM5_IRQHandler
                0x08002894                UART5_IRQHandler
                0x08002894                DMA2_Stream0_IRQHandler
                0x08002894                TIM4_IRQHandler
                0x08002894                I2C1_EV_IRQHandler
                0x08002894                DMA1_Stream6_IRQHandler
                0x08002894                DMAMUX1_OVR_IRQHandler
                0x08002894                DMA1_Stream1_IRQHandler
                0x08002894                TIM16_IRQHandler
                0x08002894                UART4_IRQHandler
                0x08002894                TIM3_IRQHandler
                0x08002894                RCC_IRQHandler
                0x08002894                UART9_IRQHandler
                0x08002894                TIM8_BRK_TIM12_IRQHandler
                0x08002894                TIM1_TRG_COM_IRQHandler
                0x08002894                Default_Handler
                0x08002894                ECC_IRQHandler
                0x08002894                BDMA2_Channel2_IRQHandler
                0x08002894                CEC_IRQHandler
                0x08002894                EXTI15_10_IRQHandler
                0x08002894                DFSDM1_FLT4_IRQHandler
                0x08002894                ADC_IRQHandler
                0x08002894                DMA1_Stream7_IRQHandler
                0x08002894                SPI5_IRQHandler
                0x08002894                TIM7_IRQHandler
                0x08002894                SDMMC1_IRQHandler
                0x08002894                TIM5_IRQHandler
                0x08002894                DMA2_Stream7_IRQHandler
                0x08002894                TIM15_IRQHandler
                0x08002894                I2C3_EV_IRQHandler
                0x08002894                DFSDM2_IRQHandler
                0x08002894                EXTI9_5_IRQHandler
                0x08002894                RTC_WKUP_IRQHandler
                0x08002894                LTDC_IRQHandler
                0x08002894                SPDIF_RX_IRQHandler
                0x08002894                PVD_PVM_IRQHandler
                0x08002894                SPI2_IRQHandler
                0x08002894                OTG_HS_EP1_IN_IRQHandler
                0x08002894                DFSDM1_FLT5_IRQHandler
                0x08002894                DMA1_Stream0_IRQHandler
                0x08002894                CRS_IRQHandler
                0x08002894                EXTI4_IRQHandler
                0x08002894                DFSDM1_FLT6_IRQHandler
                0x08002894                RNG_IRQHandler
                0x08002894                FDCAN2_IT1_IRQHandler
                0x08002894                COMP_IRQHandler
                0x08002894                TIM1_UP_IRQHandler
                0x08002894                OTG_HS_EP1_OUT_IRQHandler
                0x08002894                WWDG_IRQHandler
                0x08002894                SPI6_IRQHandler
                0x08002894                MDIOS_IRQHandler
                0x08002894                I2C4_EV_IRQHandler
                0x08002894                FDCAN2_IT0_IRQHandler
                0x08002894                LPUART1_IRQHandler
                0x08002894                FDCAN1_IT0_IRQHandler
                0x08002894                TIM2_IRQHandler
                0x08002894                BDMA2_Channel5_IRQHandler
                0x08002894                DMA2D_IRQHandler
                0x08002894                TIM1_BRK_IRQHandler
                0x08002894                EXTI1_IRQHandler
                0x08002894                SDMMC2_IRQHandler
                0x08002894                DTS_IRQHandler
                0x08002894                UART7_IRQHandler
                0x08002894                MDIOS_WKUP_IRQHandler
                0x08002894                USART2_IRQHandler
                0x08002894                DFSDM1_FLT0_IRQHandler
                0x08002894                I2C2_ER_IRQHandler
                0x08002894                DMA2_Stream1_IRQHandler
                0x08002894                DFSDM1_FLT7_IRQHandler
                0x08002894                FLASH_IRQHandler
                0x08002894                DMA2_Stream4_IRQHandler
                0x08002894                USART1_IRQHandler
                0x08002894                SPI3_IRQHandler
                0x08002894                WAKEUP_PIN_IRQHandler
                0x08002894                DMA1_Stream4_IRQHandler
                0x08002894                I2C1_ER_IRQHandler
                0x08002894                FMC_IRQHandler
                0x08002894                BDMA2_Channel7_IRQHandler
                0x08002894                FDCAN_CAL_IRQHandler
                0x08002894                SWPMI1_IRQHandler
                0x08002894                LPTIM1_IRQHandler
                0x08002894                DCMI_PSSI_IRQHandler
                0x08002894                I2C4_ER_IRQHandler
                0x08002894                DMA2_Stream6_IRQHandler
                0x08002894                SAI1_IRQHandler
                0x08002894                DMA1_Stream3_IRQHandler
                0x08002894                RTC_TAMP_STAMP_CSS_LSE_IRQHandler
                0x08002894                BDMA2_Channel4_IRQHandler
 *fill*         0x08002896        0x2 
 .text.HAL_Init
                0x08002898       0x78 Drivers\STM32H7xx_HAL_Driver\Src\stm32h7xx_hal.o
                0x08002898                HAL_Init
 .text.HAL_InitTick
                0x08002910       0x6c Drivers\STM32H7xx_HAL_Driver\Src\stm32h7xx_hal.o
                0x08002910                HAL_InitTick
 .text.HAL_IncTick
                0x0800297c       0x28 Drivers\STM32H7xx_HAL_Driver\Src\stm32h7xx_hal.o
                0x0800297c                HAL_IncTick
 .text.HAL_GetTick
                0x080029a4       0x18 Drivers\STM32H7xx_HAL_Driver\Src\stm32h7xx_hal.o
                0x080029a4                HAL_GetTick
 .text.HAL_Delay
                0x080029bc       0x48 Drivers\STM32H7xx_HAL_Driver\Src\stm32h7xx_hal.o
                0x080029bc                HAL_Delay
 .text.__NVIC_SetPriorityGrouping
                0x08002a04       0x48 Drivers\STM32H7xx_HAL_Driver\Src\stm32h7xx_hal_cortex.o
 .text.__NVIC_GetPriorityGrouping
                0x08002a4c       0x1c Drivers\STM32H7xx_HAL_Driver\Src\stm32h7xx_hal_cortex.o
 .text.__NVIC_SetPriority
                0x08002a68       0x54 Drivers\STM32H7xx_HAL_Driver\Src\stm32h7xx_hal_cortex.o
 .text.NVIC_EncodePriority
                0x08002abc       0x66 Drivers\STM32H7xx_HAL_Driver\Src\stm32h7xx_hal_cortex.o
 *fill*         0x08002b22        0x2 
 .text.SysTick_Config
                0x08002b24       0x44 Drivers\STM32H7xx_HAL_Driver\Src\stm32h7xx_hal_cortex.o
 .text.HAL_NVIC_SetPriorityGrouping
                0x08002b68       0x16 Drivers\STM32H7xx_HAL_Driver\Src\stm32h7xx_hal_cortex.o
                0x08002b68                HAL_NVIC_SetPriorityGrouping
 .text.HAL_NVIC_SetPriority
                0x08002b7e       0x34 Drivers\STM32H7xx_HAL_Driver\Src\stm32h7xx_hal_cortex.o
                0x08002b7e                HAL_NVIC_SetPriority
 .text.HAL_SYSTICK_Config
                0x08002bb2       0x18 Drivers\STM32H7xx_HAL_Driver\Src\stm32h7xx_hal_cortex.o
                0x08002bb2                HAL_SYSTICK_Config
 *fill*         0x08002bca        0x2 
 .text.HAL_MPU_Disable
                0x08002bcc       0x30 Drivers\STM32H7xx_HAL_Driver\Src\stm32h7xx_hal_cortex.o
                0x08002bcc                HAL_MPU_Disable
 .text.HAL_MPU_Enable
                0x08002bfc       0x40 Drivers\STM32H7xx_HAL_Driver\Src\stm32h7xx_hal_cortex.o
                0x08002bfc                HAL_MPU_Enable
 .text.HAL_MPU_ConfigRegion
                0x08002c3c       0x80 Drivers\STM32H7xx_HAL_Driver\Src\stm32h7xx_hal_cortex.o
                0x08002c3c                HAL_MPU_ConfigRegion
 .text.HAL_GPIO_Init
                0x08002cbc      0x360 Drivers\STM32H7xx_HAL_Driver\Src\stm32h7xx_hal_gpio.o
                0x08002cbc                HAL_GPIO_Init
 .text.HAL_GPIO_WritePin
                0x0800301c       0x32 Drivers\STM32H7xx_HAL_Driver\Src\stm32h7xx_hal_gpio.o
                0x0800301c                HAL_GPIO_WritePin
 .text.HAL_PCD_IRQHandler
                0x0800304e      0x99c Drivers\STM32H7xx_HAL_Driver\Src\stm32h7xx_hal_pcd.o
                0x0800304e                HAL_PCD_IRQHandler
 .text.HAL_PCD_SetAddress
                0x080039ea       0x48 Drivers\STM32H7xx_HAL_Driver\Src\stm32h7xx_hal_pcd.o
                0x080039ea                HAL_PCD_SetAddress
 .text.HAL_PCD_EP_Open
                0x08003a32       0xd4 Drivers\STM32H7xx_HAL_Driver\Src\stm32h7xx_hal_pcd.o
                0x08003a32                HAL_PCD_EP_Open
 .text.HAL_PCD_EP_Receive
                0x08003b06       0x76 Drivers\STM32H7xx_HAL_Driver\Src\stm32h7xx_hal_pcd.o
                0x08003b06                HAL_PCD_EP_Receive
 .text.HAL_PCD_EP_Transmit
                0x08003b7c       0x74 Drivers\STM32H7xx_HAL_Driver\Src\stm32h7xx_hal_pcd.o
                0x08003b7c                HAL_PCD_EP_Transmit
 .text.HAL_PCD_EP_SetStall
                0x08003bf0       0xc6 Drivers\STM32H7xx_HAL_Driver\Src\stm32h7xx_hal_pcd.o
                0x08003bf0                HAL_PCD_EP_SetStall
 .text.HAL_PCD_EP_ClrStall
                0x08003cb6       0xac Drivers\STM32H7xx_HAL_Driver\Src\stm32h7xx_hal_pcd.o
                0x08003cb6                HAL_PCD_EP_ClrStall
 .text.HAL_PCD_EP_Abort
                0x08003d62       0x62 Drivers\STM32H7xx_HAL_Driver\Src\stm32h7xx_hal_pcd.o
                0x08003d62                HAL_PCD_EP_Abort
 .text.PCD_WriteEmptyTxFifo
                0x08003dc4      0x118 Drivers\STM32H7xx_HAL_Driver\Src\stm32h7xx_hal_pcd.o
 .text.PCD_EP_OutXfrComplete_int
                0x08003edc      0x1d0 Drivers\STM32H7xx_HAL_Driver\Src\stm32h7xx_hal_pcd.o
 .text.PCD_EP_OutSetupPacket_int
                0x080040ac       0x8c Drivers\STM32H7xx_HAL_Driver\Src\stm32h7xx_hal_pcd.o
 .text.HAL_PCDEx_LPM_Callback
                0x08004138       0x18 Drivers\STM32H7xx_HAL_Driver\Src\stm32h7xx_hal_pcd_ex.o
                0x08004138                HAL_PCDEx_LPM_Callback
 .text.HAL_PWREx_ConfigSupply
                0x08004150       0x74 Drivers\STM32H7xx_HAL_Driver\Src\stm32h7xx_hal_pwr_ex.o
                0x08004150                HAL_PWREx_ConfigSupply
 .text.HAL_RCC_OscConfig
                0x080041c4      0x864 Drivers\STM32H7xx_HAL_Driver\Src\stm32h7xx_hal_rcc.o
                0x080041c4                HAL_RCC_OscConfig
 .text.HAL_RCC_ClockConfig
                0x08004a28      0x36c Drivers\STM32H7xx_HAL_Driver\Src\stm32h7xx_hal_rcc.o
                0x08004a28                HAL_RCC_ClockConfig
 .text.HAL_RCC_GetSysClockFreq
                0x08004d94      0x2f4 Drivers\STM32H7xx_HAL_Driver\Src\stm32h7xx_hal_rcc.o
                0x08004d94                HAL_RCC_GetSysClockFreq
 .text.HAL_RCC_GetHCLKFreq
                0x08005088       0x60 Drivers\STM32H7xx_HAL_Driver\Src\stm32h7xx_hal_rcc.o
                0x08005088                HAL_RCC_GetHCLKFreq
 .text.HAL_RCC_GetPCLK1Freq
                0x080050e8       0x2c Drivers\STM32H7xx_HAL_Driver\Src\stm32h7xx_hal_rcc.o
                0x080050e8                HAL_RCC_GetPCLK1Freq
 .text.HAL_RCC_GetPCLK2Freq
                0x08005114       0x2c Drivers\STM32H7xx_HAL_Driver\Src\stm32h7xx_hal_rcc.o
                0x08005114                HAL_RCC_GetPCLK2Freq
 .text.HAL_RCCEx_PeriphCLKConfig
                0x08005140     0x137c Drivers\STM32H7xx_HAL_Driver\Src\stm32h7xx_hal_rcc_ex.o
                0x08005140                HAL_RCCEx_PeriphCLKConfig
 .text.HAL_RCCEx_GetD3PCLK1Freq
                0x080064bc       0x2c Drivers\STM32H7xx_HAL_Driver\Src\stm32h7xx_hal_rcc_ex.o
                0x080064bc                HAL_RCCEx_GetD3PCLK1Freq
 .text.HAL_RCCEx_GetPLL2ClockFreq
                0x080064e8      0x2a8 Drivers\STM32H7xx_HAL_Driver\Src\stm32h7xx_hal_rcc_ex.o
                0x080064e8                HAL_RCCEx_GetPLL2ClockFreq
 .text.HAL_RCCEx_GetPLL3ClockFreq
                0x08006790      0x2a8 Drivers\STM32H7xx_HAL_Driver\Src\stm32h7xx_hal_rcc_ex.o
                0x08006790                HAL_RCCEx_GetPLL3ClockFreq
 .text.RCCEx_PLL2_Config
                0x08006a38      0x164 Drivers\STM32H7xx_HAL_Driver\Src\stm32h7xx_hal_rcc_ex.o
 .text.RCCEx_PLL3_Config
                0x08006b9c      0x164 Drivers\STM32H7xx_HAL_Driver\Src\stm32h7xx_hal_rcc_ex.o
 .text.HAL_SPI_Init
                0x08006d00      0x248 Drivers\STM32H7xx_HAL_Driver\Src\stm32h7xx_hal_spi.o
                0x08006d00                HAL_SPI_Init
 .text.HAL_SPI_Transmit
                0x08006f48      0x3dc Drivers\STM32H7xx_HAL_Driver\Src\stm32h7xx_hal_spi.o
                0x08006f48                HAL_SPI_Transmit
 .text.HAL_SPI_TransmitReceive
                0x08007324      0x674 Drivers\STM32H7xx_HAL_Driver\Src\stm32h7xx_hal_spi.o
                0x08007324                HAL_SPI_TransmitReceive
 .text.SPI_CloseTransfer
                0x08007998      0x140 Drivers\STM32H7xx_HAL_Driver\Src\stm32h7xx_hal_spi.o
 .text.SPI_WaitOnFlagUntilTimeout
                0x08007ad8       0x5c Drivers\STM32H7xx_HAL_Driver\Src\stm32h7xx_hal_spi.o
 .text.SPI_GetPacketSize
                0x08007b34       0x36 Drivers\STM32H7xx_HAL_Driver\Src\stm32h7xx_hal_spi.o
 .text.HAL_TIM_Base_Init
                0x08007b6a       0xae Drivers\STM32H7xx_HAL_Driver\Src\stm32h7xx_hal_tim.o
                0x08007b6a                HAL_TIM_Base_Init
 .text.TIM_Base_SetConfig
                0x08007c18      0x140 Drivers\STM32H7xx_HAL_Driver\Src\stm32h7xx_hal_tim.o
                0x08007c18                TIM_Base_SetConfig
 .text.HAL_TIMEx_MasterConfigSynchronization
                0x08007d58      0x11c Drivers\STM32H7xx_HAL_Driver\Src\stm32h7xx_hal_tim_ex.o
                0x08007d58                HAL_TIMEx_MasterConfigSynchronization
 .text.HAL_UART_Init
                0x08007e74       0xa0 Drivers\STM32H7xx_HAL_Driver\Src\stm32h7xx_hal_uart.o
                0x08007e74                HAL_UART_Init
 .text.UART_SetConfig
                0x08007f14      0xcd8 Drivers\STM32H7xx_HAL_Driver\Src\stm32h7xx_hal_uart.o
                0x08007f14                UART_SetConfig
 .text.UART_AdvFeatureConfig
                0x08008bec      0x144 Drivers\STM32H7xx_HAL_Driver\Src\stm32h7xx_hal_uart.o
                0x08008bec                UART_AdvFeatureConfig
 .text.UART_CheckIdleState
                0x08008d30      0x154 Drivers\STM32H7xx_HAL_Driver\Src\stm32h7xx_hal_uart.o
                0x08008d30                UART_CheckIdleState
 .text.UART_WaitOnFlagUntilTimeout
                0x08008e84       0xda Drivers\STM32H7xx_HAL_Driver\Src\stm32h7xx_hal_uart.o
                0x08008e84                UART_WaitOnFlagUntilTimeout
 *fill*         0x08008f5e        0x2 
 .text.UART_EndRxTransfer
                0x08008f60       0xcc Drivers\STM32H7xx_HAL_Driver\Src\stm32h7xx_hal_uart.o
 .text.HAL_UARTEx_DisableFifoMode
                0x0800902c       0x72 Drivers\STM32H7xx_HAL_Driver\Src\stm32h7xx_hal_uart_ex.o
                0x0800902c                HAL_UARTEx_DisableFifoMode
 .text.HAL_UARTEx_SetTxFifoThreshold
                0x0800909e       0x7c Drivers\STM32H7xx_HAL_Driver\Src\stm32h7xx_hal_uart_ex.o
                0x0800909e                HAL_UARTEx_SetTxFifoThreshold
 .text.HAL_UARTEx_SetRxFifoThreshold
                0x0800911a       0x7c Drivers\STM32H7xx_HAL_Driver\Src\stm32h7xx_hal_uart_ex.o
                0x0800911a                HAL_UARTEx_SetRxFifoThreshold
 *fill*         0x08009196        0x2 
 .text.UARTEx_SetNbDataToProcess
                0x08009198       0x9c Drivers\STM32H7xx_HAL_Driver\Src\stm32h7xx_hal_uart_ex.o
 .text.USB_SetTurnaroundTime
                0x08009234      0x144 Drivers\STM32H7xx_HAL_Driver\Src\stm32h7xx_ll_usb.o
                0x08009234                USB_SetTurnaroundTime
 .text.USB_FlushTxFifo
                0x08009378       0x64 Drivers\STM32H7xx_HAL_Driver\Src\stm32h7xx_ll_usb.o
                0x08009378                USB_FlushTxFifo
 .text.USB_GetDevSpeed
                0x080093dc       0x4a Drivers\STM32H7xx_HAL_Driver\Src\stm32h7xx_ll_usb.o
                0x080093dc                USB_GetDevSpeed
 *fill*         0x08009426        0x2 
 .text.USB_ActivateEndpoint
                0x08009428      0x110 Drivers\STM32H7xx_HAL_Driver\Src\stm32h7xx_ll_usb.o
                0x08009428                USB_ActivateEndpoint
 .text.USB_EPStartXfer
                0x08009538      0x548 Drivers\STM32H7xx_HAL_Driver\Src\stm32h7xx_ll_usb.o
                0x08009538                USB_EPStartXfer
 .text.USB_EPStopXfer
                0x08009a80      0x154 Drivers\STM32H7xx_HAL_Driver\Src\stm32h7xx_ll_usb.o
                0x08009a80                USB_EPStopXfer
 .text.USB_WritePacket
                0x08009bd4       0x7c Drivers\STM32H7xx_HAL_Driver\Src\stm32h7xx_ll_usb.o
                0x08009bd4                USB_WritePacket
 .text.USB_ReadPacket
                0x08009c50       0xb0 Drivers\STM32H7xx_HAL_Driver\Src\stm32h7xx_ll_usb.o
                0x08009c50                USB_ReadPacket
 .text.USB_EPSetStall
                0x08009d00       0xdc Drivers\STM32H7xx_HAL_Driver\Src\stm32h7xx_ll_usb.o
                0x08009d00                USB_EPSetStall
 .text.USB_EPClearStall
                0x08009ddc       0xcc Drivers\STM32H7xx_HAL_Driver\Src\stm32h7xx_ll_usb.o
                0x08009ddc                USB_EPClearStall
 .text.USB_SetDevAddress
                0x08009ea8       0x4c Drivers\STM32H7xx_HAL_Driver\Src\stm32h7xx_ll_usb.o
                0x08009ea8                USB_SetDevAddress
 .text.USB_ReadInterrupts
                0x08009ef4       0x26 Drivers\STM32H7xx_HAL_Driver\Src\stm32h7xx_ll_usb.o
                0x08009ef4                USB_ReadInterrupts
 .text.USB_ReadDevAllOutEpInterrupt
                0x08009f1a       0x34 Drivers\STM32H7xx_HAL_Driver\Src\stm32h7xx_ll_usb.o
                0x08009f1a                USB_ReadDevAllOutEpInterrupt
 .text.USB_ReadDevAllInEpInterrupt
                0x08009f4e       0x34 Drivers\STM32H7xx_HAL_Driver\Src\stm32h7xx_ll_usb.o
                0x08009f4e                USB_ReadDevAllInEpInterrupt
 .text.USB_ReadDevOutEPInterrupt
                0x08009f82       0x3c Drivers\STM32H7xx_HAL_Driver\Src\stm32h7xx_ll_usb.o
                0x08009f82                USB_ReadDevOutEPInterrupt
 .text.USB_ReadDevInEPInterrupt
                0x08009fbe       0x5c Drivers\STM32H7xx_HAL_Driver\Src\stm32h7xx_ll_usb.o
                0x08009fbe                USB_ReadDevInEPInterrupt
 .text.USB_GetMode
                0x0800a01a       0x1c Drivers\STM32H7xx_HAL_Driver\Src\stm32h7xx_ll_usb.o
                0x0800a01a                USB_GetMode
 *fill*         0x0800a036        0x2 
 .text.USB_ActivateSetup
                0x0800a038       0x48 Drivers\STM32H7xx_HAL_Driver\Src\stm32h7xx_ll_usb.o
                0x0800a038                USB_ActivateSetup
 .text.USB_EP0_OutStart
                0x0800a080       0xbc Drivers\STM32H7xx_HAL_Driver\Src\stm32h7xx_ll_usb.o
                0x0800a080                USB_EP0_OutStart
 .text.USBD_RunTestMode
                0x0800a13c       0x16 Middlewares\ST\STM32_USB_Device_Library\Core\Src\usbd_core.o
                0x0800a13c                USBD_RunTestMode
 .text.USBD_SetClassConfig
                0x0800a152       0x38 Middlewares\ST\STM32_USB_Device_Library\Core\Src\usbd_core.o
                0x0800a152                USBD_SetClassConfig
 .text.USBD_ClrClassConfig
                0x0800a18a       0x34 Middlewares\ST\STM32_USB_Device_Library\Core\Src\usbd_core.o
                0x0800a18a                USBD_ClrClassConfig
 .text.USBD_LL_SetupStage
                0x0800a1be       0xaa Middlewares\ST\STM32_USB_Device_Library\Core\Src\usbd_core.o
                0x0800a1be                USBD_LL_SetupStage
 .text.USBD_LL_DataOutStage
                0x0800a268      0x166 Middlewares\ST\STM32_USB_Device_Library\Core\Src\usbd_core.o
                0x0800a268                USBD_LL_DataOutStage
 .text.USBD_LL_DataInStage
                0x0800a3ce      0x164 Middlewares\ST\STM32_USB_Device_Library\Core\Src\usbd_core.o
                0x0800a3ce                USBD_LL_DataInStage
 .text.USBD_LL_Reset
                0x0800a532       0xa4 Middlewares\ST\STM32_USB_Device_Library\Core\Src\usbd_core.o
                0x0800a532                USBD_LL_Reset
 .text.USBD_LL_SetSpeed
                0x0800a5d6       0x20 Middlewares\ST\STM32_USB_Device_Library\Core\Src\usbd_core.o
                0x0800a5d6                USBD_LL_SetSpeed
 .text.USBD_LL_Suspend
                0x0800a5f6       0x38 Middlewares\ST\STM32_USB_Device_Library\Core\Src\usbd_core.o
                0x0800a5f6                USBD_LL_Suspend
 .text.USBD_LL_Resume
                0x0800a62e       0x30 Middlewares\ST\STM32_USB_Device_Library\Core\Src\usbd_core.o
                0x0800a62e                USBD_LL_Resume
 .text.USBD_LL_SOF
                0x0800a65e       0x40 Middlewares\ST\STM32_USB_Device_Library\Core\Src\usbd_core.o
                0x0800a65e                USBD_LL_SOF
 .text.USBD_LL_IsoINIncomplete
                0x0800a69e       0x64 Middlewares\ST\STM32_USB_Device_Library\Core\Src\usbd_core.o
                0x0800a69e                USBD_LL_IsoINIncomplete
 .text.USBD_LL_IsoOUTIncomplete
                0x0800a702       0x64 Middlewares\ST\STM32_USB_Device_Library\Core\Src\usbd_core.o
                0x0800a702                USBD_LL_IsoOUTIncomplete
 .text.USBD_LL_DevConnected
                0x0800a766       0x16 Middlewares\ST\STM32_USB_Device_Library\Core\Src\usbd_core.o
                0x0800a766                USBD_LL_DevConnected
 .text.USBD_LL_DevDisconnected
                0x0800a77c       0x46 Middlewares\ST\STM32_USB_Device_Library\Core\Src\usbd_core.o
                0x0800a77c                USBD_LL_DevDisconnected
 .text.USBD_CoreFindIF
                0x0800a7c2       0x1a Middlewares\ST\STM32_USB_Device_Library\Core\Src\usbd_core.o
                0x0800a7c2                USBD_CoreFindIF
 .text.USBD_CoreFindEP
                0x0800a7dc       0x1a Middlewares\ST\STM32_USB_Device_Library\Core\Src\usbd_core.o
                0x0800a7dc                USBD_CoreFindEP
 .text.SWAPBYTE
                0x0800a7f6       0x3e Middlewares\ST\STM32_USB_Device_Library\Core\Src\usbd_ctlreq.o
 .text.USBD_StdDevReq
                0x0800a834       0xe4 Middlewares\ST\STM32_USB_Device_Library\Core\Src\usbd_ctlreq.o
                0x0800a834                USBD_StdDevReq
 .text.USBD_StdItfReq
                0x0800a918       0xd8 Middlewares\ST\STM32_USB_Device_Library\Core\Src\usbd_ctlreq.o
                0x0800a918                USBD_StdItfReq
 .text.USBD_StdEPReq
                0x0800a9f0      0x33a Middlewares\ST\STM32_USB_Device_Library\Core\Src\usbd_ctlreq.o
                0x0800a9f0                USBD_StdEPReq
 *fill*         0x0800ad2a        0x2 
 .text.USBD_GetDescriptor
                0x0800ad2c      0x328 Middlewares\ST\STM32_USB_Device_Library\Core\Src\usbd_ctlreq.o
 .text.USBD_SetAddress
                0x0800b054       0x88 Middlewares\ST\STM32_USB_Device_Library\Core\Src\usbd_ctlreq.o
 .text.USBD_SetConfig
                0x0800b0dc      0x154 Middlewares\ST\STM32_USB_Device_Library\Core\Src\usbd_ctlreq.o
 .text.USBD_GetConfig
                0x0800b230       0x6c Middlewares\ST\STM32_USB_Device_Library\Core\Src\usbd_ctlreq.o
 .text.USBD_GetStatus
                0x0800b29c       0x68 Middlewares\ST\STM32_USB_Device_Library\Core\Src\usbd_ctlreq.o
 .text.USBD_SetFeature
                0x0800b304       0x52 Middlewares\ST\STM32_USB_Device_Library\Core\Src\usbd_ctlreq.o
 .text.USBD_ClrFeature
                0x0800b356       0x44 Middlewares\ST\STM32_USB_Device_Library\Core\Src\usbd_ctlreq.o
 .text.USBD_ParseSetupRequest
                0x0800b39a       0x74 Middlewares\ST\STM32_USB_Device_Library\Core\Src\usbd_ctlreq.o
                0x0800b39a                USBD_ParseSetupRequest
 .text.USBD_CtlError
                0x0800b40e       0x22 Middlewares\ST\STM32_USB_Device_Library\Core\Src\usbd_ctlreq.o
                0x0800b40e                USBD_CtlError
 .text.USBD_CtlSendData
                0x0800b430       0x36 Middlewares\ST\STM32_USB_Device_Library\Core\Src\usbd_ioreq.o
                0x0800b430                USBD_CtlSendData
 .text.USBD_CtlContinueSendData
                0x0800b466       0x22 Middlewares\ST\STM32_USB_Device_Library\Core\Src\usbd_ioreq.o
                0x0800b466                USBD_CtlContinueSendData
 .text.USBD_CtlContinueRx
                0x0800b488       0x22 Middlewares\ST\STM32_USB_Device_Library\Core\Src\usbd_ioreq.o
                0x0800b488                USBD_CtlContinueRx
 .text.USBD_CtlSendStatus
                0x0800b4aa       0x26 Middlewares\ST\STM32_USB_Device_Library\Core\Src\usbd_ioreq.o
                0x0800b4aa                USBD_CtlSendStatus
 .text.USBD_CtlReceiveStatus
                0x0800b4d0       0x26 Middlewares\ST\STM32_USB_Device_Library\Core\Src\usbd_ioreq.o
                0x0800b4d0                USBD_CtlReceiveStatus
 .text.HAL_PCD_SetupStageCallback
                0x0800b4f6       0x24 USB_DEVICE\Target\usbd_conf.o
                0x0800b4f6                HAL_PCD_SetupStageCallback
 .text.HAL_PCD_DataOutStageCallback
                0x0800b51a       0x36 USB_DEVICE\Target\usbd_conf.o
                0x0800b51a                HAL_PCD_DataOutStageCallback
 .text.HAL_PCD_DataInStageCallback
                0x0800b550       0x34 USB_DEVICE\Target\usbd_conf.o
                0x0800b550                HAL_PCD_DataInStageCallback
 .text.HAL_PCD_SOFCallback
                0x0800b584       0x1c USB_DEVICE\Target\usbd_conf.o
                0x0800b584                HAL_PCD_SOFCallback
 .text.HAL_PCD_ResetCallback
                0x0800b5a0       0x50 USB_DEVICE\Target\usbd_conf.o
                0x0800b5a0                HAL_PCD_ResetCallback
 .text.HAL_PCD_SuspendCallback
                0x0800b5f0       0x4c USB_DEVICE\Target\usbd_conf.o
                0x0800b5f0                HAL_PCD_SuspendCallback
 .text.HAL_PCD_ResumeCallback
                0x0800b63c       0x1c USB_DEVICE\Target\usbd_conf.o
                0x0800b63c                HAL_PCD_ResumeCallback
 .text.HAL_PCD_ISOOUTIncompleteCallback
                0x0800b658       0x24 USB_DEVICE\Target\usbd_conf.o
                0x0800b658                HAL_PCD_ISOOUTIncompleteCallback
 .text.HAL_PCD_ISOINIncompleteCallback
                0x0800b67c       0x24 USB_DEVICE\Target\usbd_conf.o
                0x0800b67c                HAL_PCD_ISOINIncompleteCallback
 .text.HAL_PCD_ConnectCallback
                0x0800b6a0       0x1c USB_DEVICE\Target\usbd_conf.o
                0x0800b6a0                HAL_PCD_ConnectCallback
 .text.HAL_PCD_DisconnectCallback
                0x0800b6bc       0x1c USB_DEVICE\Target\usbd_conf.o
                0x0800b6bc                HAL_PCD_DisconnectCallback
 .text.USBD_LL_OpenEP
                0x0800b6d8       0x4c USB_DEVICE\Target\usbd_conf.o
                0x0800b6d8                USBD_LL_OpenEP
 .text.USBD_LL_StallEP
                0x0800b724       0x3e USB_DEVICE\Target\usbd_conf.o
                0x0800b724                USBD_LL_StallEP
 .text.USBD_LL_ClearStallEP
                0x0800b762       0x3e USB_DEVICE\Target\usbd_conf.o
                0x0800b762                USBD_LL_ClearStallEP
 .text.USBD_LL_IsStallEP
                0x0800b7a0       0x58 USB_DEVICE\Target\usbd_conf.o
                0x0800b7a0                USBD_LL_IsStallEP
 .text.USBD_LL_SetUSBAddress
                0x0800b7f8       0x3e USB_DEVICE\Target\usbd_conf.o
                0x0800b7f8                USBD_LL_SetUSBAddress
 .text.USBD_LL_Transmit
                0x0800b836       0x42 USB_DEVICE\Target\usbd_conf.o
                0x0800b836                USBD_LL_Transmit
 .text.USBD_LL_PrepareReceive
                0x0800b878       0x42 USB_DEVICE\Target\usbd_conf.o
                0x0800b878                USBD_LL_PrepareReceive
 *fill*         0x0800b8ba        0x2 
 .text.USBD_Get_USB_Status
                0x0800b8bc       0x58 USB_DEVICE\Target\usbd_conf.o
                0x0800b8bc                USBD_Get_USB_Status
 .text.memset   0x0800b914       0x10 C:/ST/STM32CubeIDE_1.16.1/STM32CubeIDE/plugins/com.st.stm32cube.ide.mcu.externaltools.gnu-tools-for-stm32.13.3.rel1.win32_1.0.0.202411081344/tools/bin/../lib/gcc/arm-none-eabi/13.3.1/../../../../arm-none-eabi/lib/thumb/v7e-m+dp/hard\libc_nano.a(libc_a-memset.o)
                0x0800b914                memset
 .text.__libc_init_array
                0x0800b924       0x48 C:/ST/STM32CubeIDE_1.16.1/STM32CubeIDE/plugins/com.st.stm32cube.ide.mcu.externaltools.gnu-tools-for-stm32.13.3.rel1.win32_1.0.0.202411081344/tools/bin/../lib/gcc/arm-none-eabi/13.3.1/../../../../arm-none-eabi/lib/thumb/v7e-m+dp/hard\libc_nano.a(libc_a-init.o)
                0x0800b924                __libc_init_array
 .text.memcpy   0x0800b96c       0x1c C:/ST/STM32CubeIDE_1.16.1/STM32CubeIDE/plugins/com.st.stm32cube.ide.mcu.externaltools.gnu-tools-for-stm32.13.3.rel1.win32_1.0.0.202411081344/tools/bin/../lib/gcc/arm-none-eabi/13.3.1/../../../../arm-none-eabi/lib/thumb/v7e-m+dp/hard\libc_nano.a(libc_a-memcpy-stub.o)
                0x0800b96c                memcpy
 *(.glue_7)
 .glue_7        0x0800b988        0x0 linker stubs
 *(.glue_7t)
 .glue_7t       0x0800b988        0x0 linker stubs
 *(.eh_frame)
 .eh_frame      0x0800b988        0x0 C:/ST/STM32CubeIDE_1.16.1/STM32CubeIDE/plugins/com.st.stm32cube.ide.mcu.externaltools.gnu-tools-for-stm32.13.3.rel1.win32_1.0.0.202411081344/tools/bin/../lib/gcc/arm-none-eabi/13.3.1/thumb/v7e-m+dp/hard/crtbegin.o
 *(.init)
 .init          0x0800b988        0x4 C:/ST/STM32CubeIDE_1.16.1/STM32CubeIDE/plugins/com.st.stm32cube.ide.mcu.externaltools.gnu-tools-for-stm32.13.3.rel1.win32_1.0.0.202411081344/tools/bin/../lib/gcc/arm-none-eabi/13.3.1/thumb/v7e-m+dp/hard/crti.o
                0x0800b988                _init
 .init          0x0800b98c        0x8 C:/ST/STM32CubeIDE_1.16.1/STM32CubeIDE/plugins/com.st.stm32cube.ide.mcu.externaltools.gnu-tools-for-stm32.13.3.rel1.win32_1.0.0.202411081344/tools/bin/../lib/gcc/arm-none-eabi/13.3.1/thumb/v7e-m+dp/hard/crtn.o
 *(.fini)
 .fini          0x0800b994        0x4 C:/ST/STM32CubeIDE_1.16.1/STM32CubeIDE/plugins/com.st.stm32cube.ide.mcu.externaltools.gnu-tools-for-stm32.13.3.rel1.win32_1.0.0.202411081344/tools/bin/../lib/gcc/arm-none-eabi/13.3.1/thumb/v7e-m+dp/hard/crti.o
                0x0800b994                _fini
 .fini          0x0800b998        0x8 C:/ST/STM32CubeIDE_1.16.1/STM32CubeIDE/plugins/com.st.stm32cube.ide.mcu.externaltools.gnu-tools-for-stm32.13.3.rel1.win32_1.0.0.202411081344/tools/bin/../lib/gcc/arm-none-eabi/13.3.1/thumb/v7e-m+dp/hard/crtn.o
                0x0800b9a0                        . = ALIGN (0x4)
                0x0800b9a0                        _etext = .

.vfp11_veneer   0x0800b9a0        0x0
 .vfp11_veneer  0x0800b9a0        0x0 linker stubs

.v4_bx          0x0800b9a0        0x0
 .v4_bx         0x0800b9a0        0x0 linker stubs

.iplt           0x0800b9a0        0x0
 .iplt          0x0800b9a0        0x0 C:/ST/STM32CubeIDE_1.16.1/STM32CubeIDE/plugins/com.st.stm32cube.ide.mcu.externaltools.gnu-tools-for-stm32.13.3.rel1.win32_1.0.0.202411081344/tools/bin/../lib/gcc/arm-none-eabi/13.3.1/thumb/v7e-m+dp/hard/crtbegin.o

.rodata         0x0800b9a0       0xd8
                0x0800b9a0                        . = ALIGN (0x4)
 *(.rodata)
 .rodata        0x0800b9a0       0x10 Core\Src\lcd.o
 *(.rodata*)
 .rodata.FLASH_P_HOLD_ONE
                0x0800b9b0        0x8 Core\Src\main.o
                0x0800b9b0                FLASH_P_HOLD_ONE
 .rodata.FLASH_P_HOLD_TWO
                0x0800b9b8        0x8 Core\Src\main.o
                0x0800b9b8                FLASH_P_HOLD_TWO
 .rodata.FLASH_P_HOLD_THREE
                0x0800b9c0        0x8 Core\Src\main.o
                0x0800b9c0                FLASH_P_HOLD_THREE
 .rodata.FLASH_P_HOLD_FOUR
                0x0800b9c8        0x8 Core\Src\main.o
                0x0800b9c8                FLASH_P_HOLD_FOUR
 .rodata.FLASH_P_CS_ONE
                0x0800b9d0        0x8 Core\Src\main.o
                0x0800b9d0                FLASH_P_CS_ONE
 .rodata.FLASH_P_CS_TWO
                0x0800b9d8        0x8 Core\Src\main.o
                0x0800b9d8                FLASH_P_CS_TWO
 .rodata.FLASH_P_CS_THREE
                0x0800b9e0        0x8 Core\Src\main.o
                0x0800b9e0                FLASH_P_CS_THREE
 .rodata.FLASH_P_CS_FOUR
                0x0800b9e8        0x8 Core\Src\main.o
                0x0800b9e8                FLASH_P_CS_FOUR
 .rodata.FLASH_P_WP_ONE
                0x0800b9f0        0x8 Core\Src\main.o
                0x0800b9f0                FLASH_P_WP_ONE
 .rodata.FLASH_P_WP_TWO
                0x0800b9f8        0x8 Core\Src\main.o
                0x0800b9f8                FLASH_P_WP_TWO
 .rodata.FLASH_P_WP_THREE
                0x0800ba00        0x8 Core\Src\main.o
                0x0800ba00                FLASH_P_WP_THREE
 .rodata.FLASH_P_WP_FOUR
                0x0800ba08        0x8 Core\Src\main.o
                0x0800ba08                FLASH_P_WP_FOUR
 .rodata.KEY_P_R_ONE
                0x0800ba10        0x8 Core\Src\main.o
                0x0800ba10                KEY_P_R_ONE
 .rodata.KEY_P_R_TWO
                0x0800ba18        0x8 Core\Src\main.o
                0x0800ba18                KEY_P_R_TWO
 .rodata.KEY_P_R_THREE
                0x0800ba20        0x8 Core\Src\main.o
                0x0800ba20                KEY_P_R_THREE
 .rodata.KEY_P_R_FOUR
                0x0800ba28        0x8 Core\Src\main.o
                0x0800ba28                KEY_P_R_FOUR
 .rodata.DEBUG_P_NINE
                0x0800ba30        0x8 Core\Src\main.o
                0x0800ba30                DEBUG_P_NINE
 .rodata.DEBUG_P_EIGHT
                0x0800ba38        0x8 Core\Src\main.o
                0x0800ba38                DEBUG_P_EIGHT
 .rodata.D1CorePrescTable
                0x0800ba40       0x10 Core\Src\system_stm32h7xx.o
                0x0800ba40                D1CorePrescTable
 .rodata.UARTPrescTable
                0x0800ba50       0x18 Drivers\STM32H7xx_HAL_Driver\Src\stm32h7xx_hal_uart.o
                0x0800ba50                UARTPrescTable
 .rodata.numerator.1
                0x0800ba68        0x8 Drivers\STM32H7xx_HAL_Driver\Src\stm32h7xx_hal_uart_ex.o
 .rodata.denominator.0
                0x0800ba70        0x8 Drivers\STM32H7xx_HAL_Driver\Src\stm32h7xx_hal_uart_ex.o
                0x0800ba78                        . = ALIGN (0x4)

.ARM.extab
 *(.ARM.extab* .gnu.linkonce.armextab.*)

.ARM            0x0800ba78        0x8
                0x0800ba78                        __exidx_start = .
 *(.ARM.exidx*)
 .ARM.exidx     0x0800ba78        0x8 C:/ST/STM32CubeIDE_1.16.1/STM32CubeIDE/plugins/com.st.stm32cube.ide.mcu.externaltools.gnu-tools-for-stm32.13.3.rel1.win32_1.0.0.202411081344/tools/bin/../lib/gcc/arm-none-eabi/13.3.1/thumb/v7e-m+dp/hard\libgcc.a(_udivmoddi4.o)
                0x0800ba80                        __exidx_end = .

.preinit_array  0x0800ba80        0x0
                0x0800ba80                        PROVIDE (__preinit_array_start = .)
 *(.preinit_array*)
                0x0800ba80                        PROVIDE (__preinit_array_end = .)

.init_array     0x0800ba80        0x4
                0x0800ba80                        PROVIDE (__init_array_start = .)
 *(SORT_BY_NAME(.init_array.*))
 *(.init_array*)
 .init_array    0x0800ba80        0x4 C:/ST/STM32CubeIDE_1.16.1/STM32CubeIDE/plugins/com.st.stm32cube.ide.mcu.externaltools.gnu-tools-for-stm32.13.3.rel1.win32_1.0.0.202411081344/tools/bin/../lib/gcc/arm-none-eabi/13.3.1/thumb/v7e-m+dp/hard/crtbegin.o
                0x0800ba84                        PROVIDE (__init_array_end = .)

.fini_array     0x0800ba84        0x4
                [!provide]                        PROVIDE (__fini_array_start = .)
 *(SORT_BY_NAME(.fini_array.*))
 *(.fini_array*)
 .fini_array    0x0800ba84        0x4 C:/ST/STM32CubeIDE_1.16.1/STM32CubeIDE/plugins/com.st.stm32cube.ide.mcu.externaltools.gnu-tools-for-stm32.13.3.rel1.win32_1.0.0.202411081344/tools/bin/../lib/gcc/arm-none-eabi/13.3.1/thumb/v7e-m+dp/hard/crtbegin.o
                [!provide]                        PROVIDE (__fini_array_end = .)
                0x0800ba88                        _sidata = LOADADDR (.data)

.rel.dyn        0x0800ba88        0x0
 .rel.iplt      0x0800ba88        0x0 C:/ST/STM32CubeIDE_1.16.1/STM32CubeIDE/plugins/com.st.stm32cube.ide.mcu.externaltools.gnu-tools-for-stm32.13.3.rel1.win32_1.0.0.202411081344/tools/bin/../lib/gcc/arm-none-eabi/13.3.1/thumb/v7e-m+dp/hard/crtbegin.o

.data           0x24000000       0x14 load address 0x0800ba88
                0x24000000                        . = ALIGN (0x4)
                0x24000000                        _sdata = .
 *(.data)
 *(.data*)
 .data.flash_chip_num
                0x24000000        0x4 Core\Src\flash.o
                0x24000000                flash_chip_num
 .data.SystemCoreClock
                0x24000004        0x4 Core\Src\system_stm32h7xx.o
                0x24000004                SystemCoreClock
 .data.SystemD2Clock
                0x24000008        0x4 Core\Src\system_stm32h7xx.o
                0x24000008                SystemD2Clock
 .data.uwTickPrio
                0x2400000c        0x4 Drivers\STM32H7xx_HAL_Driver\Src\stm32h7xx_hal.o
                0x2400000c                uwTickPrio
 .data.uwTickFreq
                0x24000010        0x1 Drivers\STM32H7xx_HAL_Driver\Src\stm32h7xx_hal.o
                0x24000010                uwTickFreq
 *(.RamFunc)
 *(.RamFunc*)
                0x24000014                        . = ALIGN (0x4)
 *fill*         0x24000011        0x3 
                0x24000014                        _edata = .

.igot.plt       0x24000014        0x0 load address 0x0800ba9c
 .igot.plt      0x24000014        0x0 C:/ST/STM32CubeIDE_1.16.1/STM32CubeIDE/plugins/com.st.stm32cube.ide.mcu.externaltools.gnu-tools-for-stm32.13.3.rel1.win32_1.0.0.202411081344/tools/bin/../lib/gcc/arm-none-eabi/13.3.1/thumb/v7e-m+dp/hard/crtbegin.o
                0x24000014                        . = ALIGN (0x4)

.bss            0x24000014     0xff08 load address 0x0800ba9c
                0x24000014                        _sbss = .
                0x24000014                        __bss_start__ = _sbss
 *(.bss)
 .bss           0x24000014       0x1c C:/ST/STM32CubeIDE_1.16.1/STM32CubeIDE/plugins/com.st.stm32cube.ide.mcu.externaltools.gnu-tools-for-stm32.13.3.rel1.win32_1.0.0.202411081344/tools/bin/../lib/gcc/arm-none-eabi/13.3.1/thumb/v7e-m+dp/hard/crtbegin.o
 *(.bss*)
 .bss.hspiflash
                0x24000030        0x4 Core\Src\flash.o
                0x24000030                hspiflash
 .bss.flash_freeze
                0x24000034        0x4 Core\Src\flash.o
                0x24000034                flash_freeze
 .bss.flash_busy
                0x24000038        0x4 Core\Src\flash.o
                0x24000038                flash_busy
 .bss.rx_buffer_full_size
                0x2400003c     0xf804 Core\Src\flash.o
                0x2400003c                rx_buffer_full_size
 .bss.hspi1     0x2400f840       0x88 Core\Src\main.o
                0x2400f840                hspi1
 .bss.hspi2     0x2400f8c8       0x88 Core\Src\main.o
                0x2400f8c8                hspi2
 .bss.htim7     0x2400f950       0x4c Core\Src\main.o
                0x2400f950                htim7
 .bss.huart4    0x2400f99c       0x94 Core\Src\main.o
                0x2400f99c                huart4
 .bss.uwTick    0x2400fa30        0x4 Drivers\STM32H7xx_HAL_Driver\Src\stm32h7xx_hal.o
                0x2400fa30                uwTick
 .bss.cfgidx.0  0x2400fa34        0x1 Middlewares\ST\STM32_USB_Device_Library\Core\Src\usbd_ctlreq.o
 *fill*         0x2400fa35        0x3 
 .bss.hpcd_USB_OTG_HS
                0x2400fa38      0x4e4 USB_DEVICE\Target\usbd_conf.o
                0x2400fa38                hpcd_USB_OTG_HS
 *(COMMON)
                0x2400ff1c                        . = ALIGN (0x4)
                0x2400ff1c                        _ebss = .
                0x2400ff1c                        __bss_end__ = _ebss

._user_heap_stack
                0x2400ff1c      0x604 load address 0x0800ba9c
                0x2400ff20                        . = ALIGN (0x8)
 *fill*         0x2400ff1c        0x4 
                [!provide]                        PROVIDE (end = .)
                0x2400ff20                        PROVIDE (_end = .)
                0x24010120                        . = (. + _Min_Heap_Size)
 *fill*         0x2400ff20      0x200 
                0x24010520                        . = (. + _Min_Stack_Size)
 *fill*         0x24010120      0x400 
                0x24010520                        . = ALIGN (0x8)

/DISCARD/
 libc.a(*)
 libm.a(*)
 libgcc.a(*)

.ARM.attributes
                0x00000000       0x2e
 *(.ARM.attributes)
 .ARM.attributes
                0x00000000       0x20 C:/ST/STM32CubeIDE_1.16.1/STM32CubeIDE/plugins/com.st.stm32cube.ide.mcu.externaltools.gnu-tools-for-stm32.13.3.rel1.win32_1.0.0.202411081344/tools/bin/../lib/gcc/arm-none-eabi/13.3.1/thumb/v7e-m+dp/hard/crti.o
 .ARM.attributes
                0x00000020       0x32 C:/ST/STM32CubeIDE_1.16.1/STM32CubeIDE/plugins/com.st.stm32cube.ide.mcu.externaltools.gnu-tools-for-stm32.13.3.rel1.win32_1.0.0.202411081344/tools/bin/../lib/gcc/arm-none-eabi/13.3.1/thumb/v7e-m+dp/hard/crtbegin.o
 .ARM.attributes
                0x00000052       0x32 Core\Src\flash.o
 .ARM.attributes
                0x00000084       0x32 Core\Src\lcd.o
 .ARM.attributes
                0x000000b6       0x32 Core\Src\main.o
 .ARM.attributes
                0x000000e8       0x32 Core\Src\stm32h7xx_hal_msp.o
 .ARM.attributes
                0x0000011a       0x32 Core\Src\stm32h7xx_it.o
 .ARM.attributes
                0x0000014c       0x32 Core\Src\system_stm32h7xx.o
 .ARM.attributes
                0x0000017e       0x21 Core\Startup\startup_stm32h7a3rgtx.o
 .ARM.attributes
                0x0000019f       0x32 Drivers\STM32H7xx_HAL_Driver\Src\stm32h7xx_hal.o
 .ARM.attributes
                0x000001d1       0x32 Drivers\STM32H7xx_HAL_Driver\Src\stm32h7xx_hal_cortex.o
 .ARM.attributes
                0x00000203       0x32 Drivers\STM32H7xx_HAL_Driver\Src\stm32h7xx_hal_gpio.o
 .ARM.attributes
                0x00000235       0x32 Drivers\STM32H7xx_HAL_Driver\Src\stm32h7xx_hal_pcd.o
 .ARM.attributes
                0x00000267       0x32 Drivers\STM32H7xx_HAL_Driver\Src\stm32h7xx_hal_pcd_ex.o
 .ARM.attributes
                0x00000299       0x32 Drivers\STM32H7xx_HAL_Driver\Src\stm32h7xx_hal_pwr_ex.o
 .ARM.attributes
                0x000002cb       0x32 Drivers\STM32H7xx_HAL_Driver\Src\stm32h7xx_hal_rcc.o
 .ARM.attributes
                0x000002fd       0x32 Drivers\STM32H7xx_HAL_Driver\Src\stm32h7xx_hal_rcc_ex.o
 .ARM.attributes
                0x0000032f       0x32 Drivers\STM32H7xx_HAL_Driver\Src\stm32h7xx_hal_spi.o
 .ARM.attributes
                0x00000361       0x32 Drivers\STM32H7xx_HAL_Driver\Src\stm32h7xx_hal_tim.o
 .ARM.attributes
                0x00000393       0x32 Drivers\STM32H7xx_HAL_Driver\Src\stm32h7xx_hal_tim_ex.o
 .ARM.attributes
                0x000003c5       0x32 Drivers\STM32H7xx_HAL_Driver\Src\stm32h7xx_hal_uart.o
 .ARM.attributes
                0x000003f7       0x32 Drivers\STM32H7xx_HAL_Driver\Src\stm32h7xx_hal_uart_ex.o
 .ARM.attributes
                0x00000429       0x32 Drivers\STM32H7xx_HAL_Driver\Src\stm32h7xx_ll_usb.o
 .ARM.attributes
                0x0000045b       0x32 Middlewares\ST\STM32_USB_Device_Library\Core\Src\usbd_core.o
 .ARM.attributes
                0x0000048d       0x32 Middlewares\ST\STM32_USB_Device_Library\Core\Src\usbd_ctlreq.o
 .ARM.attributes
                0x000004bf       0x32 Middlewares\ST\STM32_USB_Device_Library\Core\Src\usbd_ioreq.o
 .ARM.attributes
                0x000004f1       0x32 USB_DEVICE\Target\usbd_conf.o
 .ARM.attributes
                0x00000523       0x32 C:/ST/STM32CubeIDE_1.16.1/STM32CubeIDE/plugins/com.st.stm32cube.ide.mcu.externaltools.gnu-tools-for-stm32.13.3.rel1.win32_1.0.0.202411081344/tools/bin/../lib/gcc/arm-none-eabi/13.3.1/../../../../arm-none-eabi/lib/thumb/v7e-m+dp/hard\libc_nano.a(libc_a-memset.o)
 .ARM.attributes
                0x00000555       0x32 C:/ST/STM32CubeIDE_1.16.1/STM32CubeIDE/plugins/com.st.stm32cube.ide.mcu.externaltools.gnu-tools-for-stm32.13.3.rel1.win32_1.0.0.202411081344/tools/bin/../lib/gcc/arm-none-eabi/13.3.1/../../../../arm-none-eabi/lib/thumb/v7e-m+dp/hard\libc_nano.a(libc_a-init.o)
 .ARM.attributes
                0x00000587       0x32 C:/ST/STM32CubeIDE_1.16.1/STM32CubeIDE/plugins/com.st.stm32cube.ide.mcu.externaltools.gnu-tools-for-stm32.13.3.rel1.win32_1.0.0.202411081344/tools/bin/../lib/gcc/arm-none-eabi/13.3.1/../../../../arm-none-eabi/lib/thumb/v7e-m+dp/hard\libc_nano.a(libc_a-memcpy-stub.o)
 .ARM.attributes
                0x000005b9       0x20 C:/ST/STM32CubeIDE_1.16.1/STM32CubeIDE/plugins/com.st.stm32cube.ide.mcu.externaltools.gnu-tools-for-stm32.13.3.rel1.win32_1.0.0.202411081344/tools/bin/../lib/gcc/arm-none-eabi/13.3.1/thumb/v7e-m+dp/hard\libgcc.a(_aeabi_uldivmod.o)
 .ARM.attributes
                0x000005d9       0x32 C:/ST/STM32CubeIDE_1.16.1/STM32CubeIDE/plugins/com.st.stm32cube.ide.mcu.externaltools.gnu-tools-for-stm32.13.3.rel1.win32_1.0.0.202411081344/tools/bin/../lib/gcc/arm-none-eabi/13.3.1/thumb/v7e-m+dp/hard\libgcc.a(_udivmoddi4.o)
 .ARM.attributes
                0x0000060b       0x20 C:/ST/STM32CubeIDE_1.16.1/STM32CubeIDE/plugins/com.st.stm32cube.ide.mcu.externaltools.gnu-tools-for-stm32.13.3.rel1.win32_1.0.0.202411081344/tools/bin/../lib/gcc/arm-none-eabi/13.3.1/thumb/v7e-m+dp/hard\libgcc.a(_dvmd_tls.o)
 .ARM.attributes
                0x0000062b       0x20 C:/ST/STM32CubeIDE_1.16.1/STM32CubeIDE/plugins/com.st.stm32cube.ide.mcu.externaltools.gnu-tools-for-stm32.13.3.rel1.win32_1.0.0.202411081344/tools/bin/../lib/gcc/arm-none-eabi/13.3.1/thumb/v7e-m+dp/hard/crtn.o
OUTPUT(encrypted_usb_drive_final.elf elf32-littlearm)
LOAD linker stubs
LOAD C:/ST/STM32CubeIDE_1.16.1/STM32CubeIDE/plugins/com.st.stm32cube.ide.mcu.externaltools.gnu-tools-for-stm32.13.3.rel1.win32_1.0.0.202411081344/tools/bin/../lib/gcc/arm-none-eabi/13.3.1/../../../../arm-none-eabi/lib/thumb/v7e-m+dp/hard\libc.a
LOAD C:/ST/STM32CubeIDE_1.16.1/STM32CubeIDE/plugins/com.st.stm32cube.ide.mcu.externaltools.gnu-tools-for-stm32.13.3.rel1.win32_1.0.0.202411081344/tools/bin/../lib/gcc/arm-none-eabi/13.3.1/../../../../arm-none-eabi/lib/thumb/v7e-m+dp/hard\libm.a
LOAD C:/ST/STM32CubeIDE_1.16.1/STM32CubeIDE/plugins/com.st.stm32cube.ide.mcu.externaltools.gnu-tools-for-stm32.13.3.rel1.win32_1.0.0.202411081344/tools/bin/../lib/gcc/arm-none-eabi/13.3.1/thumb/v7e-m+dp/hard\libgcc.a

.debug_info     0x00000000    0x2000f
 .debug_info    0x00000000     0x1628 Core\Src\flash.o
 .debug_info    0x00001628      0xb76 Core\Src\lcd.o
 .debug_info    0x0000219e     0x2011 Core\Src\main.o
 .debug_info    0x000041af     0x18de Core\Src\stm32h7xx_hal_msp.o
 .debug_info    0x00005a8d      0x6b2 Core\Src\stm32h7xx_it.o
 .debug_info    0x0000613f      0xd33 Core\Src\system_stm32h7xx.o
 .debug_info    0x00006e72       0x30 Core\Startup\startup_stm32h7a3rgtx.o
 .debug_info    0x00006ea2     0x13f1 Drivers\STM32H7xx_HAL_Driver\Src\stm32h7xx_hal.o
 .debug_info    0x00008293     0x1093 Drivers\STM32H7xx_HAL_Driver\Src\stm32h7xx_hal_cortex.o
 .debug_info    0x00009326      0xb3a Drivers\STM32H7xx_HAL_Driver\Src\stm32h7xx_hal_gpio.o
 .debug_info    0x00009e60     0x1561 Drivers\STM32H7xx_HAL_Driver\Src\stm32h7xx_hal_pcd.o
 .debug_info    0x0000b3c1      0x8b3 Drivers\STM32H7xx_HAL_Driver\Src\stm32h7xx_hal_pcd_ex.o
 .debug_info    0x0000bc74      0xf01 Drivers\STM32H7xx_HAL_Driver\Src\stm32h7xx_hal_pwr_ex.o
 .debug_info    0x0000cb75      0xeb0 Drivers\STM32H7xx_HAL_Driver\Src\stm32h7xx_hal_rcc.o
 .debug_info    0x0000da25     0x120c Drivers\STM32H7xx_HAL_Driver\Src\stm32h7xx_hal_rcc_ex.o
 .debug_info    0x0000ec31     0x144a Drivers\STM32H7xx_HAL_Driver\Src\stm32h7xx_hal_spi.o
 .debug_info    0x0001007b     0x2bae Drivers\STM32H7xx_HAL_Driver\Src\stm32h7xx_hal_tim.o
 .debug_info    0x00012c29     0x18c1 Drivers\STM32H7xx_HAL_Driver\Src\stm32h7xx_hal_tim_ex.o
 .debug_info    0x000144ea     0x4b3c Drivers\STM32H7xx_HAL_Driver\Src\stm32h7xx_hal_uart.o
 .debug_info    0x00019026      0xfbf Drivers\STM32H7xx_HAL_Driver\Src\stm32h7xx_hal_uart_ex.o
 .debug_info    0x00019fe5     0x1a1e Drivers\STM32H7xx_HAL_Driver\Src\stm32h7xx_ll_usb.o
 .debug_info    0x0001ba03      0xe20 Middlewares\ST\STM32_USB_Device_Library\Core\Src\usbd_core.o
 .debug_info    0x0001c823      0xaf9 Middlewares\ST\STM32_USB_Device_Library\Core\Src\usbd_ctlreq.o
 .debug_info    0x0001d31c      0x770 Middlewares\ST\STM32_USB_Device_Library\Core\Src\usbd_ioreq.o
 .debug_info    0x0001da8c     0x2583 USB_DEVICE\Target\usbd_conf.o

.debug_abbrev   0x00000000     0x3dc9
 .debug_abbrev  0x00000000      0x30f Core\Src\flash.o
 .debug_abbrev  0x0000030f      0x1f5 Core\Src\lcd.o
 .debug_abbrev  0x00000504      0x3bc Core\Src\main.o
 .debug_abbrev  0x000008c0      0x28b Core\Src\stm32h7xx_hal_msp.o
 .debug_abbrev  0x00000b4b      0x1a4 Core\Src\stm32h7xx_it.o
 .debug_abbrev  0x00000cef      0x165 Core\Src\system_stm32h7xx.o
 .debug_abbrev  0x00000e54       0x24 Core\Startup\startup_stm32h7a3rgtx.o
 .debug_abbrev  0x00000e78      0x291 Drivers\STM32H7xx_HAL_Driver\Src\stm32h7xx_hal.o
 .debug_abbrev  0x00001109      0x339 Drivers\STM32H7xx_HAL_Driver\Src\stm32h7xx_hal_cortex.o
 .debug_abbrev  0x00001442      0x201 Drivers\STM32H7xx_HAL_Driver\Src\stm32h7xx_hal_gpio.o
 .debug_abbrev  0x00001643      0x2dc Drivers\STM32H7xx_HAL_Driver\Src\stm32h7xx_hal_pcd.o
 .debug_abbrev  0x0000191f      0x256 Drivers\STM32H7xx_HAL_Driver\Src\stm32h7xx_hal_pcd_ex.o
 .debug_abbrev  0x00001b75      0x297 Drivers\STM32H7xx_HAL_Driver\Src\stm32h7xx_hal_pwr_ex.o
 .debug_abbrev  0x00001e0c      0x2c5 Drivers\STM32H7xx_HAL_Driver\Src\stm32h7xx_hal_rcc.o
 .debug_abbrev  0x000020d1      0x27a Drivers\STM32H7xx_HAL_Driver\Src\stm32h7xx_hal_rcc_ex.o
 .debug_abbrev  0x0000234b      0x2b1 Drivers\STM32H7xx_HAL_Driver\Src\stm32h7xx_hal_spi.o
 .debug_abbrev  0x000025fc      0x276 Drivers\STM32H7xx_HAL_Driver\Src\stm32h7xx_hal_tim.o
 .debug_abbrev  0x00002872      0x296 Drivers\STM32H7xx_HAL_Driver\Src\stm32h7xx_hal_tim_ex.o
 .debug_abbrev  0x00002b08      0x34e Drivers\STM32H7xx_HAL_Driver\Src\stm32h7xx_hal_uart.o
 .debug_abbrev  0x00002e56      0x2d2 Drivers\STM32H7xx_HAL_Driver\Src\stm32h7xx_hal_uart_ex.o
 .debug_abbrev  0x00003128      0x2b3 Drivers\STM32H7xx_HAL_Driver\Src\stm32h7xx_ll_usb.o
 .debug_abbrev  0x000033db      0x27c Middlewares\ST\STM32_USB_Device_Library\Core\Src\usbd_core.o
 .debug_abbrev  0x00003657      0x26f Middlewares\ST\STM32_USB_Device_Library\Core\Src\usbd_ctlreq.o
 .debug_abbrev  0x000038c6      0x19a Middlewares\ST\STM32_USB_Device_Library\Core\Src\usbd_ioreq.o
 .debug_abbrev  0x00003a60      0x369 USB_DEVICE\Target\usbd_conf.o

.debug_aranges  0x00000000     0x1918
 .debug_aranges
                0x00000000       0xe0 Core\Src\flash.o
 .debug_aranges
                0x000000e0       0x60 Core\Src\lcd.o
 .debug_aranges
                0x00000140       0x88 Core\Src\main.o
 .debug_aranges
                0x000001c8       0x50 Core\Src\stm32h7xx_hal_msp.o
 .debug_aranges
                0x00000218       0x68 Core\Src\stm32h7xx_it.o
 .debug_aranges
                0x00000280       0x30 Core\Src\system_stm32h7xx.o
 .debug_aranges
                0x000002b0       0x28 Core\Startup\startup_stm32h7a3rgtx.o
 .debug_aranges
                0x000002d8      0x1a0 Drivers\STM32H7xx_HAL_Driver\Src\stm32h7xx_hal.o
 .debug_aranges
                0x00000478      0x130 Drivers\STM32H7xx_HAL_Driver\Src\stm32h7xx_hal_cortex.o
 .debug_aranges
                0x000005a8       0x58 Drivers\STM32H7xx_HAL_Driver\Src\stm32h7xx_hal_gpio.o
 .debug_aranges
                0x00000600      0x140 Drivers\STM32H7xx_HAL_Driver\Src\stm32h7xx_hal_pcd.o
 .debug_aranges
                0x00000740       0x60 Drivers\STM32H7xx_HAL_Driver\Src\stm32h7xx_hal_pcd_ex.o
 .debug_aranges
                0x000007a0      0x188 Drivers\STM32H7xx_HAL_Driver\Src\stm32h7xx_hal_pwr_ex.o
 .debug_aranges
                0x00000928       0x88 Drivers\STM32H7xx_HAL_Driver\Src\stm32h7xx_hal_rcc.o
 .debug_aranges
                0x000009b0       0xf0 Drivers\STM32H7xx_HAL_Driver\Src\stm32h7xx_hal_rcc_ex.o
 .debug_aranges
                0x00000aa0      0x1a8 Drivers\STM32H7xx_HAL_Driver\Src\stm32h7xx_hal_spi.o
 .debug_aranges
                0x00000c48      0x3e0 Drivers\STM32H7xx_HAL_Driver\Src\stm32h7xx_hal_tim.o
 .debug_aranges
                0x00001028      0x198 Drivers\STM32H7xx_HAL_Driver\Src\stm32h7xx_hal_tim_ex.o
 .debug_aranges
                0x000011c0      0x248 Drivers\STM32H7xx_HAL_Driver\Src\stm32h7xx_hal_uart.o
 .debug_aranges
                0x00001408       0xa8 Drivers\STM32H7xx_HAL_Driver\Src\stm32h7xx_hal_uart_ex.o
 .debug_aranges
                0x000014b0      0x1a0 Drivers\STM32H7xx_HAL_Driver\Src\stm32h7xx_ll_usb.o
 .debug_aranges
                0x00001650       0xd8 Middlewares\ST\STM32_USB_Device_Library\Core\Src\usbd_core.o
 .debug_aranges
                0x00001728       0x90 Middlewares\ST\STM32_USB_Device_Library\Core\Src\usbd_ctlreq.o
 .debug_aranges
                0x000017b8       0x50 Middlewares\ST\STM32_USB_Device_Library\Core\Src\usbd_ioreq.o
 .debug_aranges
                0x00001808      0x110 USB_DEVICE\Target\usbd_conf.o

.debug_rnglists
                0x00000000     0x137d
 .debug_rnglists
                0x00000000       0xb3 Core\Src\flash.o
 .debug_rnglists
                0x000000b3       0x43 Core\Src\lcd.o
 .debug_rnglists
                0x000000f6       0x68 Core\Src\main.o
 .debug_rnglists
                0x0000015e       0x39 Core\Src\stm32h7xx_hal_msp.o
 .debug_rnglists
                0x00000197       0x49 Core\Src\stm32h7xx_it.o
 .debug_rnglists
                0x000001e0       0x21 Core\Src\system_stm32h7xx.o
 .debug_rnglists
                0x00000201       0x19 Core\Startup\startup_stm32h7a3rgtx.o
 .debug_rnglists
                0x0000021a      0x137 Drivers\STM32H7xx_HAL_Driver\Src\stm32h7xx_hal.o
 .debug_rnglists
                0x00000351       0xe0 Drivers\STM32H7xx_HAL_Driver\Src\stm32h7xx_hal_cortex.o
 .debug_rnglists
                0x00000431       0x3f Drivers\STM32H7xx_HAL_Driver\Src\stm32h7xx_hal_gpio.o
 .debug_rnglists
                0x00000470       0xf4 Drivers\STM32H7xx_HAL_Driver\Src\stm32h7xx_hal_pcd.o
 .debug_rnglists
                0x00000564       0x45 Drivers\STM32H7xx_HAL_Driver\Src\stm32h7xx_hal_pcd_ex.o
 .debug_rnglists
                0x000005a9      0x126 Drivers\STM32H7xx_HAL_Driver\Src\stm32h7xx_hal_pwr_ex.o
 .debug_rnglists
                0x000006cf       0x68 Drivers\STM32H7xx_HAL_Driver\Src\stm32h7xx_hal_rcc.o
 .debug_rnglists
                0x00000737       0xba Drivers\STM32H7xx_HAL_Driver\Src\stm32h7xx_hal_rcc_ex.o
 .debug_rnglists
                0x000007f1      0x148 Drivers\STM32H7xx_HAL_Driver\Src\stm32h7xx_hal_spi.o
 .debug_rnglists
                0x00000939      0x328 Drivers\STM32H7xx_HAL_Driver\Src\stm32h7xx_hal_tim.o
 .debug_rnglists
                0x00000c61      0x14d Drivers\STM32H7xx_HAL_Driver\Src\stm32h7xx_hal_tim_ex.o
 .debug_rnglists
                0x00000dae      0x1fa Drivers\STM32H7xx_HAL_Driver\Src\stm32h7xx_hal_uart.o
 .debug_rnglists
                0x00000fa8       0x7f Drivers\STM32H7xx_HAL_Driver\Src\stm32h7xx_hal_uart_ex.o
 .debug_rnglists
                0x00001027      0x147 Drivers\STM32H7xx_HAL_Driver\Src\stm32h7xx_ll_usb.o
 .debug_rnglists
                0x0000116e       0xa1 Middlewares\ST\STM32_USB_Device_Library\Core\Src\usbd_core.o
 .debug_rnglists
                0x0000120f       0x6e Middlewares\ST\STM32_USB_Device_Library\Core\Src\usbd_ctlreq.o
 .debug_rnglists
                0x0000127d       0x37 Middlewares\ST\STM32_USB_Device_Library\Core\Src\usbd_ioreq.o
 .debug_rnglists
                0x000012b4       0xc9 USB_DEVICE\Target\usbd_conf.o

.debug_macro    0x00000000     0x5264
 .debug_macro   0x00000000      0x32a Core\Src\flash.o
 .debug_macro   0x0000032a       0x5b Core\Src\flash.o
 .debug_macro   0x00000385       0x94 Core\Src\flash.o
 .debug_macro   0x00000419       0x57 Core\Src\flash.o
 .debug_macro   0x00000470       0x10 Core\Src\flash.o
 .debug_macro   0x00000480       0x3c Core\Src\flash.o
 .debug_macro   0x000004bc       0x20 Core\Src\flash.o
 .debug_macro   0x000004dc      0x2f9 Core\Src\lcd.o
 .debug_macro   0x000007d5       0x10 Core\Src\lcd.o
 .debug_macro   0x000007e5      0x3d9 Core\Src\main.o
 .debug_macro   0x00000bbe       0x1c Core\Src\main.o
 .debug_macro   0x00000bda       0x10 Core\Src\main.o
 .debug_macro   0x00000bea       0x1c Core\Src\main.o
 .debug_macro   0x00000c06       0x16 Core\Src\main.o
 .debug_macro   0x00000c1c      0x146 Core\Src\main.o
 .debug_macro   0x00000d62       0x16 Core\Src\main.o
 .debug_macro   0x00000d78       0x16 Core\Src\main.o
 .debug_macro   0x00000d8e       0x29 Core\Src\main.o
 .debug_macro   0x00000db7       0x16 Core\Src\main.o
 .debug_macro   0x00000dcd       0x6b Core\Src\main.o
 .debug_macro   0x00000e38      0x20f Core\Src\main.o
 .debug_macro   0x00001047       0x16 Core\Src\main.o
 .debug_macro   0x0000105d       0x34 Core\Src\main.o
 .debug_macro   0x00001091      0x2f0 Core\Src\stm32h7xx_hal_msp.o
 .debug_macro   0x00001381      0x2fa Core\Src\stm32h7xx_it.o
 .debug_macro   0x0000167b      0x2e6 Core\Src\system_stm32h7xx.o
 .debug_macro   0x00001961      0x310 Drivers\STM32H7xx_HAL_Driver\Src\stm32h7xx_hal.o
 .debug_macro   0x00001c71      0x2e6 Drivers\STM32H7xx_HAL_Driver\Src\stm32h7xx_hal_cortex.o
 .debug_macro   0x00001f57      0x2ed Drivers\STM32H7xx_HAL_Driver\Src\stm32h7xx_hal_gpio.o
 .debug_macro   0x00002244      0x2f2 Drivers\STM32H7xx_HAL_Driver\Src\stm32h7xx_hal_pcd.o
 .debug_macro   0x00002536      0x2e6 Drivers\STM32H7xx_HAL_Driver\Src\stm32h7xx_hal_pcd_ex.o
 .debug_macro   0x0000281c      0x31f Drivers\STM32H7xx_HAL_Driver\Src\stm32h7xx_hal_pwr_ex.o
 .debug_macro   0x00002b3b      0x30a Drivers\STM32H7xx_HAL_Driver\Src\stm32h7xx_hal_rcc.o
 .debug_macro   0x00002e45      0x304 Drivers\STM32H7xx_HAL_Driver\Src\stm32h7xx_hal_rcc_ex.o
 .debug_macro   0x00003149      0x2ee Drivers\STM32H7xx_HAL_Driver\Src\stm32h7xx_hal_spi.o
 .debug_macro   0x00003437      0x2e7 Drivers\STM32H7xx_HAL_Driver\Src\stm32h7xx_hal_tim.o
 .debug_macro   0x0000371e      0x2ec Drivers\STM32H7xx_HAL_Driver\Src\stm32h7xx_hal_tim_ex.o
 .debug_macro   0x00003a0a      0x311 Drivers\STM32H7xx_HAL_Driver\Src\stm32h7xx_hal_uart.o
 .debug_macro   0x00003d1b      0x2f2 Drivers\STM32H7xx_HAL_Driver\Src\stm32h7xx_hal_uart_ex.o
 .debug_macro   0x0000400d      0x2e6 Drivers\STM32H7xx_HAL_Driver\Src\stm32h7xx_ll_usb.o
 .debug_macro   0x000042f3      0x3ce Middlewares\ST\STM32_USB_Device_Library\Core\Src\usbd_core.o
 .debug_macro   0x000046c1      0x3d8 Middlewares\ST\STM32_USB_Device_Library\Core\Src\usbd_ctlreq.o
 .debug_macro   0x00004a99      0x3d4 Middlewares\ST\STM32_USB_Device_Library\Core\Src\usbd_ioreq.o
 .debug_macro   0x00004e6d      0x3f7 USB_DEVICE\Target\usbd_conf.o

.debug_line     0x00000000    0x20428
 .debug_line    0x00000000     0x124f Core\Src\flash.o
 .debug_line    0x0000124f      0xa49 Core\Src\lcd.o
 .debug_line    0x00001c98      0xe1d Core\Src\main.o
 .debug_line    0x00002ab5      0xa94 Core\Src\stm32h7xx_hal_msp.o
 .debug_line    0x00003549      0xa19 Core\Src\stm32h7xx_it.o
 .debug_line    0x00003f62      0xb46 Core\Src\system_stm32h7xx.o
 .debug_line    0x00004aa8       0x7b Core\Startup\startup_stm32h7a3rgtx.o
 .debug_line    0x00004b23      0xf37 Drivers\STM32H7xx_HAL_Driver\Src\stm32h7xx_hal.o
 .debug_line    0x00005a5a      0xf14 Drivers\STM32H7xx_HAL_Driver\Src\stm32h7xx_hal_cortex.o
 .debug_line    0x0000696e      0xdb3 Drivers\STM32H7xx_HAL_Driver\Src\stm32h7xx_hal_gpio.o
 .debug_line    0x00007721     0x1692 Drivers\STM32H7xx_HAL_Driver\Src\stm32h7xx_hal_pcd.o
 .debug_line    0x00008db3      0xb58 Drivers\STM32H7xx_HAL_Driver\Src\stm32h7xx_hal_pcd_ex.o
 .debug_line    0x0000990b     0x10e7 Drivers\STM32H7xx_HAL_Driver\Src\stm32h7xx_hal_pwr_ex.o
 .debug_line    0x0000a9f2     0x156c Drivers\STM32H7xx_HAL_Driver\Src\stm32h7xx_hal_rcc.o
 .debug_line    0x0000bf5e     0x1dea Drivers\STM32H7xx_HAL_Driver\Src\stm32h7xx_hal_rcc_ex.o
 .debug_line    0x0000dd48     0x22bc Drivers\STM32H7xx_HAL_Driver\Src\stm32h7xx_hal_spi.o
 .debug_line    0x00010004     0x407e Drivers\STM32H7xx_HAL_Driver\Src\stm32h7xx_hal_tim.o
 .debug_line    0x00014082     0x1ee4 Drivers\STM32H7xx_HAL_Driver\Src\stm32h7xx_hal_tim_ex.o
 .debug_line    0x00015f66     0x3a1e Drivers\STM32H7xx_HAL_Driver\Src\stm32h7xx_hal_uart.o
 .debug_line    0x00019984      0xec0 Drivers\STM32H7xx_HAL_Driver\Src\stm32h7xx_hal_uart_ex.o
 .debug_line    0x0001a844     0x1f46 Drivers\STM32H7xx_HAL_Driver\Src\stm32h7xx_ll_usb.o
 .debug_line    0x0001c78a     0x1025 Middlewares\ST\STM32_USB_Device_Library\Core\Src\usbd_core.o
 .debug_line    0x0001d7af     0x121f Middlewares\ST\STM32_USB_Device_Library\Core\Src\usbd_ctlreq.o
 .debug_line    0x0001e9ce      0xb3b Middlewares\ST\STM32_USB_Device_Library\Core\Src\usbd_ioreq.o
 .debug_line    0x0001f509      0xf1f USB_DEVICE\Target\usbd_conf.o

.debug_str      0x00000000   0x14849d
 .debug_str     0x00000000   0x14849d Core\Src\flash.o
                             0x13f631 (size before relaxing)
 .debug_str     0x0014849d   0x13efcf Core\Src\lcd.o
 .debug_str     0x0014849d   0x1410a0 Core\Src\main.o
 .debug_str     0x0014849d   0x13fa18 Core\Src\stm32h7xx_hal_msp.o
 .debug_str     0x0014849d   0x13ecf8 Core\Src\stm32h7xx_it.o
 .debug_str     0x0014849d   0x13ed82 Core\Src\system_stm32h7xx.o
 .debug_str     0x0014849d       0xb6 Core\Startup\startup_stm32h7a3rgtx.o
 .debug_str     0x0014849d   0x13fc16 Drivers\STM32H7xx_HAL_Driver\Src\stm32h7xx_hal.o
 .debug_str     0x0014849d   0x13f65e Drivers\STM32H7xx_HAL_Driver\Src\stm32h7xx_hal_cortex.o
 .debug_str     0x0014849d   0x13ecf3 Drivers\STM32H7xx_HAL_Driver\Src\stm32h7xx_hal_gpio.o
 .debug_str     0x0014849d   0x13f4b9 Drivers\STM32H7xx_HAL_Driver\Src\stm32h7xx_hal_pcd.o
 .debug_str     0x0014849d   0x13ee57 Drivers\STM32H7xx_HAL_Driver\Src\stm32h7xx_hal_pcd_ex.o
 .debug_str     0x0014849d   0x13f278 Drivers\STM32H7xx_HAL_Driver\Src\stm32h7xx_hal_pwr_ex.o
 .debug_str     0x0014849d   0x13f11b Drivers\STM32H7xx_HAL_Driver\Src\stm32h7xx_hal_rcc.o
 .debug_str     0x0014849d   0x13f5b0 Drivers\STM32H7xx_HAL_Driver\Src\stm32h7xx_hal_rcc_ex.o
 .debug_str     0x0014849d   0x13f40d Drivers\STM32H7xx_HAL_Driver\Src\stm32h7xx_hal_spi.o
 .debug_str     0x0014849d   0x13fe88 Drivers\STM32H7xx_HAL_Driver\Src\stm32h7xx_hal_tim.o
 .debug_str     0x0014849d   0x13f835 Drivers\STM32H7xx_HAL_Driver\Src\stm32h7xx_hal_tim_ex.o
 .debug_str     0x0014849d   0x13fc4b Drivers\STM32H7xx_HAL_Driver\Src\stm32h7xx_hal_uart.o
 .debug_str     0x0014849d   0x13f1ea Drivers\STM32H7xx_HAL_Driver\Src\stm32h7xx_hal_uart_ex.o
 .debug_str     0x0014849d   0x13f3b3 Drivers\STM32H7xx_HAL_Driver\Src\stm32h7xx_ll_usb.o
 .debug_str     0x0014849d   0x140226 Middlewares\ST\STM32_USB_Device_Library\Core\Src\usbd_core.o
 .debug_str     0x0014849d   0x140051 Middlewares\ST\STM32_USB_Device_Library\Core\Src\usbd_ctlreq.o
 .debug_str     0x0014849d   0x13ff26 Middlewares\ST\STM32_USB_Device_Library\Core\Src\usbd_ioreq.o
 .debug_str     0x0014849d   0x141eca USB_DEVICE\Target\usbd_conf.o

.comment        0x00000000       0x43
 .comment       0x00000000       0x43 Core\Src\flash.o
                                 0x44 (size before relaxing)
 .comment       0x00000043       0x44 Core\Src\lcd.o
 .comment       0x00000043       0x44 Core\Src\main.o
 .comment       0x00000043       0x44 Core\Src\stm32h7xx_hal_msp.o
 .comment       0x00000043       0x44 Core\Src\stm32h7xx_it.o
 .comment       0x00000043       0x44 Core\Src\system_stm32h7xx.o
 .comment       0x00000043       0x44 Drivers\STM32H7xx_HAL_Driver\Src\stm32h7xx_hal.o
 .comment       0x00000043       0x44 Drivers\STM32H7xx_HAL_Driver\Src\stm32h7xx_hal_cortex.o
 .comment       0x00000043       0x44 Drivers\STM32H7xx_HAL_Driver\Src\stm32h7xx_hal_gpio.o
 .comment       0x00000043       0x44 Drivers\STM32H7xx_HAL_Driver\Src\stm32h7xx_hal_pcd.o
 .comment       0x00000043       0x44 Drivers\STM32H7xx_HAL_Driver\Src\stm32h7xx_hal_pcd_ex.o
 .comment       0x00000043       0x44 Drivers\STM32H7xx_HAL_Driver\Src\stm32h7xx_hal_pwr_ex.o
 .comment       0x00000043       0x44 Drivers\STM32H7xx_HAL_Driver\Src\stm32h7xx_hal_rcc.o
 .comment       0x00000043       0x44 Drivers\STM32H7xx_HAL_Driver\Src\stm32h7xx_hal_rcc_ex.o
 .comment       0x00000043       0x44 Drivers\STM32H7xx_HAL_Driver\Src\stm32h7xx_hal_spi.o
 .comment       0x00000043       0x44 Drivers\STM32H7xx_HAL_Driver\Src\stm32h7xx_hal_tim.o
 .comment       0x00000043       0x44 Drivers\STM32H7xx_HAL_Driver\Src\stm32h7xx_hal_tim_ex.o
 .comment       0x00000043       0x44 Drivers\STM32H7xx_HAL_Driver\Src\stm32h7xx_hal_uart.o
 .comment       0x00000043       0x44 Drivers\STM32H7xx_HAL_Driver\Src\stm32h7xx_hal_uart_ex.o
 .comment       0x00000043       0x44 Drivers\STM32H7xx_HAL_Driver\Src\stm32h7xx_ll_usb.o
 .comment       0x00000043       0x44 Middlewares\ST\STM32_USB_Device_Library\Core\Src\usbd_core.o
 .comment       0x00000043       0x44 Middlewares\ST\STM32_USB_Device_Library\Core\Src\usbd_ctlreq.o
 .comment       0x00000043       0x44 Middlewares\ST\STM32_USB_Device_Library\Core\Src\usbd_ioreq.o
 .comment       0x00000043       0x44 USB_DEVICE\Target\usbd_conf.o

.debug_frame    0x00000000     0x6c1c
 .debug_frame   0x00000000      0x3b8 Core\Src\flash.o
 .debug_frame   0x000003b8      0x160 Core\Src\lcd.o
 .debug_frame   0x00000518      0x1dc Core\Src\main.o
 .debug_frame   0x000006f4      0x120 Core\Src\stm32h7xx_hal_msp.o
 .debug_frame   0x00000814      0x120 Core\Src\stm32h7xx_it.o
 .debug_frame   0x00000934       0x78 Core\Src\system_stm32h7xx.o
 .debug_frame   0x000009ac      0x6a8 Drivers\STM32H7xx_HAL_Driver\Src\stm32h7xx_hal.o
 .debug_frame   0x00001054      0x508 Drivers\STM32H7xx_HAL_Driver\Src\stm32h7xx_hal_cortex.o
 .debug_frame   0x0000155c      0x14c Drivers\STM32H7xx_HAL_Driver\Src\stm32h7xx_hal_gpio.o
 .debug_frame   0x000016a8      0x590 Drivers\STM32H7xx_HAL_Driver\Src\stm32h7xx_hal_pcd.o
 .debug_frame   0x00001c38      0x174 Drivers\STM32H7xx_HAL_Driver\Src\stm32h7xx_hal_pcd_ex.o
 .debug_frame   0x00001dac      0x660 Drivers\STM32H7xx_HAL_Driver\Src\stm32h7xx_hal_pwr_ex.o
 .debug_frame   0x0000240c      0x1fc Drivers\STM32H7xx_HAL_Driver\Src\stm32h7xx_hal_rcc.o
 .debug_frame   0x00002608      0x3ec Drivers\STM32H7xx_HAL_Driver\Src\stm32h7xx_hal_rcc_ex.o
 .debug_frame   0x000029f4      0x7a8 Drivers\STM32H7xx_HAL_Driver\Src\stm32h7xx_hal_spi.o
 .debug_frame   0x0000319c     0x121c Drivers\STM32H7xx_HAL_Driver\Src\stm32h7xx_hal_tim.o
 .debug_frame   0x000043b8      0x724 Drivers\STM32H7xx_HAL_Driver\Src\stm32h7xx_hal_tim_ex.o
 .debug_frame   0x00004adc      0xa94 Drivers\STM32H7xx_HAL_Driver\Src\stm32h7xx_hal_uart.o
 .debug_frame   0x00005570      0x2c0 Drivers\STM32H7xx_HAL_Driver\Src\stm32h7xx_hal_uart_ex.o
 .debug_frame   0x00005830      0x7c0 Drivers\STM32H7xx_HAL_Driver\Src\stm32h7xx_ll_usb.o
 .debug_frame   0x00005ff0      0x390 Middlewares\ST\STM32_USB_Device_Library\Core\Src\usbd_core.o
 .debug_frame   0x00006380      0x23c Middlewares\ST\STM32_USB_Device_Library\Core\Src\usbd_ctlreq.o
 .debug_frame   0x000065bc      0x10c Middlewares\ST\STM32_USB_Device_Library\Core\Src\usbd_ioreq.o
 .debug_frame   0x000066c8      0x480 USB_DEVICE\Target\usbd_conf.o
 .debug_frame   0x00006b48       0x20 C:/ST/STM32CubeIDE_1.16.1/STM32CubeIDE/plugins/com.st.stm32cube.ide.mcu.externaltools.gnu-tools-for-stm32.13.3.rel1.win32_1.0.0.202411081344/tools/bin/../lib/gcc/arm-none-eabi/13.3.1/../../../../arm-none-eabi/lib/thumb/v7e-m+dp/hard\libc_nano.a(libc_a-memset.o)
 .debug_frame   0x00006b68       0x2c C:/ST/STM32CubeIDE_1.16.1/STM32CubeIDE/plugins/com.st.stm32cube.ide.mcu.externaltools.gnu-tools-for-stm32.13.3.rel1.win32_1.0.0.202411081344/tools/bin/../lib/gcc/arm-none-eabi/13.3.1/../../../../arm-none-eabi/lib/thumb/v7e-m+dp/hard\libc_nano.a(libc_a-init.o)
 .debug_frame   0x00006b94       0x28 C:/ST/STM32CubeIDE_1.16.1/STM32CubeIDE/plugins/com.st.stm32cube.ide.mcu.externaltools.gnu-tools-for-stm32.13.3.rel1.win32_1.0.0.202411081344/tools/bin/../lib/gcc/arm-none-eabi/13.3.1/../../../../arm-none-eabi/lib/thumb/v7e-m+dp/hard\libc_nano.a(libc_a-memcpy-stub.o)
 .debug_frame   0x00006bbc       0x2c C:/ST/STM32CubeIDE_1.16.1/STM32CubeIDE/plugins/com.st.stm32cube.ide.mcu.externaltools.gnu-tools-for-stm32.13.3.rel1.win32_1.0.0.202411081344/tools/bin/../lib/gcc/arm-none-eabi/13.3.1/thumb/v7e-m+dp/hard\libgcc.a(_aeabi_uldivmod.o)
 .debug_frame   0x00006be8       0x34 C:/ST/STM32CubeIDE_1.16.1/STM32CubeIDE/plugins/com.st.stm32cube.ide.mcu.externaltools.gnu-tools-for-stm32.13.3.rel1.win32_1.0.0.202411081344/tools/bin/../lib/gcc/arm-none-eabi/13.3.1/thumb/v7e-m+dp/hard\libgcc.a(_udivmoddi4.o)

.debug_line_str
                0x00000000       0x9a
 .debug_line_str
                0x00000000       0x9a Core\Startup\startup_stm32h7a3rgtx.o
