..\Core\Src\flash.c:44:6:flash_init	16	static
..\Core\Src\flash.c:55:5:flash_read	32800	static
..\Core\Src\flash.c:68:5:flash_write	67624	static
..\Core\Src\flash.c:91:14:check_pointers	4	static
..\Core\Src\flash.c:99:5:check_busy	16	static
..\Core\Src\flash.c:118:6:set_flash_chip_num	16	static
..\Core\Src\flash.c:121:6:set_flash_freeze	16	static
..\Core\Src\flash.c:129:5:get_flash_chip_num	4	static
..\Core\Src\flash.c:132:5:get_flash_freeze	4	static
..\Core\Src\flash.c:135:5:get_flash_busy	4	static
..\Core\Src\flash.c:145:14:reset_ic	32	static
..\Core\Src\flash.c:166:14:flash_page_read	32	static
..\Core\Src\flash.c:200:14:flash_data_read	63552	static
..\Core\Src\flash.c:249:14:flash_data_write	40	static
..\Core\Src\flash.c:302:14:flash_page_write	40	static
..\Core\Src\flash.c:346:14:flash_block_erase	40	static
..\Core\Src\flash.c:390:14:flash_read_status_register	40	static
..\Core\Src\flash.c:430:14:flash_write_status_register	32	static
..\Core\Src\flash.c:467:14:flash_ecc_failure_address	40	static
..\Core\Src\flash.c:493:14:flash_remap_bad_block	40	static
..\Core\Src\flash.c:539:14:flash_read_bad_block_LUT	120	static
..\Core\Src\flash.c:563:14:pin_setup	32	static
..\Core\Src\flash.c:627:14:flash_read_jedec_id	48	static
