..\Core\Src\flash.c:44:6:flash_init	16	static
..\Core\Src\flash.c:55:5:flash_read	32800	static
..\Core\Src\flash.c:69:5:flash_write	67624	static
..\Core\Src\flash.c:100:14:check_pointers	4	static
..\Core\Src\flash.c:108:5:check_busy	16	static
..\Core\Src\flash.c:127:6:set_flash_chip_num	16	static
..\Core\Src\flash.c:130:6:set_flash_freeze	16	static
..\Core\Src\flash.c:138:5:get_flash_chip_num	4	static
..\Core\Src\flash.c:141:5:get_flash_freeze	4	static
..\Core\Src\flash.c:144:5:get_flash_busy	4	static
..\Core\Src\flash.c:154:14:reset_ic	32	static
..\Core\Src\flash.c:175:14:flash_page_read	32	static
..\Core\Src\flash.c:209:14:flash_data_read	63552	static
..\Core\Src\flash.c:258:14:flash_data_write	40	static
..\Core\Src\flash.c:311:14:flash_page_write	40	static
..\Core\Src\flash.c:355:14:flash_block_erase	40	static
..\Core\Src\flash.c:399:14:flash_read_status_register	40	static
..\Core\Src\flash.c:439:14:flash_write_status_register	32	static
..\Core\Src\flash.c:476:14:flash_ecc_failure_address	40	static
..\Core\Src\flash.c:502:14:flash_remap_bad_block	40	static
..\Core\Src\flash.c:548:14:flash_read_bad_block_LUT	120	static
..\Core\Src\flash.c:572:14:pin_setup	32	static
..\Core\Src\flash.c:636:14:flash_read_jedec_id	48	static
