..\Core\Src\flash.c:44:6:flash_init	16	static
..\Core\Src\flash.c:55:5:flash_read	63544	static
..\Core\Src\flash.c:128:5:flash_write	2088	static
..\Core\Src\flash.c:180:14:check_pointers	4	static
..\Core\Src\flash.c:188:5:check_busy	16	static
..\Core\Src\flash.c:207:6:set_flash_chip_num	16	static
..\Core\Src\flash.c:210:6:set_flash_freeze	16	static
..\Core\Src\flash.c:218:5:get_flash_chip_num	4	static
..\Core\Src\flash.c:221:5:get_flash_freeze	4	static
..\Core\Src\flash.c:224:5:get_flash_busy	4	static
..\Core\Src\flash.c:234:14:reset_ic	32	static
..\Core\Src\flash.c:255:14:flash_page_read	32	static
..\Core\Src\flash.c:289:14:flash_data_read	63552	static
..\Core\Src\flash.c:338:14:flash_data_write	40	static
..\Core\Src\flash.c:391:14:flash_page_write	40	static
..\Core\Src\flash.c:435:14:flash_block_erase	40	static
..\Core\Src\flash.c:479:14:flash_read_status_register	40	static
..\Core\Src\flash.c:519:14:flash_write_status_register	32	static
..\Core\Src\flash.c:556:14:flash_ecc_failure_address	40	static
..\Core\Src\flash.c:582:14:flash_remap_bad_block	40	static
..\Core\Src\flash.c:628:14:flash_read_bad_block_LUT	120	static
..\Core\Src\flash.c:652:14:pin_setup	32	static
..\Core\Src\flash.c:716:14:flash_read_jedec_id	48	static
