..\Core\Src\main.c:140:5:main	88	static
..\Core\Src\main.c:411:6:SystemClock_Config	120	static
..\Core\Src\main.c:475:13:MX_SPI1_Init	8	static
..\Core\Src\main.c:523:13:MX_SPI2_Init	8	static
..\Core\Src\main.c:571:13:MX_TIM7_Init	24	static
..\Core\Src\main.c:609:13:MX_UART4_Init	8	static
..\Core\Src\main.c:657:13:MX_GPIO_Init	48	static
..\Core\Src\main.c:737:6:load_users_from_flash	16	static
..\Core\Src\main.c:748:6:save_users_to_flash	80	static
..\Core\Src\main.c:781:6:switch_to_usersel	8	static
..\Core\Src\main.c:795:6:switch_to_recvpass	8	static
..\Core\Src\main.c:807:6:switch_to_password	8	static
..\Core\Src\main.c:817:6:switch_to_fingerprint	8	static
..\Core\Src\main.c:827:6:switch_to_unlocked	8	static
..\Core\Src\main.c:839:6:switch_to_chgprint	8	static
..\Core\Src\main.c:850:6:switch_to_chgpin	8	static
..\Core\Src\main.c:862:6:switch_to_locking	8	static
..\Core\Src\main.c:874:6:Write_Pin	24	static
..\Core\Src\main.c:885:5:Read_Pin	24	static
..\Core\Src\main.c:896:6:Init_Pin	8	static
..\Core\Src\main.c:916:6:MPU_Config	24	static
..\Core\Src\main.c:947:6:Error_Handler	4	static,ignoring_inline_asm
