..\Core\Src\main.c:112:5:main	72064	static
..\Core\Src\main.c:190:6:SystemClock_Config	120	static
..\Core\Src\main.c:254:13:MX_SPI1_Init	8	static
..\Core\Src\main.c:302:13:MX_SPI2_Init	8	static
..\Core\Src\main.c:350:13:MX_TIM7_Init	24	static
..\Core\Src\main.c:388:13:MX_UART4_Init	8	static
..\Core\Src\main.c:436:13:MX_GPIO_Init	48	static
..\Core\Src\main.c:509:6:Write_Pin	24	static
..\Core\Src\main.c:519:5:Read_Pin	24	static
..\Core\Src\main.c:530:6:init_pin	8	static
..\Core\Src\main.c:554:6:MPU_Config	24	static
..\Core\Src\main.c:585:6:Error_Handler	4	static,ignoring_inline_asm
