..\Core\Src\main.c:129:5:main	88	static
..\Core\Src\main.c:418:6:SystemClock_Config	120	static
..\Core\Src\main.c:482:13:MX_SPI1_Init	8	static
..\Core\Src\main.c:530:13:MX_SPI2_Init	8	static
..\Core\Src\main.c:578:13:MX_TIM7_Init	24	static
..\Core\Src\main.c:616:13:MX_UART4_Init	8	static
..\Core\Src\main.c:664:13:MX_GPIO_Init	48	static
..\Core\Src\main.c:740:6:Write_Pin	24	static
..\Core\Src\main.c:751:5:Read_Pin	24	static
..\Core\Src\main.c:762:6:Init_Pin	8	static
..\Core\Src\main.c:786:6:MPU_Config	24	static
..\Core\Src\main.c:817:6:Error_Handler	4	static,ignoring_inline_asm
