..\Core\Src\main.c:128:5:main	8	static
..\Core\Src\main.c:339:6:SystemClock_Config	120	static
..\Core\Src\main.c:403:13:MX_SPI1_Init	8	static
..\Core\Src\main.c:451:13:MX_SPI2_Init	8	static
..\Core\Src\main.c:499:13:MX_TIM7_Init	24	static
..\Core\Src\main.c:537:13:MX_UART4_Init	8	static
..\Core\Src\main.c:585:13:MX_GPIO_Init	48	static
..\Core\Src\main.c:661:6:Write_Pin	24	static
..\Core\Src\main.c:672:5:Read_Pin	24	static
..\Core\Src\main.c:683:6:Init_Pin	8	static
..\Core\Src\main.c:707:6:MPU_Config	24	static
..\Core\Src\main.c:738:6:Error_Handler	4	static,ignoring_inline_asm
