..\Core\Src\main.c:109:5:main	6024	static
..\Core\Src\main.c:178:6:SystemClock_Config	120	static
..\Core\Src\main.c:242:13:MX_SPI1_Init	8	static
..\Core\Src\main.c:290:13:MX_SPI2_Init	8	static
..\Core\Src\main.c:338:13:MX_TIM7_Init	24	static
..\Core\Src\main.c:376:13:MX_UART4_Init	8	static
..\Core\Src\main.c:424:13:MX_GPIO_Init	48	static
..\Core\Src\main.c:497:6:Write_Pin	24	static
..\Core\Src\main.c:509:6:Init_Pin	8	static
..\Core\Src\main.c:533:6:MPU_Config	24	static
..\Core\Src\main.c:564:6:Error_Handler	4	static,ignoring_inline_asm
