..\Core\Src\main.c:139:5:main	80	static
..\Core\Src\main.c:390:6:SystemClock_Config	120	static
..\Core\Src\main.c:454:13:MX_SPI1_Init	8	static
..\Core\Src\main.c:502:13:MX_SPI2_Init	8	static
..\Core\Src\main.c:550:13:MX_TIM7_Init	24	static
..\Core\Src\main.c:588:13:MX_UART4_Init	8	static
..\Core\Src\main.c:636:13:MX_GPIO_Init	48	static
..\Core\Src\main.c:716:6:load_users_from_flash	16	static
..\Core\Src\main.c:727:6:save_users_to_flash	80	static
..\Core\Src\main.c:760:6:switch_to_usersel	8	static
..\Core\Src\main.c:774:6:switch_to_recvpass	8	static
..\Core\Src\main.c:786:6:switch_to_password	8	static
..\Core\Src\main.c:796:6:switch_to_fingerprint	8	static
..\Core\Src\main.c:806:6:switch_to_unlocked	8	static
..\Core\Src\main.c:818:6:switch_to_chgprint	8	static
..\Core\Src\main.c:829:6:switch_to_chgpin	8	static
..\Core\Src\main.c:841:6:switch_to_locking	8	static
..\Core\Src\main.c:853:6:Write_Pin	24	static
..\Core\Src\main.c:864:5:Read_Pin	24	static
..\Core\Src\main.c:875:6:Init_Pin	8	static
..\Core\Src\main.c:899:6:MPU_Config	24	static
..\Core\Src\main.c:930:6:Error_Handler	4	static,ignoring_inline_asm
