..\Core\Src\main.c:109:5:main	8	static
..\Core\Src\main.c:173:6:SystemClock_Config	120	static
..\Core\Src\main.c:237:13:MX_SPI1_Init	8	static
..\Core\Src\main.c:285:13:MX_SPI2_Init	8	static
..\Core\Src\main.c:333:13:MX_TIM7_Init	24	static
..\Core\Src\main.c:371:13:MX_UART4_Init	8	static
..\Core\Src\main.c:419:13:MX_GPIO_Init	48	static
..\Core\Src\main.c:492:6:Write_Pin	24	static
..\Core\Src\main.c:504:6:Init_Pin	8	static
..\Core\Src\main.c:528:6:MPU_Config	24	static
..\Core\Src\main.c:559:6:Error_Handler	4	static,ignoring_inline_asm
