..\Core\Src\main.c:112:5:main	6024	static
..\Core\Src\main.c:181:6:SystemClock_Config	120	static
..\Core\Src\main.c:245:13:MX_SPI1_Init	8	static
..\Core\Src\main.c:293:13:MX_SPI2_Init	8	static
..\Core\Src\main.c:341:13:MX_TIM7_Init	24	static
..\Core\Src\main.c:379:13:MX_UART4_Init	8	static
..\Core\Src\main.c:427:13:MX_GPIO_Init	48	static
..\Core\Src\main.c:500:6:Write_Pin	24	static
..\Core\Src\main.c:512:6:Init_Pin	8	static
..\Core\Src\main.c:536:6:MPU_Config	24	static
..\Core\Src\main.c:567:6:Error_Handler	4	static,ignoring_inline_asm
