..\Core\Src\main.c:112:5:main	70024	static
..\Core\Src\main.c:189:6:SystemClock_Config	120	static
..\Core\Src\main.c:253:13:MX_SPI1_Init	8	static
..\Core\Src\main.c:301:13:MX_SPI2_Init	8	static
..\Core\Src\main.c:349:13:MX_TIM7_Init	24	static
..\Core\Src\main.c:387:13:MX_UART4_Init	8	static
..\Core\Src\main.c:435:13:MX_GPIO_Init	48	static
..\Core\Src\main.c:508:6:Write_Pin	24	static
..\Core\Src\main.c:520:6:init_pin	8	static
..\Core\Src\main.c:544:6:MPU_Config	24	static
..\Core\Src\main.c:575:6:Error_Handler	4	static,ignoring_inline_asm
