..\Core\Src\main.c:129:5:main	120	static
..\Core\Src\main.c:431:6:SystemClock_Config	120	static
..\Core\Src\main.c:495:13:MX_SPI1_Init	8	static
..\Core\Src\main.c:543:13:MX_SPI2_Init	8	static
..\Core\Src\main.c:591:13:MX_TIM7_Init	24	static
..\Core\Src\main.c:629:13:MX_UART4_Init	8	static
..\Core\Src\main.c:677:13:MX_GPIO_Init	48	static
..\Core\Src\main.c:753:6:Write_Pin	24	static
..\Core\Src\main.c:764:5:Read_Pin	24	static
..\Core\Src\main.c:775:6:Init_Pin	8	static
..\Core\Src\main.c:799:6:MPU_Config	24	static
..\Core\Src\main.c:830:6:Error_Handler	4	static,ignoring_inline_asm
